
Merging program properties

Removed property 0xc0000002 to merge obj/kern/init.o (0x3) and obj/kern/bootstrap.o (not found)
Removed property 0xc0000002 to merge obj/kern/init.o (not found) and obj/kern/console.o (0x3)
Removed property 0xc0000002 to merge obj/kern/init.o (not found) and obj/kern/monitor.o (0x3)
Removed property 0xc0000002 to merge obj/kern/init.o (not found) and obj/kern/pmap.o (0x3)
Removed property 0xc0000002 to merge obj/kern/init.o (not found) and obj/kern/env.o (0x3)
Removed property 0xc0000002 to merge obj/kern/init.o (not found) and obj/kern/kclock.o (0x3)
Removed property 0xc0000002 to merge obj/kern/init.o (not found) and obj/kern/picirq.o (0x3)
Removed property 0xc0000002 to merge obj/kern/init.o (not found) and obj/kern/printf.o (0x3)
Removed property 0xc0000002 to merge obj/kern/init.o (not found) and obj/kern/trap.o (0x3)
Removed property 0xc0000002 to merge obj/kern/init.o (not found) and obj/kern/sched.o (0x3)
Removed property 0xc0000002 to merge obj/kern/init.o (not found) and obj/kern/syscall.o (0x3)
Removed property 0xc0000002 to merge obj/kern/init.o (not found) and obj/kern/kdebug.o (0x3)
Removed property 0xc0000002 to merge obj/kern/init.o (not found) and obj/kern/printfmt.o (0x3)
Removed property 0xc0000002 to merge obj/kern/init.o (not found) and obj/kern/readline.o (0x3)
Removed property 0xc0000002 to merge obj/kern/init.o (not found) and obj/kern/string.o (0x3)
Removed property 0xc0000002 to merge obj/kern/init.o (not found) and obj/kern/libdwarf_rw.o (0x3)
Removed property 0xc0000002 to merge obj/kern/init.o (not found) and obj/kern/libdwarf_frame.o (0x3)
Removed property 0xc0000002 to merge obj/kern/init.o (not found) and obj/kern/libdwarf_lineno.o (0x3)
Removed property 0xc0000002 to merge obj/kern/init.o (not found) and obj/kern/elf_rw.o (0x3)
Removed property 0xc0000002 to merge obj/kern/init.o (not found) and obj/kern/mpconfig.o (0x3)
Removed property 0xc0000002 to merge obj/kern/init.o (not found) and obj/kern/lapic.o (0x3)
Removed property 0xc0000002 to merge obj/kern/init.o (not found) and obj/kern/spinlock.o (0x3)

Allocating common symbols
Common symbol       size              file

global_rules_shadow
                    0x630             obj/kern/libdwarf_frame.o
ismp                0x4               obj/kern/mpconfig.o
lapicaddr           0x8               obj/kern/lapic.o
end_debug           0x8               obj/kern/init.o
mydebug             0x58              obj/kern/kdebug.o
panicstr            0x8               obj/kern/init.o
boot_cr3            0x8               obj/kern/pmap.o
mpentry_kstack      0x8               obj/kern/init.o
cpus                0x3c0             obj/kern/mpconfig.o
global_std_op       0x200             obj/kern/libdwarf_lineno.o
lapic               0x8               obj/kern/lapic.o
bootcpu             0x8               obj/kern/mpconfig.o
global_rules        0x630             obj/kern/libdwarf_frame.o
boot_pml4e          0x8               obj/kern/pmap.o
ncpu                0x4               obj/kern/mpconfig.o
npages              0x8               obj/kern/pmap.o
pages               0x8               obj/kern/pmap.o
percpu_kstacks      0x80000           obj/kern/mpconfig.o

Discarded input sections

 .note.GNU-stack
                0x0000000000000000        0x0 obj/kern/init.o
 .note.gnu.property
                0x0000000000000000       0x20 obj/kern/init.o
 .eh_frame      0x0000000000000000       0xd0 obj/kern/init.o
 .note.GNU-stack
                0x0000000000000000        0x0 obj/kern/console.o
 .note.gnu.property
                0x0000000000000000       0x20 obj/kern/console.o
 .eh_frame      0x0000000000000000      0x258 obj/kern/console.o
 .note.GNU-stack
                0x0000000000000000        0x0 obj/kern/monitor.o
 .note.gnu.property
                0x0000000000000000       0x20 obj/kern/monitor.o
 .eh_frame      0x0000000000000000       0xb8 obj/kern/monitor.o
 .note.GNU-stack
                0x0000000000000000        0x0 obj/kern/pmap.o
 .note.gnu.property
                0x0000000000000000       0x20 obj/kern/pmap.o
 .eh_frame      0x0000000000000000      0x3e8 obj/kern/pmap.o
 .note.GNU-stack
                0x0000000000000000        0x0 obj/kern/env.o
 .note.gnu.property
                0x0000000000000000       0x20 obj/kern/env.o
 .eh_frame      0x0000000000000000      0x230 obj/kern/env.o
 .note.GNU-stack
                0x0000000000000000        0x0 obj/kern/kclock.o
 .note.gnu.property
                0x0000000000000000       0x20 obj/kern/kclock.o
 .eh_frame      0x0000000000000000       0x58 obj/kern/kclock.o
 .note.GNU-stack
                0x0000000000000000        0x0 obj/kern/picirq.o
 .note.gnu.property
                0x0000000000000000       0x20 obj/kern/picirq.o
 .eh_frame      0x0000000000000000       0x58 obj/kern/picirq.o
 .note.GNU-stack
                0x0000000000000000        0x0 obj/kern/printf.o
 .note.gnu.property
                0x0000000000000000       0x20 obj/kern/printf.o
 .eh_frame      0x0000000000000000       0x78 obj/kern/printf.o
 .note.GNU-stack
                0x0000000000000000        0x0 obj/kern/trap.o
 .note.gnu.property
                0x0000000000000000       0x20 obj/kern/trap.o
 .eh_frame      0x0000000000000000      0x168 obj/kern/trap.o
 .note.GNU-stack
                0x0000000000000000        0x0 obj/kern/sched.o
 .note.gnu.property
                0x0000000000000000       0x20 obj/kern/sched.o
 .eh_frame      0x0000000000000000       0x98 obj/kern/sched.o
 .note.GNU-stack
                0x0000000000000000        0x0 obj/kern/syscall.o
 .note.gnu.property
                0x0000000000000000       0x20 obj/kern/syscall.o
 .eh_frame      0x0000000000000000      0x228 obj/kern/syscall.o
 .note.GNU-stack
                0x0000000000000000        0x0 obj/kern/kdebug.o
 .note.gnu.property
                0x0000000000000000       0x20 obj/kern/kdebug.o
 .eh_frame      0x0000000000000000       0x58 obj/kern/kdebug.o
 .note.GNU-stack
                0x0000000000000000        0x0 obj/kern/printfmt.o
 .note.gnu.property
                0x0000000000000000       0x20 obj/kern/printfmt.o
 .eh_frame      0x0000000000000000      0x128 obj/kern/printfmt.o
 .note.GNU-stack
                0x0000000000000000        0x0 obj/kern/readline.o
 .note.gnu.property
                0x0000000000000000       0x20 obj/kern/readline.o
 .eh_frame      0x0000000000000000       0x38 obj/kern/readline.o
 .note.GNU-stack
                0x0000000000000000        0x0 obj/kern/string.o
 .note.gnu.property
                0x0000000000000000       0x20 obj/kern/string.o
 .eh_frame      0x0000000000000000      0x238 obj/kern/string.o
 .note.GNU-stack
                0x0000000000000000        0x0 obj/kern/libdwarf_rw.o
 .note.gnu.property
                0x0000000000000000       0x20 obj/kern/libdwarf_rw.o
 .eh_frame      0x0000000000000000      0x320 obj/kern/libdwarf_rw.o
 .note.GNU-stack
                0x0000000000000000        0x0 obj/kern/libdwarf_frame.o
 .note.gnu.property
                0x0000000000000000       0x20 obj/kern/libdwarf_frame.o
 .eh_frame      0x0000000000000000      0x200 obj/kern/libdwarf_frame.o
 .note.GNU-stack
                0x0000000000000000        0x0 obj/kern/libdwarf_lineno.o
 .note.gnu.property
                0x0000000000000000       0x20 obj/kern/libdwarf_lineno.o
 .eh_frame      0x0000000000000000       0xa0 obj/kern/libdwarf_lineno.o
 .note.GNU-stack
                0x0000000000000000        0x0 obj/kern/elf_rw.o
 .note.gnu.property
                0x0000000000000000       0x20 obj/kern/elf_rw.o
 .eh_frame      0x0000000000000000       0xd8 obj/kern/elf_rw.o
 .note.GNU-stack
                0x0000000000000000        0x0 obj/kern/mpconfig.o
 .note.gnu.property
                0x0000000000000000       0x20 obj/kern/mpconfig.o
 .eh_frame      0x0000000000000000       0xb8 obj/kern/mpconfig.o
 .note.GNU-stack
                0x0000000000000000        0x0 obj/kern/lapic.o
 .note.gnu.property
                0x0000000000000000       0x20 obj/kern/lapic.o
 .eh_frame      0x0000000000000000       0xf8 obj/kern/lapic.o
 .note.GNU-stack
                0x0000000000000000        0x0 obj/kern/spinlock.o
 .note.gnu.property
                0x0000000000000000       0x20 obj/kern/spinlock.o
 .eh_frame      0x0000000000000000       0xf0 obj/kern/spinlock.o

Memory Configuration

Name             Origin             Length             Attributes
*default*        0x0000000000000000 0xffffffffffffffff

Linker script and memory map

                0x0000000000100000                . = 0x100000

.bootstrap      0x0000000000100000     0x7004
 obj/kern/bootstrap.o(.text .data .bss)
 .text          0x0000000000100000      0x110 obj/kern/bootstrap.o
                0x0000000000100000                entry
                0x00000000001000e0                jumpto_longmode
 *fill*         0x0000000000100110      0xef0 
 .data          0x0000000000101000     0x6004 obj/kern/bootstrap.o
                0x0000000000102000                pml4virt
                0x0000000000107000                multiboot_info
 .bss           0x0000000000107004        0x0 obj/kern/bootstrap.o
                0x0000008004200000                . = 0x8004200000

.text           0x0000008004200000    0x17239 load address 0x0000000000200000
 *(EXCLUDE_FILE(obj/kern/bootstrap.o) .text .stub .text.* .gnu.linkonce.t.*)
 .text          0x0000008004200000       0x58 obj/kern/entry.o
                0x000000800420000c                _bootstrap
                0x000000000020000c                _start
 .text          0x0000008004200058      0x563 obj/kern/init.o
                0x00000080042000a2                i386_init
                0x00000080042003be                mp_main
                0x000000800420048a                _panic
 .text          0x00000080042005bb      0xb6e obj/kern/console.o
                0x0000008004200654                serial_intr
                0x0000008004200eb3                kbd_intr
                0x0000008004200f6e                cons_getc
                0x000000800420106b                cons_init
                0x00000080042010c9                cputchar
                0x00000080042010ec                getchar
                0x0000008004201113                iscons
 .text          0x0000008004201129      0x695 obj/kern/monitor.o
                0x0000008004201129                mon_help
                0x00000080042011c7                mon_kerninfo
                0x0000008004201362                mon_backtrace
                0x0000008004201719                monitor
 .text          0x00000080042017be     0x5cab obj/kern/pmap.o
                0x00000080042018f0                restrictive_type
                0x0000008004202434                x64_vm_init
                0x0000008004202a54                page_init
                0x0000008004202c6a                page_alloc
                0x0000008004202d49                page_free
                0x0000008004202e05                page_decref
                0x0000008004202e4b                pml4e_walk
                0x00000080042030c3                pdpe_walk
                0x0000008004203304                pgdir_walk
                0x000000800420356d                page_insert
                0x000000800420362f                page_lookup
                0x00000080042036b0                page_remove
                0x0000008004203730                tlb_invalidate
                0x0000008004203807                mmio_map_region
                0x0000008004203911                user_mem_check
                0x0000008004203a36                user_mem_assert
 .text          0x0000008004207469     0x1453 obj/kern/env.o
                0x00000080042075be                envid2env
                0x000000800420772f                env_init
                0x0000008004207857                env_init_percpu
                0x00000080042079d5                env_alloc
                0x0000008004207d64                load_icode
                0x0000008004207f69                env_create
                0x0000008004207fcf                env_free
                0x0000008004208515                env_destroy
                0x000000800420860b                env_pop_tf
                0x00000080042086ec                env_run
 .text          0x00000080042088bc       0x88 obj/kern/kclock.o
                0x00000080042088bc                mc146818_read
                0x00000080042088fd                mc146818_write
 .text          0x0000008004208944      0x25e obj/kern/picirq.o
                0x0000008004208944                pic_init
                0x0000008004208aa9                irq_setmask_8259A
 .text          0x0000008004208ba2      0x172 obj/kern/printf.o
                0x0000008004208bd5                vcprintf
                0x0000008004208c38                cprintf
 .text          0x0000008004208d14     0x3f73 obj/kern/trap.o
                0x0000008004208dc0                trap_init
                0x000000800420b99d                trap_init_percpu
                0x000000800420bd94                print_trapframe
                0x000000800420c0aa                print_regs
                0x000000800420c4b6                trap
                0x000000800420c903                page_fault_handler
 *fill*         0x000000800420cc87        0x1 
 .text          0x000000800420cc88      0x1c6 obj/kern/trapentry.o
                0x000000800420cc88                ALV_DIVIDE
                0x000000800420cc92                ALV_DEBUG
                0x000000800420cc9c                ALV_NMI
                0x000000800420cca6                ALV_BRKPT
                0x000000800420ccb0                ALV_OFLOW
                0x000000800420ccba                ALV_BOUND
                0x000000800420ccc4                ALV_ILLOP
                0x000000800420ccce                ALV_DEVICE
                0x000000800420ccd8                ALV_DBLFLT
                0x000000800420cce0                ALV_TSS
                0x000000800420cce8                ALV_SEGNP
                0x000000800420ccf0                ALV_STACK
                0x000000800420ccf8                ALV_GPFLT
                0x000000800420cd00                ALV_PGFLT
                0x000000800420cd04                ALV_FPERR
                0x000000800420cd0a                ALV_ALIGN
                0x000000800420cd10                ALV_MCHK
                0x000000800420cd16                ALV_SIMDERR
                0x000000800420cd1c                ALV_SYSCALL
                0x000000800420cd22                ALV_IRQ0
                0x000000800420cd28                ALV_IRQ1
                0x000000800420cd2e                ALV_IRQ2
                0x000000800420cd34                ALV_IRQ3
                0x000000800420cd3a                ALV_IRQ4
                0x000000800420cd40                ALV_IRQ5
                0x000000800420cd46                ALV_IRQ6
                0x000000800420cd4c                ALV_IRQ7
                0x000000800420cd52                ALV_IRQ8
                0x000000800420cd58                ALV_IRQ9
                0x000000800420cd5e                ALV_IRQ10
                0x000000800420cd64                ALV_IRQ11
                0x000000800420cd6a                ALV_IRQ12
                0x000000800420cd70                ALV_IRQ13
                0x000000800420cd76                ALV_IRQ14
                0x000000800420cd7c                ALV_IRQ15
                0x000000800420cd82                _alltraps
 .text          0x000000800420ce4e      0x3d2 obj/kern/sched.o
                0x000000800420ce9a                sched_yield
                0x000000800420cffb                sched_halt
 .text          0x000000800420d220     0x10ad obj/kern/syscall.o
                0x000000800420e0f2                syscall
 .text          0x000000800420e2cd      0x95c obj/kern/kdebug.o
                0x000000800420e2cd                list_func_die
                0x000000800420e818                debuginfo_rip
 .text          0x000000800420ec29      0xa6d obj/kern/printfmt.o
                0x000000800420eefb                vprintfmt
                0x000000800420f406                printfmt
                0x000000800420f510                vsnprintf
                0x000000800420f5b1                snprintf
 .text          0x000000800420f696      0x157 obj/kern/readline.o
                0x000000800420f696                readline
 .text          0x000000800420f7ed      0x804 obj/kern/string.o
                0x000000800420f7ed                strlen
                0x000000800420f81f                strnlen
                0x000000800420f861                strcpy
                0x000000800420f8a8                strcat
                0x000000800420f8fb                strncpy
                0x000000800420f95f                strlcpy
                0x000000800420f9cd                strcmp
                0x000000800420fa24                strncmp
                0x000000800420fa99                strchr
                0x000000800420fad9                strfind
                0x000000800420fb15                memset
                0x000000800420fba4                memmove
                0x000000800420fcbf                memcpy
                0x000000800420fcf7                memcmp
                0x000000800420fd6f                memfind
                0x000000800420fdbd                strtol
                0x000000800420ff52                strstr
 .text          0x000000800420fff1     0x1f63 obj/kern/libdwarf_rw.o
                0x000000800420fff1                _dwarf_read_lsb
                0x000000800421012d                _dwarf_decode_lsb
                0x000000800421025e                _dwarf_read_msb
                0x000000800421041f                _dwarf_decode_msb
                0x00000080042105dd                _dwarf_read_sleb128
                0x0000008004210685                _dwarf_read_uleb128
                0x0000008004210708                _dwarf_decode_sleb128
                0x000000800421079e                _dwarf_decode_uleb128
                0x000000800421080f                _dwarf_read_string
                0x00000080042108a2                _dwarf_read_block
                0x00000080042108ef                _dwarf_elf_get_byte_order
                0x0000008004210961                _dwarf_elf_get_pointer_size
                0x00000080042109cf                _dwarf_init
                0x0000008004210aaf                _get_next_cu
                0x0000008004210c51                print_cu
                0x0000008004210c8d                _dwarf_abbrev_parse
                0x0000008004210f18                _dwarf_abbrev_find
                0x0000008004211026                _dwarf_attr_init
                0x000000800421170d                dwarf_search_die_within_cu
                0x00000080042119ec                dwarf_offdie
                0x0000008004211ad2                _dwarf_attr_find
                0x0000008004211b69                dwarf_siblingof
                0x0000008004211d6f                dwarf_child
                0x0000008004211ef3                _dwarf_find_section_enhanced
 .text          0x0000008004211f54     0x2671 obj/kern/libdwarf_frame.o
                0x0000008004211f54                _dwarf_frame_params_init
                0x0000008004211f99                dwarf_get_fde_at_pc
                0x00000080042120dc                _dwarf_frame_regtable_copy
                0x00000080042130f3                _dwarf_frame_get_internal_table
                0x000000800421338e                dwarf_get_fde_info_for_all_regs
                0x00000080042141e3                _dwarf_frame_interal_table_init
                0x00000080042144ad                dwarf_set_frame_cfa_value
                0x00000080042144e1                _dwarf_frame_section_load_eh
                0x0000008004214523                dwarf_init_eh_section
 .text          0x00000080042145c5      0xd1c obj/kern/libdwarf_lineno.o
                0x0000008004214bc8                _dwarf_lineno_init
                0x0000008004215159                dwarf_srclines
 .text          0x00000080042152e1      0xd50 obj/kern/elf_rw.o
                0x00000080042152e1                _dwarf_find_section
                0x0000008004215364                find_debug_sections
                0x0000008004215633                read_section_headers
                0x0000008004215d90                readseg
                0x0000008004215ef9                waitdisk
                0x0000008004215f2b                readsect
 *fill*         0x0000008004216031        0x7 
 .text          0x0000008004216038       0xe7 obj/kern/mpentry.o
                0x0000008004216038                mpentry_start
                0x000000800421611e                mpentry_end
 .text          0x000000800421611f      0x7eb obj/kern/mpconfig.o
                0x0000008004216606                mp_init
 .text          0x000000800421690a      0x49e obj/kern/lapic.o
                0x0000008004216951                lapic_init
                0x0000008004216b50                cpunum
                0x0000008004216b89                lapic_eoi
                0x0000008004216bce                lapic_startap
                0x0000008004216d5b                lapic_ipi
 .text          0x0000008004216da8      0x491 obj/kern/spinlock.o
                0x0000008004216ed4                __spin_initlock
                0x0000008004216f0d                spin_lock
                0x0000008004216fe8                spin_unlock
                0x0000008004217239                PROVIDE (etext = .)

.iplt           0x0000008004217239        0x0 load address 0x0000000000217239
 .iplt          0x0000008004217239        0x0 obj/kern/bootstrap.o

.rodata         0x0000008004217240     0x2e19 load address 0x0000000000217240
 *(EXCLUDE_FILE(obj/kern/bootstrap.o) .rodata .rodata.* .gnu.linkonce.r.*)
 .rodata        0x0000008004217240       0x84 obj/kern/init.o
 .rodata        0x00000080042172c4       0x29 obj/kern/console.o
 *fill*         0x00000080042172ed        0x3 
 .rodata        0x00000080042172f0      0x291 obj/kern/monitor.o
 *fill*         0x0000008004217581        0x7 
 .rodata        0x0000008004217588     0x104c obj/kern/pmap.o
 *fill*         0x00000080042185d4        0x4 
 .rodata        0x00000080042185d8      0x15c obj/kern/env.o
 .rodata        0x0000008004218734       0x1a obj/kern/picirq.o
 *fill*         0x000000800421874e       0x12 
 .rodata        0x0000008004218760      0x4e0 obj/kern/trap.o
 .rodata        0x0000008004218c40       0x61 obj/kern/sched.o
 *fill*         0x0000008004218ca1        0x7 
 .rodata        0x0000008004218ca8      0x3f0 obj/kern/syscall.o
 *fill*         0x0000008004219098        0x8 
 .rodata        0x00000080042190a0      0x390 obj/kern/kdebug.o
 *fill*         0x0000008004219430       0x10 
 .rodata        0x0000008004219440      0x3c8 obj/kern/printfmt.o
 .rodata        0x0000008004219808       0x13 obj/kern/readline.o
 *fill*         0x000000800421981b        0x5 
 .rodata        0x0000008004219820      0x1ab obj/kern/libdwarf_rw.o
 *fill*         0x00000080042199cb        0x5 
 .rodata        0x00000080042199d0      0x200 obj/kern/libdwarf_frame.o
 .rodata        0x0000008004219bd0       0xc3 obj/kern/libdwarf_lineno.o
 .rodata        0x0000008004219c93       0xa4 obj/kern/elf_rw.o
 *fill*         0x0000008004219d37        0x1 
 .rodata        0x0000008004219d38      0x1f9 obj/kern/mpconfig.o
 *fill*         0x0000008004219f31        0x7 
 .rodata        0x0000008004219f38       0x30 obj/kern/lapic.o
 .rodata        0x0000008004219f68       0xf1 obj/kern/spinlock.o

.rela.dyn       0x000000800421a060        0x0 load address 0x000000000021a060
 .rela.got      0x000000800421a060        0x0 obj/kern/bootstrap.o
 .rela.iplt     0x000000800421a060        0x0 obj/kern/bootstrap.o
 .rela.text     0x000000800421a060        0x0 obj/kern/bootstrap.o
 .rela.data     0x000000800421a060        0x0 obj/kern/bootstrap.o
                0x000000800421b000                . = ALIGN (0x1000)

.data           0x000000800421b000   0x1977c8 load address 0x000000000021b000
 *(EXCLUDE_FILE(obj/kern/bootstrap.o) .data)
 .data          0x000000800421b000    0x10042 obj/kern/entry.o
                0x000000800421b000                bootstack
                0x000000800422b000                kernel_64
                0x000000800422b000                bootstacktop
                0x000000800422b038                gdtdesc_64
 .data          0x000000800422b042        0x0 obj/kern/init.o
 *fill*         0x000000800422b042       0x1e 
 .data          0x000000800422b060      0x520 obj/kern/console.o
 .data          0x000000800422b580       0x48 obj/kern/monitor.o
 .data          0x000000800422b5c8        0x8 obj/kern/pmap.o
 *fill*         0x000000800422b5d0       0x10 
 .data          0x000000800422b5e0       0xb2 obj/kern/env.o
                0x000000800422b5e0                gdt
                0x000000800422b688                gdt_pd
 .data          0x000000800422b692        0x0 obj/kern/kclock.o
 .data          0x000000800422b692        0x2 obj/kern/picirq.o
                0x000000800422b692                irq_mask_8259A
 .data          0x000000800422b694        0x0 obj/kern/printf.o
 .data          0x000000800422b694        0x0 obj/kern/trap.o
 .data          0x000000800422b694        0x0 obj/kern/trapentry.o
 .data          0x000000800422b694        0x0 obj/kern/sched.o
 .data          0x000000800422b694        0x0 obj/kern/syscall.o
 *fill*         0x000000800422b694        0x4 
 .data          0x000000800422b698        0x8 obj/kern/kdebug.o
                0x000000800422b698                dbg
 .data          0x000000800422b6a0        0x0 obj/kern/printfmt.o
 .data          0x000000800422b6a0        0x0 obj/kern/readline.o
 .data          0x000000800422b6a0        0x0 obj/kern/string.o
 .data          0x000000800422b6a0        0x0 obj/kern/libdwarf_rw.o
 .data          0x000000800422b6a0       0x24 obj/kern/libdwarf_frame.o
                0x000000800422b6a0                debug_frame_sec
                0x000000800422b6c0                is_eh_frame
 .data          0x000000800422b6c4        0x0 obj/kern/libdwarf_lineno.o
 *fill*         0x000000800422b6c4       0x1c 
 .data          0x000000800422b6e0       0xa0 obj/kern/elf_rw.o
                0x000000800422b6e0                section_info
 .data          0x000000800422b780        0x0 obj/kern/mpentry.o
 .data          0x000000800422b780        0x0 obj/kern/mpconfig.o
 .data          0x000000800422b780        0x0 obj/kern/lapic.o
 .data          0x000000800422b780       0x68 obj/kern/spinlock.o
                0x000000800422b780                kernel_lock
 .data          0x000000800422b7e8     0xbb70 obj/user/hello
                0x000000800422b7e8                _binary_obj_user_hello_start
                0x0000008004237358                _binary_obj_user_hello_end
 .data          0x0000008004237358     0xbb58 obj/user/buggyhello
                0x0000008004237358                _binary_obj_user_buggyhello_start
                0x0000008004242eb0                _binary_obj_user_buggyhello_end
 .data          0x0000008004242eb0     0xbbb0 obj/user/buggyhello2
                0x0000008004242eb0                _binary_obj_user_buggyhello2_start
                0x000000800424ea60                _binary_obj_user_buggyhello2_end
 .data          0x000000800424ea60     0xbb58 obj/user/evilhello
                0x000000800424ea60                _binary_obj_user_evilhello_start
                0x000000800425a5b8                _binary_obj_user_evilhello_end
 .data          0x000000800425a5b8     0xbc88 obj/user/testbss
                0x000000800425a5b8                _binary_obj_user_testbss_start
                0x0000008004266240                _binary_obj_user_testbss_end
 .data          0x0000008004266240     0xbba0 obj/user/divzero
                0x0000008004266240                _binary_obj_user_divzero_start
                0x0000008004271de0                _binary_obj_user_divzero_end
 .data          0x0000008004271de0     0xbb18 obj/user/breakpoint
                0x0000008004271de0                _binary_obj_user_breakpoint_start
                0x000000800427d8f8                _binary_obj_user_breakpoint_end
 .data          0x000000800427d8f8     0xbb18 obj/user/softint
                0x000000800427d8f8                _binary_obj_user_softint_start
                0x0000008004289410                _binary_obj_user_softint_end
 .data          0x0000008004289410     0xbb18 obj/user/badsegment
                0x0000008004289410                _binary_obj_user_badsegment_start
                0x0000008004294f28                _binary_obj_user_badsegment_end
 .data          0x0000008004294f28     0xbb68 obj/user/faultread
                0x0000008004294f28                _binary_obj_user_faultread_start
                0x00000080042a0a90                _binary_obj_user_faultread_end
 .data          0x00000080042a0a90     0xbb78 obj/user/faultreadkernel
                0x00000080042a0a90                _binary_obj_user_faultreadkernel_start
                0x00000080042ac608                _binary_obj_user_faultreadkernel_end
 .data          0x00000080042ac608     0xbb18 obj/user/faultwrite
                0x00000080042ac608                _binary_obj_user_faultwrite_start
                0x00000080042b8120                _binary_obj_user_faultwrite_end
 .data          0x00000080042b8120     0xbb38 obj/user/faultwritekernel
                0x00000080042b8120                _binary_obj_user_faultwritekernel_start
                0x00000080042c3c58                _binary_obj_user_faultwritekernel_end
 .data          0x00000080042c3c58     0xbb38 obj/user/idle
                0x00000080042c3c58                _binary_obj_user_idle_start
                0x00000080042cf790                _binary_obj_user_idle_end
 .data          0x00000080042cf790     0xbbe0 obj/user/yield
                0x00000080042cf790                _binary_obj_user_yield_start
                0x00000080042db370                _binary_obj_user_yield_end
 .data          0x00000080042db370     0xc190 obj/user/dumbfork
                0x00000080042db370                _binary_obj_user_dumbfork_start
                0x00000080042e7500                _binary_obj_user_dumbfork_end
 .data          0x00000080042e7500     0xea00 obj/user/stresssched
                0x00000080042e7500                _binary_obj_user_stresssched_start
                0x00000080042f5f00                _binary_obj_user_stresssched_end
 .data          0x00000080042f5f00     0xc818 obj/user/faultdie
                0x00000080042f5f00                _binary_obj_user_faultdie_start
                0x0000008004302718                _binary_obj_user_faultdie_end
 .data          0x0000008004302718     0xdd48 obj/user/faultregs
                0x0000008004302718                _binary_obj_user_faultregs_start
                0x0000008004310460                _binary_obj_user_faultregs_end
 .data          0x0000008004310460     0xc898 obj/user/faultalloc
                0x0000008004310460                _binary_obj_user_faultalloc_start
                0x000000800431ccf8                _binary_obj_user_faultalloc_end
 .data          0x000000800431ccf8     0xc8a0 obj/user/faultallocbad
                0x000000800431ccf8                _binary_obj_user_faultallocbad_start
                0x0000008004329598                _binary_obj_user_faultallocbad_end
 .data          0x0000008004329598     0xc640 obj/user/faultnostack
                0x0000008004329598                _binary_obj_user_faultnostack_start
                0x0000008004335bd8                _binary_obj_user_faultnostack_end
 .data          0x0000008004335bd8     0xbb88 obj/user/faultbadhandler
                0x0000008004335bd8                _binary_obj_user_faultbadhandler_start
                0x0000008004341760                _binary_obj_user_faultbadhandler_end
 .data          0x0000008004341760     0xbb88 obj/user/faultevilhandler
                0x0000008004341760                _binary_obj_user_faultevilhandler_start
                0x000000800434d2e8                _binary_obj_user_faultevilhandler_end
 .data          0x000000800434d2e8     0xdac0 obj/user/forktree
                0x000000800434d2e8                _binary_obj_user_forktree_start
                0x000000800435ada8                _binary_obj_user_forktree_end
 .data          0x000000800435ada8     0xf6b8 obj/user/sendpage
                0x000000800435ada8                _binary_obj_user_sendpage_start
                0x000000800436a460                _binary_obj_user_sendpage_end
 .data          0x000000800436a460     0xd908 obj/user/spin
                0x000000800436a460                _binary_obj_user_spin_start
                0x0000008004377d68                _binary_obj_user_spin_end
 .data          0x0000008004377d68     0xc860 obj/user/fairness
                0x0000008004377d68                _binary_obj_user_fairness_start
                0x00000080043845c8                _binary_obj_user_fairness_end
 .data          0x00000080043845c8     0xf598 obj/user/pingpong
                0x00000080043845c8                _binary_obj_user_pingpong_start
                0x0000008004393b60                _binary_obj_user_pingpong_end
 .data          0x0000008004393b60     0xf5c0 obj/user/pingpongs
                0x0000008004393b60                _binary_obj_user_pingpongs_start
                0x00000080043a3120                _binary_obj_user_pingpongs_end
 .data          0x00000080043a3120     0xf6a8 obj/user/primes
                0x00000080043a3120                _binary_obj_user_primes_start
                0x00000080043b27c8                _binary_obj_user_primes_end
                0x00000080043b27c8                PROVIDE (edata = .)

.got            0x00000080043b27c8        0x0 load address 0x00000000003b27c8
 .got           0x00000080043b27c8        0x0 obj/kern/bootstrap.o

.got.plt        0x00000080043b27c8        0x0 load address 0x00000000003b27c8
 .got.plt       0x00000080043b27c8        0x0 obj/kern/bootstrap.o

.igot.plt       0x00000080043b27c8        0x0 load address 0x00000000003b27c8
 .igot.plt      0x00000080043b27c8        0x0 obj/kern/bootstrap.o

.bss            0x00000080043b3000    0x84010 load address 0x00000000003b3000
 *(EXCLUDE_FILE(obj/kern/bootstrap.o) .bss)
 .bss           0x00000080043b3000        0x0 obj/kern/entry.o
 .bss           0x00000080043b3000        0x0 obj/kern/init.o
 .bss           0x00000080043b3000      0x22c obj/kern/console.o
 .bss           0x00000080043b322c        0x0 obj/kern/monitor.o
 *fill*         0x00000080043b322c        0x4 
 .bss           0x00000080043b3230       0x20 obj/kern/pmap.o
 .bss           0x00000080043b3250       0x10 obj/kern/env.o
                0x00000080043b3250                envs
 .bss           0x00000080043b3260        0x0 obj/kern/kclock.o
 .bss           0x00000080043b3260        0x1 obj/kern/picirq.o
 .bss           0x00000080043b3261        0x0 obj/kern/printf.o
 *fill*         0x00000080043b3261       0x1f 
 .bss           0x00000080043b3280     0x1090 obj/kern/trap.o
                0x00000080043b3280                idt
                0x00000080043b4280                idt_pd
 .bss           0x00000080043b4310        0x0 obj/kern/trapentry.o
 .bss           0x00000080043b4310        0x0 obj/kern/sched.o
 .bss           0x00000080043b4310        0x0 obj/kern/syscall.o
 .bss           0x00000080043b4310        0x8 obj/kern/kdebug.o
 .bss           0x00000080043b4318        0x0 obj/kern/printfmt.o
 *fill*         0x00000080043b4318        0x8 
 .bss           0x00000080043b4320      0x400 obj/kern/readline.o
 .bss           0x00000080043b4720        0x0 obj/kern/string.o
 .bss           0x00000080043b4720        0x0 obj/kern/libdwarf_rw.o
 .bss           0x00000080043b4720       0x68 obj/kern/libdwarf_frame.o
                0x00000080043b4720                global_rt_table
                0x00000080043b4760                global_rt_table_shadow
 .bss           0x00000080043b4788        0x0 obj/kern/libdwarf_lineno.o
 .bss           0x00000080043b4788        0x0 obj/kern/elf_rw.o
 .bss           0x00000080043b4788        0x0 obj/kern/mpentry.o
 .bss           0x00000080043b4788        0x0 obj/kern/mpconfig.o
 .bss           0x00000080043b4788        0x0 obj/kern/lapic.o
 .bss           0x00000080043b4788        0x0 obj/kern/spinlock.o
 COMMON         0x00000080043b4788       0x18 obj/kern/init.o
                0x00000080043b4788                end_debug
                0x00000080043b4790                panicstr
                0x00000080043b4798                mpentry_kstack
 COMMON         0x00000080043b47a0       0x20 obj/kern/pmap.o
                0x00000080043b47a0                boot_cr3
                0x00000080043b47a8                boot_pml4e
                0x00000080043b47b0                npages
                0x00000080043b47b8                pages
 COMMON         0x00000080043b47c0       0x58 obj/kern/kdebug.o
                0x00000080043b47c0                mydebug
 *fill*         0x00000080043b4818        0x8 
 COMMON         0x00000080043b4820      0xc70 obj/kern/libdwarf_frame.o
                0x00000080043b4820                global_rules_shadow
                0x00000080043b4e60                global_rules
 *fill*         0x00000080043b5490       0x10 
 COMMON         0x00000080043b54a0      0x200 obj/kern/libdwarf_lineno.o
                0x00000080043b54a0                global_std_op
 *fill*         0x00000080043b56a0      0x960 
 COMMON         0x00000080043b6000    0x81000 obj/kern/mpconfig.o
                0x00000080043b6000                ismp
                0x00000080043b6020                cpus
                0x00000080043b63e0                bootcpu
                0x00000080043b63e8                ncpu
                0x00000080043b7000                percpu_kstacks
 COMMON         0x0000008004437000       0x10 obj/kern/lapic.o
                0x0000008004437000                lapicaddr
                0x0000008004437008                lapic
                0x0000008004437010                PROVIDE (end = .)

.debug
 *(.debug)

.line
 *(.line)

.debug_srcinfo
 *(.debug_srcinfo)

.debug_sfnames
 *(.debug_sfnames)

.debug_aranges  0x0000000000000000      0x4e0
 *(.debug_aranges)
 .debug_aranges
                0x0000000000000000       0x30 obj/kern/bootstrap.o
 .debug_aranges
                0x0000000000000030       0x30 obj/kern/entry.o
 .debug_aranges
                0x0000000000000060       0x30 obj/kern/init.o
 .debug_aranges
                0x0000000000000090       0x30 obj/kern/console.o
 .debug_aranges
                0x00000000000000c0       0x30 obj/kern/monitor.o
 .debug_aranges
                0x00000000000000f0       0x30 obj/kern/pmap.o
 .debug_aranges
                0x0000000000000120       0x30 obj/kern/env.o
 .debug_aranges
                0x0000000000000150       0x30 obj/kern/kclock.o
 .debug_aranges
                0x0000000000000180       0x30 obj/kern/picirq.o
 .debug_aranges
                0x00000000000001b0       0x30 obj/kern/printf.o
 .debug_aranges
                0x00000000000001e0       0x30 obj/kern/trap.o
 .debug_aranges
                0x0000000000000210       0x30 obj/kern/trapentry.o
 .debug_aranges
                0x0000000000000240       0x30 obj/kern/sched.o
 .debug_aranges
                0x0000000000000270       0x30 obj/kern/syscall.o
 .debug_aranges
                0x00000000000002a0       0x30 obj/kern/kdebug.o
 .debug_aranges
                0x00000000000002d0       0x30 obj/kern/printfmt.o
 .debug_aranges
                0x0000000000000300       0x30 obj/kern/readline.o
 .debug_aranges
                0x0000000000000330       0x30 obj/kern/string.o
 .debug_aranges
                0x0000000000000360       0x30 obj/kern/libdwarf_rw.o
 .debug_aranges
                0x0000000000000390       0x30 obj/kern/libdwarf_frame.o
 .debug_aranges
                0x00000000000003c0       0x30 obj/kern/libdwarf_lineno.o
 .debug_aranges
                0x00000000000003f0       0x30 obj/kern/elf_rw.o
 .debug_aranges
                0x0000000000000420       0x30 obj/kern/mpentry.o
 .debug_aranges
                0x0000000000000450       0x30 obj/kern/mpconfig.o
 .debug_aranges
                0x0000000000000480       0x30 obj/kern/lapic.o
 .debug_aranges
                0x00000000000004b0       0x30 obj/kern/spinlock.o

.debug_pubnames
 *(.debug_pubnames)

.debug_info     0x0000000000000000    0x14932
 *(.debug_info .gnu.linkonce.wi.*)
 .debug_info    0x0000000000000000       0x2e obj/kern/bootstrap.o
 .debug_info    0x000000000000002e       0x2e obj/kern/entry.o
 .debug_info    0x000000000000005c      0xfa7 obj/kern/init.o
 .debug_info    0x0000000000001003      0xd44 obj/kern/console.o
 .debug_info    0x0000000000001d47      0xa8b obj/kern/monitor.o
 .debug_info    0x00000000000027d2     0x3683 obj/kern/pmap.o
 .debug_info    0x0000000000005e55     0x1776 obj/kern/env.o
 .debug_info    0x00000000000075cb      0x1ec obj/kern/kclock.o
 .debug_info    0x00000000000077b7      0x47b obj/kern/picirq.o
 .debug_info    0x0000000000007c32      0x24a obj/kern/printf.o
 .debug_info    0x0000000000007e7c     0x1706 obj/kern/trap.o
 .debug_info    0x0000000000009582       0x2e obj/kern/trapentry.o
 .debug_info    0x00000000000095b0      0xb03 obj/kern/sched.o
 .debug_info    0x000000000000a0b3     0x14ee obj/kern/syscall.o
 .debug_info    0x000000000000b5a1     0x1626 obj/kern/kdebug.o
 .debug_info    0x000000000000cbc7      0x6aa obj/kern/printfmt.o
 .debug_info    0x000000000000d271      0x175 obj/kern/readline.o
 .debug_info    0x000000000000d3e6      0x731 obj/kern/string.o
 .debug_info    0x000000000000db17     0x1831 obj/kern/libdwarf_rw.o
 .debug_info    0x000000000000f348     0x15bc obj/kern/libdwarf_frame.o
 .debug_info    0x0000000000010904     0x103f obj/kern/libdwarf_lineno.o
 .debug_info    0x0000000000011943      0xb8b obj/kern/elf_rw.o
 .debug_info    0x00000000000124ce       0x2e obj/kern/mpentry.o
 .debug_info    0x00000000000124fc      0xe4c obj/kern/mpconfig.o
 .debug_info    0x0000000000013348      0xa8f obj/kern/lapic.o
 .debug_info    0x0000000000013dd7      0xb5b obj/kern/spinlock.o

.debug_abbrev   0x0000000000000000     0x3300
 *(.debug_abbrev)
 .debug_abbrev  0x0000000000000000       0x14 obj/kern/bootstrap.o
 .debug_abbrev  0x0000000000000014       0x14 obj/kern/entry.o
 .debug_abbrev  0x0000000000000028      0x302 obj/kern/init.o
 .debug_abbrev  0x000000000000032a      0x2c2 obj/kern/console.o
 .debug_abbrev  0x00000000000005ec      0x22f obj/kern/monitor.o
 .debug_abbrev  0x000000000000081b      0x374 obj/kern/pmap.o
 .debug_abbrev  0x0000000000000b8f      0x370 obj/kern/env.o
 .debug_abbrev  0x0000000000000eff      0x10f obj/kern/kclock.o
 .debug_abbrev  0x000000000000100e      0x107 obj/kern/picirq.o
 .debug_abbrev  0x0000000000001115      0x107 obj/kern/printf.o
 .debug_abbrev  0x000000000000121c      0x396 obj/kern/trap.o
 .debug_abbrev  0x00000000000015b2       0x14 obj/kern/trapentry.o
 .debug_abbrev  0x00000000000015c6      0x242 obj/kern/sched.o
 .debug_abbrev  0x0000000000001808      0x28d obj/kern/syscall.o
 .debug_abbrev  0x0000000000001a95      0x2af obj/kern/kdebug.o
 .debug_abbrev  0x0000000000001d44      0x238 obj/kern/printfmt.o
 .debug_abbrev  0x0000000000001f7c       0xbc obj/kern/readline.o
 .debug_abbrev  0x0000000000002038      0x13f obj/kern/string.o
 .debug_abbrev  0x0000000000002177      0x271 obj/kern/libdwarf_rw.o
 .debug_abbrev  0x00000000000023e8      0x2b2 obj/kern/libdwarf_frame.o
 .debug_abbrev  0x000000000000269a      0x2cb obj/kern/libdwarf_lineno.o
 .debug_abbrev  0x0000000000002965      0x25a obj/kern/elf_rw.o
 .debug_abbrev  0x0000000000002bbf       0x14 obj/kern/mpentry.o
 .debug_abbrev  0x0000000000002bd3      0x283 obj/kern/mpconfig.o
 .debug_abbrev  0x0000000000002e56      0x227 obj/kern/lapic.o
 .debug_abbrev  0x000000000000307d      0x283 obj/kern/spinlock.o

.debug_line     0x0000000000000000     0x6ea0
 *(.debug_line)
 .debug_line    0x0000000000000000       0x98 obj/kern/bootstrap.o
 .debug_line    0x0000000000000098       0x51 obj/kern/entry.o
 .debug_line    0x00000000000000e9      0x28f obj/kern/init.o
 .debug_line    0x0000000000000378      0x49e obj/kern/console.o
 .debug_line    0x0000000000000816      0x25d obj/kern/monitor.o
 .debug_line    0x0000000000000a73     0x15cb obj/kern/pmap.o
 .debug_line    0x000000000000203e      0x69a obj/kern/env.o
 .debug_line    0x00000000000026d8       0x9e obj/kern/kclock.o
 .debug_line    0x0000000000002776      0x146 obj/kern/picirq.o
 .debug_line    0x00000000000028bc       0xa1 obj/kern/printf.o
 .debug_line    0x000000000000295d      0x81a obj/kern/trap.o
 .debug_line    0x0000000000003177       0x7c obj/kern/trapentry.o
 .debug_line    0x00000000000031f3      0x233 obj/kern/sched.o
 .debug_line    0x0000000000003426      0x517 obj/kern/syscall.o
 .debug_line    0x000000000000393d      0x329 obj/kern/kdebug.o
 .debug_line    0x0000000000003c66      0x32a obj/kern/printfmt.o
 .debug_line    0x0000000000003f90       0xc0 obj/kern/readline.o
 .debug_line    0x0000000000004050      0x489 obj/kern/string.o
 .debug_line    0x00000000000044d9      0xb03 obj/kern/libdwarf_rw.o
 .debug_line    0x0000000000004fdc      0xd75 obj/kern/libdwarf_frame.o
 .debug_line    0x0000000000005d51      0x44e obj/kern/libdwarf_lineno.o
 .debug_line    0x000000000000619f      0x496 obj/kern/elf_rw.o
 .debug_line    0x0000000000006635       0x76 obj/kern/mpentry.o
 .debug_line    0x00000000000066ab      0x367 obj/kern/mpconfig.o
 .debug_line    0x0000000000006a12      0x22e obj/kern/lapic.o
 .debug_line    0x0000000000006c40      0x260 obj/kern/spinlock.o

.debug_frame
 *(.debug_frame)

.debug_str      0x0000000000000000     0x2a58
 *(.debug_str)
 .debug_str     0x0000000000000000       0x2d obj/kern/bootstrap.o
 .debug_str     0x000000000000002d        0xd obj/kern/entry.o
                                         0x29 (size before relaxing)
 .debug_str     0x000000000000003a      0x791 obj/kern/init.o
                                        0x872 (size before relaxing)
 .debug_str     0x00000000000007cb      0x135 obj/kern/console.o
                                        0x302 (size before relaxing)
 .debug_str     0x0000000000000900      0x154 obj/kern/monitor.o
                                        0x50a (size before relaxing)
 .debug_str     0x0000000000000a54      0x4f1 obj/kern/pmap.o
                                        0xb49 (size before relaxing)
 .debug_str     0x0000000000000f45      0x1ed obj/kern/env.o
                                        0x9a8 (size before relaxing)
 .debug_str     0x0000000000001132       0x23 obj/kern/kclock.o
                                        0x1b5 (size before relaxing)
 .debug_str     0x0000000000001155       0x2d obj/kern/picirq.o
                                        0x1f1 (size before relaxing)
 .debug_str     0x0000000000001182       0x18 obj/kern/printf.o
                                        0x218 (size before relaxing)
 .debug_str     0x000000000000119a      0x299 obj/kern/trap.o
                                        0xa11 (size before relaxing)
 .debug_str     0x0000000000001433       0x11 obj/kern/trapentry.o
                                         0x2d (size before relaxing)
 .debug_str     0x0000000000001444       0x1d obj/kern/sched.o
                                        0x693 (size before relaxing)
 .debug_str     0x0000000000001461      0x1fa obj/kern/syscall.o
                                        0x9c3 (size before relaxing)
 .debug_str     0x000000000000165b      0x838 obj/kern/kdebug.o
                                        0xf52 (size before relaxing)
 .debug_str     0x0000000000001e93       0x97 obj/kern/printfmt.o
                                        0x32d (size before relaxing)
 .debug_str     0x0000000000001f2a       0x1e obj/kern/readline.o
                                        0x169 (size before relaxing)
 .debug_str     0x0000000000001f48       0x6b obj/kern/string.o
                                        0x243 (size before relaxing)
 .debug_str     0x0000000000001fb3      0x228 obj/kern/libdwarf_rw.o
                                        0xc86 (size before relaxing)
 .debug_str     0x00000000000021db      0x435 obj/kern/libdwarf_frame.o
                                        0xc34 (size before relaxing)
 .debug_str     0x0000000000002610      0x1ae obj/kern/libdwarf_lineno.o
                                        0xc59 (size before relaxing)
 .debug_str     0x00000000000027be      0x17a obj/kern/elf_rw.o
                                        0x4eb (size before relaxing)
 .debug_str     0x0000000000002938        0xf obj/kern/mpentry.o
                                         0x2b (size before relaxing)
 .debug_str     0x0000000000002947       0xa4 obj/kern/mpconfig.o
                                        0x649 (size before relaxing)
 .debug_str     0x00000000000029eb       0x36 obj/kern/lapic.o
                                        0x5b3 (size before relaxing)
 .debug_str     0x0000000000002a21       0x37 obj/kern/spinlock.o
                                        0x64e (size before relaxing)

.debug_loc      0x0000000000000000     0x4d14
 *(.debug_loc)
 .debug_loc     0x0000000000000000      0x204 obj/kern/init.o
 .debug_loc     0x0000000000000204      0x6c0 obj/kern/console.o
 .debug_loc     0x00000000000008c4      0x1e0 obj/kern/monitor.o
 .debug_loc     0x0000000000000aa4      0xb40 obj/kern/pmap.o
 .debug_loc     0x00000000000015e4      0x5d8 obj/kern/env.o
 .debug_loc     0x0000000000001bbc       0xc0 obj/kern/kclock.o
 .debug_loc     0x0000000000001c7c       0xc0 obj/kern/picirq.o
 .debug_loc     0x0000000000001d3c      0x120 obj/kern/printf.o
 .debug_loc     0x0000000000001e5c      0x3ac obj/kern/trap.o
 .debug_loc     0x0000000000002208      0x180 obj/kern/sched.o
 .debug_loc     0x0000000000002388      0x5ec obj/kern/syscall.o
 .debug_loc     0x0000000000002974       0xc0 obj/kern/kdebug.o
 .debug_loc     0x0000000000002a34      0x300 obj/kern/printfmt.o
 .debug_loc     0x0000000000002d34       0x60 obj/kern/readline.o
 .debug_loc     0x0000000000002d94      0x660 obj/kern/string.o
 .debug_loc     0x00000000000033f4      0x900 obj/kern/libdwarf_rw.o
 .debug_loc     0x0000000000003cf4      0x5a0 obj/kern/libdwarf_frame.o
 .debug_loc     0x0000000000004294      0x180 obj/kern/libdwarf_lineno.o
 .debug_loc     0x0000000000004414      0x240 obj/kern/elf_rw.o
 .debug_loc     0x0000000000004654      0x1e0 obj/kern/mpconfig.o
 .debug_loc     0x0000000000004834      0x2a0 obj/kern/lapic.o
 .debug_loc     0x0000000000004ad4      0x240 obj/kern/spinlock.o

.comment        0x0000000000000000       0x2a
 .comment       0x0000000000000000       0x2a obj/kern/init.o
                                         0x2b (size before relaxing)
 .comment       0x000000000000002a       0x2b obj/kern/console.o
 .comment       0x000000000000002a       0x2b obj/kern/monitor.o
 .comment       0x000000000000002a       0x2b obj/kern/pmap.o
 .comment       0x000000000000002a       0x2b obj/kern/env.o
 .comment       0x000000000000002a       0x2b obj/kern/kclock.o
 .comment       0x000000000000002a       0x2b obj/kern/picirq.o
 .comment       0x000000000000002a       0x2b obj/kern/printf.o
 .comment       0x000000000000002a       0x2b obj/kern/trap.o
 .comment       0x000000000000002a       0x2b obj/kern/sched.o
 .comment       0x000000000000002a       0x2b obj/kern/syscall.o
 .comment       0x000000000000002a       0x2b obj/kern/kdebug.o
 .comment       0x000000000000002a       0x2b obj/kern/printfmt.o
 .comment       0x000000000000002a       0x2b obj/kern/readline.o
 .comment       0x000000000000002a       0x2b obj/kern/string.o
 .comment       0x000000000000002a       0x2b obj/kern/libdwarf_rw.o
 .comment       0x000000000000002a       0x2b obj/kern/libdwarf_frame.o
 .comment       0x000000000000002a       0x2b obj/kern/libdwarf_lineno.o
 .comment       0x000000000000002a       0x2b obj/kern/elf_rw.o
 .comment       0x000000000000002a       0x2b obj/kern/mpconfig.o
 .comment       0x000000000000002a       0x2b obj/kern/lapic.o
 .comment       0x000000000000002a       0x2b obj/kern/spinlock.o

.debug_macinfo
 *(.debug_macinfo)

.debug_weaknames
 *(.debug_weaknames)

.debug_funcnames
 *(.debug_funcnames)

.debug_typenames
 *(.debug_typenames)

.debug_varnames
 *(.debug_varnames)

/DISCARD/
 *(.eh_frame .note.GNU-stack)
LOAD obj/kern/bootstrap.o
LOAD obj/kern/entry.o
LOAD obj/kern/init.o
LOAD obj/kern/console.o
LOAD obj/kern/monitor.o
LOAD obj/kern/pmap.o
LOAD obj/kern/env.o
LOAD obj/kern/kclock.o
LOAD obj/kern/picirq.o
LOAD obj/kern/printf.o
LOAD obj/kern/trap.o
LOAD obj/kern/trapentry.o
LOAD obj/kern/sched.o
LOAD obj/kern/syscall.o
LOAD obj/kern/kdebug.o
LOAD obj/kern/printfmt.o
LOAD obj/kern/readline.o
LOAD obj/kern/string.o
LOAD obj/kern/libdwarf_rw.o
LOAD obj/kern/libdwarf_frame.o
LOAD obj/kern/libdwarf_lineno.o
LOAD obj/kern/elf_rw.o
LOAD obj/kern/mpentry.o
LOAD obj/kern/mpconfig.o
LOAD obj/kern/lapic.o
LOAD obj/kern/spinlock.o
LOAD /usr/lib/gcc/x86_64-linux-gnu/9/libgcc.a
TARGET(binary)
LOAD obj/user/hello
LOAD obj/user/buggyhello
LOAD obj/user/buggyhello2
LOAD obj/user/evilhello
LOAD obj/user/testbss
LOAD obj/user/divzero
LOAD obj/user/breakpoint
LOAD obj/user/softint
LOAD obj/user/badsegment
LOAD obj/user/faultread
LOAD obj/user/faultreadkernel
LOAD obj/user/faultwrite
LOAD obj/user/faultwritekernel
LOAD obj/user/idle
LOAD obj/user/yield
LOAD obj/user/dumbfork
LOAD obj/user/stresssched
LOAD obj/user/faultdie
LOAD obj/user/faultregs
LOAD obj/user/faultalloc
LOAD obj/user/faultallocbad
LOAD obj/user/faultnostack
LOAD obj/user/faultbadhandler
LOAD obj/user/faultevilhandler
LOAD obj/user/forktree
LOAD obj/user/sendpage
LOAD obj/user/spin
LOAD obj/user/fairness
LOAD obj/user/pingpong
LOAD obj/user/pingpongs
LOAD obj/user/primes
OUTPUT(obj/kern/kernel elf64-x86-64)

.debug_ranges   0x0000000000000000       0x60
 .debug_ranges  0x0000000000000000       0x30 obj/kern/pmap.o
 .debug_ranges  0x0000000000000030       0x30 obj/kern/string.o
