
Merging program properties

Removed property 0xc0000002 to merge obj/kern/init.o (0x3) and obj/kern/bootstrap.o (not found)
Removed property 0xc0000002 to merge obj/kern/init.o (not found) and obj/kern/console.o (0x3)
Removed property 0xc0000002 to merge obj/kern/init.o (not found) and obj/kern/monitor.o (0x3)
Removed property 0xc0000002 to merge obj/kern/init.o (not found) and obj/kern/pmap.o (0x3)
Removed property 0xc0000002 to merge obj/kern/init.o (not found) and obj/kern/env.o (0x3)
Removed property 0xc0000002 to merge obj/kern/init.o (not found) and obj/kern/kclock.o (0x3)
Removed property 0xc0000002 to merge obj/kern/init.o (not found) and obj/kern/picirq.o (0x3)
Removed property 0xc0000002 to merge obj/kern/init.o (not found) and obj/kern/printf.o (0x3)
Removed property 0xc0000002 to merge obj/kern/init.o (not found) and obj/kern/trap.o (0x3)
Removed property 0xc0000002 to merge obj/kern/init.o (not found) and obj/kern/sched.o (0x3)
Removed property 0xc0000002 to merge obj/kern/init.o (not found) and obj/kern/syscall.o (0x3)
Removed property 0xc0000002 to merge obj/kern/init.o (not found) and obj/kern/kdebug.o (0x3)
Removed property 0xc0000002 to merge obj/kern/init.o (not found) and obj/kern/printfmt.o (0x3)
Removed property 0xc0000002 to merge obj/kern/init.o (not found) and obj/kern/readline.o (0x3)
Removed property 0xc0000002 to merge obj/kern/init.o (not found) and obj/kern/string.o (0x3)
Removed property 0xc0000002 to merge obj/kern/init.o (not found) and obj/kern/libdwarf_rw.o (0x3)
Removed property 0xc0000002 to merge obj/kern/init.o (not found) and obj/kern/libdwarf_frame.o (0x3)
Removed property 0xc0000002 to merge obj/kern/init.o (not found) and obj/kern/libdwarf_lineno.o (0x3)
Removed property 0xc0000002 to merge obj/kern/init.o (not found) and obj/kern/elf_rw.o (0x3)
Removed property 0xc0000002 to merge obj/kern/init.o (not found) and obj/kern/mpconfig.o (0x3)
Removed property 0xc0000002 to merge obj/kern/init.o (not found) and obj/kern/lapic.o (0x3)
Removed property 0xc0000002 to merge obj/kern/init.o (not found) and obj/kern/spinlock.o (0x3)

Allocating common symbols
Common symbol       size              file

global_rules_shadow
                    0x630             obj/kern/libdwarf_frame.o
ismp                0x4               obj/kern/mpconfig.o
lapicaddr           0x8               obj/kern/lapic.o
end_debug           0x8               obj/kern/init.o
mydebug             0x58              obj/kern/kdebug.o
panicstr            0x8               obj/kern/init.o
boot_cr3            0x8               obj/kern/pmap.o
mpentry_kstack      0x8               obj/kern/init.o
cpus                0x3c0             obj/kern/mpconfig.o
global_std_op       0x200             obj/kern/libdwarf_lineno.o
lapic               0x8               obj/kern/lapic.o
bootcpu             0x8               obj/kern/mpconfig.o
global_rules        0x630             obj/kern/libdwarf_frame.o
boot_pml4e          0x8               obj/kern/pmap.o
ncpu                0x4               obj/kern/mpconfig.o
npages              0x8               obj/kern/pmap.o
pages               0x8               obj/kern/pmap.o
percpu_kstacks      0x80000           obj/kern/mpconfig.o

Discarded input sections

 .note.GNU-stack
                0x0000000000000000        0x0 obj/kern/init.o
 .note.gnu.property
                0x0000000000000000       0x20 obj/kern/init.o
 .eh_frame      0x0000000000000000       0xf0 obj/kern/init.o
 .note.GNU-stack
                0x0000000000000000        0x0 obj/kern/console.o
 .note.gnu.property
                0x0000000000000000       0x20 obj/kern/console.o
 .eh_frame      0x0000000000000000      0x258 obj/kern/console.o
 .note.GNU-stack
                0x0000000000000000        0x0 obj/kern/monitor.o
 .note.gnu.property
                0x0000000000000000       0x20 obj/kern/monitor.o
 .eh_frame      0x0000000000000000       0xb8 obj/kern/monitor.o
 .note.GNU-stack
                0x0000000000000000        0x0 obj/kern/pmap.o
 .note.gnu.property
                0x0000000000000000       0x20 obj/kern/pmap.o
 .eh_frame      0x0000000000000000      0x438 obj/kern/pmap.o
 .note.GNU-stack
                0x0000000000000000        0x0 obj/kern/env.o
 .note.gnu.property
                0x0000000000000000       0x20 obj/kern/env.o
 .eh_frame      0x0000000000000000      0x240 obj/kern/env.o
 .note.GNU-stack
                0x0000000000000000        0x0 obj/kern/kclock.o
 .note.gnu.property
                0x0000000000000000       0x20 obj/kern/kclock.o
 .eh_frame      0x0000000000000000       0x58 obj/kern/kclock.o
 .note.GNU-stack
                0x0000000000000000        0x0 obj/kern/picirq.o
 .note.gnu.property
                0x0000000000000000       0x20 obj/kern/picirq.o
 .eh_frame      0x0000000000000000       0x58 obj/kern/picirq.o
 .note.GNU-stack
                0x0000000000000000        0x0 obj/kern/printf.o
 .note.gnu.property
                0x0000000000000000       0x20 obj/kern/printf.o
 .eh_frame      0x0000000000000000       0x78 obj/kern/printf.o
 .note.GNU-stack
                0x0000000000000000        0x0 obj/kern/trap.o
 .note.gnu.property
                0x0000000000000000       0x20 obj/kern/trap.o
 .eh_frame      0x0000000000000000      0x160 obj/kern/trap.o
 .note.GNU-stack
                0x0000000000000000        0x0 obj/kern/sched.o
 .note.gnu.property
                0x0000000000000000       0x20 obj/kern/sched.o
 .eh_frame      0x0000000000000000       0x98 obj/kern/sched.o
 .note.GNU-stack
                0x0000000000000000        0x0 obj/kern/syscall.o
 .note.gnu.property
                0x0000000000000000       0x20 obj/kern/syscall.o
 .eh_frame      0x0000000000000000      0x208 obj/kern/syscall.o
 .note.GNU-stack
                0x0000000000000000        0x0 obj/kern/kdebug.o
 .note.gnu.property
                0x0000000000000000       0x20 obj/kern/kdebug.o
 .eh_frame      0x0000000000000000       0x58 obj/kern/kdebug.o
 .note.GNU-stack
                0x0000000000000000        0x0 obj/kern/printfmt.o
 .note.gnu.property
                0x0000000000000000       0x20 obj/kern/printfmt.o
 .eh_frame      0x0000000000000000      0x128 obj/kern/printfmt.o
 .note.GNU-stack
                0x0000000000000000        0x0 obj/kern/readline.o
 .note.gnu.property
                0x0000000000000000       0x20 obj/kern/readline.o
 .eh_frame      0x0000000000000000       0x38 obj/kern/readline.o
 .note.GNU-stack
                0x0000000000000000        0x0 obj/kern/string.o
 .note.gnu.property
                0x0000000000000000       0x20 obj/kern/string.o
 .eh_frame      0x0000000000000000      0x238 obj/kern/string.o
 .note.GNU-stack
                0x0000000000000000        0x0 obj/kern/libdwarf_rw.o
 .note.gnu.property
                0x0000000000000000       0x20 obj/kern/libdwarf_rw.o
 .eh_frame      0x0000000000000000      0x320 obj/kern/libdwarf_rw.o
 .note.GNU-stack
                0x0000000000000000        0x0 obj/kern/libdwarf_frame.o
 .note.gnu.property
                0x0000000000000000       0x20 obj/kern/libdwarf_frame.o
 .eh_frame      0x0000000000000000      0x200 obj/kern/libdwarf_frame.o
 .note.GNU-stack
                0x0000000000000000        0x0 obj/kern/libdwarf_lineno.o
 .note.gnu.property
                0x0000000000000000       0x20 obj/kern/libdwarf_lineno.o
 .eh_frame      0x0000000000000000       0xa0 obj/kern/libdwarf_lineno.o
 .note.GNU-stack
                0x0000000000000000        0x0 obj/kern/elf_rw.o
 .note.gnu.property
                0x0000000000000000       0x20 obj/kern/elf_rw.o
 .eh_frame      0x0000000000000000       0xd8 obj/kern/elf_rw.o
 .note.GNU-stack
                0x0000000000000000        0x0 obj/kern/mpconfig.o
 .note.gnu.property
                0x0000000000000000       0x20 obj/kern/mpconfig.o
 .eh_frame      0x0000000000000000       0xb8 obj/kern/mpconfig.o
 .note.GNU-stack
                0x0000000000000000        0x0 obj/kern/lapic.o
 .note.gnu.property
                0x0000000000000000       0x20 obj/kern/lapic.o
 .eh_frame      0x0000000000000000       0xf8 obj/kern/lapic.o
 .note.GNU-stack
                0x0000000000000000        0x0 obj/kern/spinlock.o
 .note.gnu.property
                0x0000000000000000       0x20 obj/kern/spinlock.o
 .eh_frame      0x0000000000000000       0xf0 obj/kern/spinlock.o

Memory Configuration

Name             Origin             Length             Attributes
*default*        0x0000000000000000 0xffffffffffffffff

Linker script and memory map

                0x0000000000100000                . = 0x100000

.bootstrap      0x0000000000100000     0x7004
 obj/kern/bootstrap.o(.text .data .bss)
 .text          0x0000000000100000      0x115 obj/kern/bootstrap.o
                0x0000000000100000                _head64
                0x00000000001000e5                jumpto_longmode
 *fill*         0x0000000000100115      0xeeb 
 .data          0x0000000000101000     0x6004 obj/kern/bootstrap.o
                0x0000000000102000                pml4virt
                0x0000000000107000                multiboot_info
 .bss           0x0000000000107004        0x0 obj/kern/bootstrap.o
                0x0000008004200000                . = 0x8004200000

.text           0x0000008004200000    0x17310 load address 0x0000000000200000
 *(EXCLUDE_FILE(obj/kern/bootstrap.o) .text .stub .text.* .gnu.linkonce.t.*)
 .text          0x0000008004200000       0x58 obj/kern/entry.o
                0x000000800420000c                entry
                0x000000000020000c                _start
 .text          0x0000008004200058      0x6ad obj/kern/init.o
                0x00000080042000a2                i386_init
                0x0000008004200405                mp_main
                0x00000080042004d1                _panic
                0x0000008004200613                _warn
 .text          0x0000008004200705      0xbd1 obj/kern/console.o
                0x000000800420079e                serial_intr
                0x0000008004201031                kbd_intr
                0x000000800420111b                cons_getc
                0x0000008004201218                cons_init
                0x0000008004201276                cputchar
                0x0000008004201299                getchar
                0x00000080042012c0                iscons
 .text          0x00000080042012d6      0x695 obj/kern/monitor.o
                0x00000080042012d6                mon_help
                0x0000008004201374                mon_kerninfo
                0x000000800420150f                mon_backtrace
                0x00000080042018c6                monitor
 .text          0x000000800420196b     0x5d67 obj/kern/pmap.o
                0x0000008004201ac2                restrictive_type
                0x000000800420251d                x64_vm_init
                0x0000008004202b44                page_init
                0x0000008004202e4a                page_alloc
                0x0000008004202f59                page_free
                0x0000008004203015                page_decref
                0x000000800420305b                pml4e_walk
                0x00000080042032d3                pdpe_walk
                0x0000008004203514                pgdir_walk
                0x000000800420374a                page_insert
                0x000000800420389f                page_lookup
                0x0000008004203920                page_remove
                0x00000080042039a0                tlb_invalidate
                0x0000008004203a77                mmio_map_region
                0x0000008004203b7a                user_mem_check
                0x0000008004203c9f                user_mem_assert
 .text          0x00000080042076d2     0x12c5 obj/kern/env.o
                0x000000800420784c                envid2env
                0x00000080042079bd                env_init
                0x0000008004207ae5                env_init_percpu
                0x0000008004207c63                env_alloc
                0x0000008004207f35                load_icode
                0x00000080042080e2                env_create
                0x0000008004208159                env_free
                0x00000080042085f0                env_destroy
                0x00000080042086e6                env_pop_tf
                0x00000080042087c7                env_run
 .text          0x0000008004208997       0x88 obj/kern/kclock.o
                0x0000008004208997                mc146818_read
                0x00000080042089d8                mc146818_write
 .text          0x0000008004208a1f      0x25e obj/kern/picirq.o
                0x0000008004208a1f                pic_init
                0x0000008004208b84                irq_setmask_8259A
 .text          0x0000008004208c7d      0x172 obj/kern/printf.o
                0x0000008004208cb0                vcprintf
                0x0000008004208d13                cprintf
 .text          0x0000008004208def     0x3fc0 obj/kern/trap.o
                0x0000008004208e9b                trap_init
                0x000000800420ba77                trap_init_percpu
                0x000000800420be7a                print_trapframe
                0x000000800420c190                print_regs
                0x000000800420c5de                trap
                0x000000800420ca2b                page_fault_handler
 *fill*         0x000000800420cdaf        0x1 
 .text          0x000000800420cdb0      0x1c8 obj/kern/trapentry.o
                0x000000800420cdb0                CSE_DIVIDE
                0x000000800420cdba                CSE_DEBUG
                0x000000800420cdc4                CSE_NMI
                0x000000800420cdce                CSE_BRKPT
                0x000000800420cdd8                CSE_OFLOW
                0x000000800420cde2                CSE_BOUND
                0x000000800420cdec                CSE_ILLOP
                0x000000800420cdf6                CSE_DEVICE
                0x000000800420ce00                CSE_DBLFLT
                0x000000800420ce08                CSE_TSS
                0x000000800420ce10                CSE_SEGNP
                0x000000800420ce18                CSE_STACK
                0x000000800420ce20                CSE_GPFLT
                0x000000800420ce28                CSE_PGFLT
                0x000000800420ce2c                CSE_FPERR
                0x000000800420ce32                CSE_ALIGN
                0x000000800420ce38                CSE_MCHK
                0x000000800420ce3e                CSE_SIMDERR
                0x000000800420ce44                CSE_SYSCALL
                0x000000800420ce4a                CSE_IRQ0
                0x000000800420ce50                CSE_IRQ1
                0x000000800420ce56                CSE_IRQ2
                0x000000800420ce5c                CSE_IRQ3
                0x000000800420ce62                CSE_IRQ4
                0x000000800420ce68                CSE_IRQ5
                0x000000800420ce6e                CSE_IRQ6
                0x000000800420ce74                CSE_IRQ7
                0x000000800420ce7a                CSE_IRQ8
                0x000000800420ce80                CSE_IRQ9
                0x000000800420ce86                CSE_IRQ10
                0x000000800420ce8c                CSE_IRQ11
                0x000000800420ce92                CSE_IRQ12
                0x000000800420ce98                CSE_IRQ13
                0x000000800420ce9e                CSE_IRQ14
                0x000000800420cea4                CSE_IRQ15
                0x000000800420ceaa                _alltraps
 .text          0x000000800420cf78      0x3d2 obj/kern/sched.o
                0x000000800420cfc4                sched_yield
                0x000000800420d125                sched_halt
 .text          0x000000800420d34a     0x105c obj/kern/syscall.o
                0x000000800420e1b2                syscall
 .text          0x000000800420e3a6      0x95c obj/kern/kdebug.o
                0x000000800420e3a6                list_func_die
                0x000000800420e8f1                debuginfo_rip
 .text          0x000000800420ed02      0xa6d obj/kern/printfmt.o
                0x000000800420efd4                vprintfmt
                0x000000800420f4df                printfmt
                0x000000800420f5e9                vsnprintf
                0x000000800420f68a                snprintf
 .text          0x000000800420f76f      0x15d obj/kern/readline.o
                0x000000800420f76f                readline
 .text          0x000000800420f8cc      0x804 obj/kern/string.o
                0x000000800420f8cc                strlen
                0x000000800420f8fe                strnlen
                0x000000800420f940                strcpy
                0x000000800420f987                strcat
                0x000000800420f9da                strncpy
                0x000000800420fa3e                strlcpy
                0x000000800420faac                strcmp
                0x000000800420fb03                strncmp
                0x000000800420fb78                strchr
                0x000000800420fbb8                strfind
                0x000000800420fbf4                memset
                0x000000800420fc83                memmove
                0x000000800420fd9e                memcpy
                0x000000800420fdd6                memcmp
                0x000000800420fe4e                memfind
                0x000000800420fe9c                strtol
                0x0000008004210031                strstr
 .text          0x00000080042100d0     0x1f63 obj/kern/libdwarf_rw.o
                0x00000080042100d0                _dwarf_read_lsb
                0x000000800421020c                _dwarf_decode_lsb
                0x000000800421033d                _dwarf_read_msb
                0x00000080042104fe                _dwarf_decode_msb
                0x00000080042106bc                _dwarf_read_sleb128
                0x0000008004210764                _dwarf_read_uleb128
                0x00000080042107e7                _dwarf_decode_sleb128
                0x000000800421087d                _dwarf_decode_uleb128
                0x00000080042108ee                _dwarf_read_string
                0x0000008004210981                _dwarf_read_block
                0x00000080042109ce                _dwarf_elf_get_byte_order
                0x0000008004210a40                _dwarf_elf_get_pointer_size
                0x0000008004210aae                _dwarf_init
                0x0000008004210b8e                _get_next_cu
                0x0000008004210d30                print_cu
                0x0000008004210d6c                _dwarf_abbrev_parse
                0x0000008004210ff7                _dwarf_abbrev_find
                0x0000008004211105                _dwarf_attr_init
                0x00000080042117ec                dwarf_search_die_within_cu
                0x0000008004211acb                dwarf_offdie
                0x0000008004211bb1                _dwarf_attr_find
                0x0000008004211c48                dwarf_siblingof
                0x0000008004211e4e                dwarf_child
                0x0000008004211fd2                _dwarf_find_section_enhanced
 .text          0x0000008004212033     0x2671 obj/kern/libdwarf_frame.o
                0x0000008004212033                _dwarf_frame_params_init
                0x0000008004212078                dwarf_get_fde_at_pc
                0x00000080042121bb                _dwarf_frame_regtable_copy
                0x00000080042131d2                _dwarf_frame_get_internal_table
                0x000000800421346d                dwarf_get_fde_info_for_all_regs
                0x00000080042142c2                _dwarf_frame_interal_table_init
                0x000000800421458c                dwarf_set_frame_cfa_value
                0x00000080042145c0                _dwarf_frame_section_load_eh
                0x0000008004214602                dwarf_init_eh_section
 .text          0x00000080042146a4      0xd1c obj/kern/libdwarf_lineno.o
                0x0000008004214ca7                _dwarf_lineno_init
                0x0000008004215238                dwarf_srclines
 .text          0x00000080042153c0      0xd50 obj/kern/elf_rw.o
                0x00000080042153c0                _dwarf_find_section
                0x0000008004215443                find_debug_sections
                0x0000008004215712                read_section_headers
                0x0000008004215e6f                readseg
                0x0000008004215fd8                waitdisk
                0x000000800421600a                readsect
 .text          0x0000008004216110       0xe7 obj/kern/mpentry.o
                0x0000008004216110                mpentry_start
                0x00000080042161f6                mpentry_end
 .text          0x00000080042161f7      0x7ea obj/kern/mpconfig.o
                0x00000080042166dd                mp_init
 .text          0x00000080042169e1      0x49e obj/kern/lapic.o
                0x0000008004216a28                lapic_init
                0x0000008004216c27                cpunum
                0x0000008004216c60                lapic_eoi
                0x0000008004216ca5                lapic_startap
                0x0000008004216e32                lapic_ipi
 .text          0x0000008004216e7f      0x491 obj/kern/spinlock.o
                0x0000008004216fab                __spin_initlock
                0x0000008004216fe4                spin_lock
                0x00000080042170bf                spin_unlock
                0x0000008004217310                PROVIDE (etext = .)

.iplt           0x0000008004217310        0x0 load address 0x0000000000217310
 .iplt          0x0000008004217310        0x0 obj/kern/bootstrap.o

.rodata         0x0000008004217320     0x2c31 load address 0x0000000000217320
 *(EXCLUDE_FILE(obj/kern/bootstrap.o) .rodata .rodata.* .gnu.linkonce.r.*)
 .rodata        0x0000008004217320       0xce obj/kern/init.o
 .rodata        0x00000080042173ee       0x29 obj/kern/console.o
 *fill*         0x0000008004217417        0x1 
 .rodata        0x0000008004217418      0x291 obj/kern/monitor.o
 *fill*         0x00000080042176a9        0x7 
 .rodata        0x00000080042176b0      0xec4 obj/kern/pmap.o
 *fill*         0x0000008004218574        0x4 
 .rodata        0x0000008004218578       0xe5 obj/kern/env.o
 .rodata        0x000000800421865d       0x1a obj/kern/picirq.o
 *fill*         0x0000008004218677        0x9 
 .rodata        0x0000008004218680      0x4a0 obj/kern/trap.o
 .rodata        0x0000008004218b20       0x61 obj/kern/sched.o
 *fill*         0x0000008004218b81        0x7 
 .rodata        0x0000008004218b88      0x320 obj/kern/syscall.o
 *fill*         0x0000008004218ea8       0x18 
 .rodata        0x0000008004218ec0      0x390 obj/kern/kdebug.o
 *fill*         0x0000008004219250       0x10 
 .rodata        0x0000008004219260      0x4a0 obj/kern/printfmt.o
 .rodata        0x0000008004219700       0x13 obj/kern/readline.o
 *fill*         0x0000008004219713        0x5 
 .rodata        0x0000008004219718      0x1ab obj/kern/libdwarf_rw.o
 *fill*         0x00000080042198c3        0x5 
 .rodata        0x00000080042198c8      0x200 obj/kern/libdwarf_frame.o
 .rodata        0x0000008004219ac8       0xc3 obj/kern/libdwarf_lineno.o
 .rodata        0x0000008004219b8b       0xa4 obj/kern/elf_rw.o
 *fill*         0x0000008004219c2f        0x1 
 .rodata        0x0000008004219c30      0x1f9 obj/kern/mpconfig.o
 *fill*         0x0000008004219e29        0x7 
 .rodata        0x0000008004219e30       0x30 obj/kern/lapic.o
 .rodata        0x0000008004219e60       0xf1 obj/kern/spinlock.o

.rela.dyn       0x0000008004219f58        0x0 load address 0x0000000000219f58
 .rela.got      0x0000008004219f58        0x0 obj/kern/bootstrap.o
 .rela.iplt     0x0000008004219f58        0x0 obj/kern/bootstrap.o
 .rela.text     0x0000008004219f58        0x0 obj/kern/bootstrap.o
 .rela.data     0x0000008004219f58        0x0 obj/kern/bootstrap.o
                0x000000800421a000                . = ALIGN (0x1000)

.data           0x000000800421a000   0x325fa0 load address 0x000000000021a000
 *(EXCLUDE_FILE(obj/kern/bootstrap.o) .data)
 .data          0x000000800421a000    0x10042 obj/kern/entry.o
                0x000000800421a000                bootstack
                0x000000800422a000                kernel_64
                0x000000800422a000                bootstacktop
                0x000000800422a038                gdtdesc_64
 .data          0x000000800422a042        0x0 obj/kern/init.o
 *fill*         0x000000800422a042       0x1e 
 .data          0x000000800422a060      0x520 obj/kern/console.o
 .data          0x000000800422a580       0x48 obj/kern/monitor.o
 .data          0x000000800422a5c8        0x8 obj/kern/pmap.o
 *fill*         0x000000800422a5d0       0x10 
 .data          0x000000800422a5e0       0xb2 obj/kern/env.o
                0x000000800422a5e0                gdt
                0x000000800422a688                gdt_pd
 .data          0x000000800422a692        0x0 obj/kern/kclock.o
 .data          0x000000800422a692        0x2 obj/kern/picirq.o
                0x000000800422a692                irq_mask_8259A
 .data          0x000000800422a694        0x0 obj/kern/printf.o
 .data          0x000000800422a694        0x0 obj/kern/trap.o
 .data          0x000000800422a694        0x0 obj/kern/trapentry.o
 .data          0x000000800422a694        0x0 obj/kern/sched.o
 .data          0x000000800422a694        0x0 obj/kern/syscall.o
 *fill*         0x000000800422a694        0x4 
 .data          0x000000800422a698        0x8 obj/kern/kdebug.o
                0x000000800422a698                dbg
 .data          0x000000800422a6a0        0x0 obj/kern/printfmt.o
 .data          0x000000800422a6a0        0x0 obj/kern/readline.o
 .data          0x000000800422a6a0        0x0 obj/kern/string.o
 .data          0x000000800422a6a0        0x0 obj/kern/libdwarf_rw.o
 .data          0x000000800422a6a0       0x24 obj/kern/libdwarf_frame.o
                0x000000800422a6a0                debug_frame_sec
                0x000000800422a6c0                is_eh_frame
 .data          0x000000800422a6c4        0x0 obj/kern/libdwarf_lineno.o
 *fill*         0x000000800422a6c4       0x1c 
 .data          0x000000800422a6e0       0xa0 obj/kern/elf_rw.o
                0x000000800422a6e0                section_info
 .data          0x000000800422a780        0x0 obj/kern/mpentry.o
 .data          0x000000800422a780        0x0 obj/kern/mpconfig.o
 .data          0x000000800422a780        0x0 obj/kern/lapic.o
 .data          0x000000800422a780       0x68 obj/kern/spinlock.o
                0x000000800422a780                kernel_lock
 .data          0x000000800422a7e8    0x16ab0 obj/user/hello
                0x000000800422a7e8                _binary_obj_user_hello_start
                0x0000008004241298                _binary_obj_user_hello_end
 .data          0x0000008004241298    0x16a88 obj/user/idle
                0x0000008004241298                _binary_obj_user_idle_start
                0x0000008004257d20                _binary_obj_user_idle_end
 .data          0x0000008004257d20    0x16b30 obj/user/yield
                0x0000008004257d20                _binary_obj_user_yield_start
                0x000000800426e850                _binary_obj_user_yield_end
 .data          0x000000800426e850    0x170e0 obj/user/dumbfork
                0x000000800426e850                _binary_obj_user_dumbfork_start
                0x0000008004285930                _binary_obj_user_dumbfork_end
 .data          0x0000008004285930    0x1a018 obj/user/stresssched
                0x0000008004285930                _binary_obj_user_stresssched_start
                0x000000800429f948                _binary_obj_user_stresssched_end
 .data          0x000000800429f948    0x17a20 obj/user/faultdie
                0x000000800429f948                _binary_obj_user_faultdie_start
                0x00000080042b7368                _binary_obj_user_faultdie_end
 .data          0x00000080042b7368    0x18f48 obj/user/faultregs
                0x00000080042b7368                _binary_obj_user_faultregs_start
                0x00000080042d02b0                _binary_obj_user_faultregs_end
 .data          0x00000080042d02b0    0x17aa0 obj/user/faultalloc
                0x00000080042d02b0                _binary_obj_user_faultalloc_start
                0x00000080042e7d50                _binary_obj_user_faultalloc_end
 .data          0x00000080042e7d50    0x17aa8 obj/user/faultallocbad
                0x00000080042e7d50                _binary_obj_user_faultallocbad_start
                0x00000080042ff7f8                _binary_obj_user_faultallocbad_end
 .data          0x00000080042ff7f8    0x17848 obj/user/faultnostack
                0x00000080042ff7f8                _binary_obj_user_faultnostack_start
                0x0000008004317040                _binary_obj_user_faultnostack_end
 .data          0x0000008004317040    0x16ae0 obj/user/faultbadhandler
                0x0000008004317040                _binary_obj_user_faultbadhandler_start
                0x000000800432db20                _binary_obj_user_faultbadhandler_end
 .data          0x000000800432db20    0x16ae8 obj/user/faultevilhandler
                0x000000800432db20                _binary_obj_user_faultevilhandler_start
                0x0000008004344608                _binary_obj_user_faultevilhandler_end
 .data          0x0000008004344608    0x1a0c8 obj/user/forktree
                0x0000008004344608                _binary_obj_user_forktree_start
                0x000000800435e6d0                _binary_obj_user_forktree_end
 .data          0x000000800435e6d0    0x1a048 obj/user/sendpage
                0x000000800435e6d0                _binary_obj_user_sendpage_start
                0x0000008004378718                _binary_obj_user_sendpage_end
 .data          0x0000008004378718    0x19f00 obj/user/spin
                0x0000008004378718                _binary_obj_user_spin_start
                0x0000008004392618                _binary_obj_user_spin_end
 .data          0x0000008004392618    0x16b48 obj/user/fairness
                0x0000008004392618                _binary_obj_user_fairness_start
                0x00000080043a9160                _binary_obj_user_fairness_end
 .data          0x00000080043a9160    0x18f28 obj/user/pingpong
                0x00000080043a9160                _binary_obj_user_pingpong_start
                0x00000080043c2088                _binary_obj_user_pingpong_end
 .data          0x00000080043c2088    0x19f58 obj/user/pingpongs
                0x00000080043c2088                _binary_obj_user_pingpongs_start
                0x00000080043dbfe0                _binary_obj_user_pingpongs_end
 .data          0x00000080043dbfe0    0x1a040 obj/user/primes
                0x00000080043dbfe0                _binary_obj_user_primes_start
                0x00000080043f6020                _binary_obj_user_primes_end
 .data          0x00000080043f6020    0x17430 obj/user/testfilero
                0x00000080043f6020                _binary_obj_user_testfilero_start
                0x000000800440d450                _binary_obj_user_testfilero_end
 .data          0x000000800440d450    0x19968 obj/user/spawnhello
                0x000000800440d450                _binary_obj_user_spawnhello_start
                0x0000008004426db8                _binary_obj_user_spawnhello_end
 .data          0x0000008004426db8    0x19a78 obj/user/icode
                0x0000008004426db8                _binary_obj_user_icode_start
                0x0000008004440830                _binary_obj_user_icode_end
 .data          0x0000008004440830    0x27d40 obj/fs/fs
                0x0000008004440830                _binary_obj_fs_fs_start
                0x0000008004468570                _binary_obj_fs_fs_end
 .data          0x0000008004468570    0x1db48 obj/user/testpteshare
                0x0000008004468570                _binary_obj_user_testpteshare_start
                0x00000080044860b8                _binary_obj_user_testpteshare_end
 .data          0x00000080044860b8    0x1ad38 obj/user/testfdsharing
                0x00000080044860b8                _binary_obj_user_testfdsharing_start
                0x00000080044a0df0                _binary_obj_user_testfdsharing_end
 .data          0x00000080044a0df0    0x1ada8 obj/user/testpipe
                0x00000080044a0df0                _binary_obj_user_testpipe_start
                0x00000080044bbb98                _binary_obj_user_testpipe_end
 .data          0x00000080044bbb98    0x1a178 obj/user/testpiperace
                0x00000080044bbb98                _binary_obj_user_testpiperace_start
                0x00000080044d5d10                _binary_obj_user_testpiperace_end
 .data          0x00000080044d5d10    0x1a138 obj/user/testpiperace2
                0x00000080044d5d10                _binary_obj_user_testpiperace2_start
                0x00000080044efe48                _binary_obj_user_testpiperace2_end
 .data          0x00000080044efe48    0x1a1a8 obj/user/primespipe
                0x00000080044efe48                _binary_obj_user_primespipe_start
                0x0000008004509ff0                _binary_obj_user_primespipe_end
 .data          0x0000008004509ff0    0x181f0 obj/user/testkbd
                0x0000008004509ff0                _binary_obj_user_testkbd_start
                0x00000080045221e0                _binary_obj_user_testkbd_end
 .data          0x00000080045221e0    0x1ddc0 obj/user/testshell
                0x00000080045221e0                _binary_obj_user_testshell_start
                0x000000800453ffa0                _binary_obj_user_testshell_end
                0x000000800453ffa0                PROVIDE (edata = .)

.got            0x000000800453ffa0        0x0 load address 0x000000000053ffa0
 .got           0x000000800453ffa0        0x0 obj/kern/bootstrap.o

.got.plt        0x000000800453ffa0        0x0 load address 0x000000000053ffa0
 .got.plt       0x000000800453ffa0        0x0 obj/kern/bootstrap.o

.igot.plt       0x000000800453ffa0        0x0 load address 0x000000000053ffa0
 .igot.plt      0x000000800453ffa0        0x0 obj/kern/bootstrap.o

.bss            0x0000008004540000    0x84010 load address 0x0000000000540000
 *(EXCLUDE_FILE(obj/kern/bootstrap.o) .bss)
 .bss           0x0000008004540000        0x0 obj/kern/entry.o
 .bss           0x0000008004540000        0x0 obj/kern/init.o
 .bss           0x0000008004540000      0x22c obj/kern/console.o
 .bss           0x000000800454022c        0x0 obj/kern/monitor.o
 *fill*         0x000000800454022c        0x4 
 .bss           0x0000008004540230       0x20 obj/kern/pmap.o
 .bss           0x0000008004540250       0x10 obj/kern/env.o
                0x0000008004540250                envs
 .bss           0x0000008004540260        0x0 obj/kern/kclock.o
 .bss           0x0000008004540260        0x1 obj/kern/picirq.o
 .bss           0x0000008004540261        0x0 obj/kern/printf.o
 *fill*         0x0000008004540261       0x1f 
 .bss           0x0000008004540280     0x1090 obj/kern/trap.o
                0x0000008004540280                idt
                0x0000008004541280                idt_pd
 .bss           0x0000008004541310        0x0 obj/kern/trapentry.o
 .bss           0x0000008004541310        0x0 obj/kern/sched.o
 .bss           0x0000008004541310        0x0 obj/kern/syscall.o
 .bss           0x0000008004541310        0x8 obj/kern/kdebug.o
 .bss           0x0000008004541318        0x0 obj/kern/printfmt.o
 *fill*         0x0000008004541318        0x8 
 .bss           0x0000008004541320      0x400 obj/kern/readline.o
 .bss           0x0000008004541720        0x0 obj/kern/string.o
 .bss           0x0000008004541720        0x0 obj/kern/libdwarf_rw.o
 .bss           0x0000008004541720       0x68 obj/kern/libdwarf_frame.o
                0x0000008004541720                global_rt_table
                0x0000008004541760                global_rt_table_shadow
 .bss           0x0000008004541788        0x0 obj/kern/libdwarf_lineno.o
 .bss           0x0000008004541788        0x0 obj/kern/elf_rw.o
 .bss           0x0000008004541788        0x0 obj/kern/mpentry.o
 .bss           0x0000008004541788        0x0 obj/kern/mpconfig.o
 .bss           0x0000008004541788        0x0 obj/kern/lapic.o
 .bss           0x0000008004541788        0x0 obj/kern/spinlock.o
 COMMON         0x0000008004541788       0x18 obj/kern/init.o
                0x0000008004541788                end_debug
                0x0000008004541790                panicstr
                0x0000008004541798                mpentry_kstack
 COMMON         0x00000080045417a0       0x20 obj/kern/pmap.o
                0x00000080045417a0                boot_cr3
                0x00000080045417a8                boot_pml4e
                0x00000080045417b0                npages
                0x00000080045417b8                pages
 COMMON         0x00000080045417c0       0x58 obj/kern/kdebug.o
                0x00000080045417c0                mydebug
 *fill*         0x0000008004541818        0x8 
 COMMON         0x0000008004541820      0xc70 obj/kern/libdwarf_frame.o
                0x0000008004541820                global_rules_shadow
                0x0000008004541e60                global_rules
 *fill*         0x0000008004542490       0x10 
 COMMON         0x00000080045424a0      0x200 obj/kern/libdwarf_lineno.o
                0x00000080045424a0                global_std_op
 *fill*         0x00000080045426a0      0x960 
 COMMON         0x0000008004543000    0x81000 obj/kern/mpconfig.o
                0x0000008004543000                ismp
                0x0000008004543020                cpus
                0x00000080045433e0                bootcpu
                0x00000080045433e8                ncpu
                0x0000008004544000                percpu_kstacks
 COMMON         0x00000080045c4000       0x10 obj/kern/lapic.o
                0x00000080045c4000                lapicaddr
                0x00000080045c4008                lapic
                0x00000080045c4010                PROVIDE (end = .)

.debug
 *(.debug)

.line
 *(.line)

.debug_srcinfo
 *(.debug_srcinfo)

.debug_sfnames
 *(.debug_sfnames)

.debug_aranges  0x0000000000000000      0x4e0
 *(.debug_aranges)
 .debug_aranges
                0x0000000000000000       0x30 obj/kern/bootstrap.o
 .debug_aranges
                0x0000000000000030       0x30 obj/kern/entry.o
 .debug_aranges
                0x0000000000000060       0x30 obj/kern/init.o
 .debug_aranges
                0x0000000000000090       0x30 obj/kern/console.o
 .debug_aranges
                0x00000000000000c0       0x30 obj/kern/monitor.o
 .debug_aranges
                0x00000000000000f0       0x30 obj/kern/pmap.o
 .debug_aranges
                0x0000000000000120       0x30 obj/kern/env.o
 .debug_aranges
                0x0000000000000150       0x30 obj/kern/kclock.o
 .debug_aranges
                0x0000000000000180       0x30 obj/kern/picirq.o
 .debug_aranges
                0x00000000000001b0       0x30 obj/kern/printf.o
 .debug_aranges
                0x00000000000001e0       0x30 obj/kern/trap.o
 .debug_aranges
                0x0000000000000210       0x30 obj/kern/trapentry.o
 .debug_aranges
                0x0000000000000240       0x30 obj/kern/sched.o
 .debug_aranges
                0x0000000000000270       0x30 obj/kern/syscall.o
 .debug_aranges
                0x00000000000002a0       0x30 obj/kern/kdebug.o
 .debug_aranges
                0x00000000000002d0       0x30 obj/kern/printfmt.o
 .debug_aranges
                0x0000000000000300       0x30 obj/kern/readline.o
 .debug_aranges
                0x0000000000000330       0x30 obj/kern/string.o
 .debug_aranges
                0x0000000000000360       0x30 obj/kern/libdwarf_rw.o
 .debug_aranges
                0x0000000000000390       0x30 obj/kern/libdwarf_frame.o
 .debug_aranges
                0x00000000000003c0       0x30 obj/kern/libdwarf_lineno.o
 .debug_aranges
                0x00000000000003f0       0x30 obj/kern/elf_rw.o
 .debug_aranges
                0x0000000000000420       0x30 obj/kern/mpentry.o
 .debug_aranges
                0x0000000000000450       0x30 obj/kern/mpconfig.o
 .debug_aranges
                0x0000000000000480       0x30 obj/kern/lapic.o
 .debug_aranges
                0x00000000000004b0       0x30 obj/kern/spinlock.o

.debug_pubnames
 *(.debug_pubnames)

.debug_info     0x0000000000000000    0x14b76
 *(.debug_info .gnu.linkonce.wi.*)
 .debug_info    0x0000000000000000       0x2e obj/kern/bootstrap.o
 .debug_info    0x000000000000002e       0x2e obj/kern/entry.o
 .debug_info    0x000000000000005c     0x1097 obj/kern/init.o
 .debug_info    0x00000000000010f3      0xd8f obj/kern/console.o
 .debug_info    0x0000000000001e82      0xa89 obj/kern/monitor.o
 .debug_info    0x000000000000290b     0x379a obj/kern/pmap.o
 .debug_info    0x00000000000060a5     0x174c obj/kern/env.o
 .debug_info    0x00000000000077f1      0x1ec obj/kern/kclock.o
 .debug_info    0x00000000000079dd      0x47b obj/kern/picirq.o
 .debug_info    0x0000000000007e58      0x24a obj/kern/printf.o
 .debug_info    0x00000000000080a2     0x173d obj/kern/trap.o
 .debug_info    0x00000000000097df       0x2e obj/kern/trapentry.o
 .debug_info    0x000000000000980d      0xb09 obj/kern/sched.o
 .debug_info    0x000000000000a316     0x144c obj/kern/syscall.o
 .debug_info    0x000000000000b762     0x161d obj/kern/kdebug.o
 .debug_info    0x000000000000cd7f      0x6d4 obj/kern/printfmt.o
 .debug_info    0x000000000000d453      0x1ea obj/kern/readline.o
 .debug_info    0x000000000000d63d      0x731 obj/kern/string.o
 .debug_info    0x000000000000dd6e     0x1831 obj/kern/libdwarf_rw.o
 .debug_info    0x000000000000f59f     0x15b0 obj/kern/libdwarf_frame.o
 .debug_info    0x0000000000010b4f     0x1032 obj/kern/libdwarf_lineno.o
 .debug_info    0x0000000000011b81      0xb84 obj/kern/elf_rw.o
 .debug_info    0x0000000000012705       0x2e obj/kern/mpentry.o
 .debug_info    0x0000000000012733      0xe4f obj/kern/mpconfig.o
 .debug_info    0x0000000000013582      0xa95 obj/kern/lapic.o
 .debug_info    0x0000000000014017      0xb5f obj/kern/spinlock.o

.debug_abbrev   0x0000000000000000     0x3247
 *(.debug_abbrev)
 .debug_abbrev  0x0000000000000000       0x14 obj/kern/bootstrap.o
 .debug_abbrev  0x0000000000000014       0x14 obj/kern/entry.o
 .debug_abbrev  0x0000000000000028      0x2ef obj/kern/init.o
 .debug_abbrev  0x0000000000000317      0x2bd obj/kern/console.o
 .debug_abbrev  0x00000000000005d4      0x22f obj/kern/monitor.o
 .debug_abbrev  0x0000000000000803      0x37d obj/kern/pmap.o
 .debug_abbrev  0x0000000000000b80      0x37f obj/kern/env.o
 .debug_abbrev  0x0000000000000eff      0x10f obj/kern/kclock.o
 .debug_abbrev  0x000000000000100e      0x107 obj/kern/picirq.o
 .debug_abbrev  0x0000000000001115      0x107 obj/kern/printf.o
 .debug_abbrev  0x000000000000121c      0x381 obj/kern/trap.o
 .debug_abbrev  0x000000000000159d       0x14 obj/kern/trapentry.o
 .debug_abbrev  0x00000000000015b1      0x242 obj/kern/sched.o
 .debug_abbrev  0x00000000000017f3      0x284 obj/kern/syscall.o
 .debug_abbrev  0x0000000000001a77      0x2af obj/kern/kdebug.o
 .debug_abbrev  0x0000000000001d26      0x238 obj/kern/printfmt.o
 .debug_abbrev  0x0000000000001f5e       0xd8 obj/kern/readline.o
 .debug_abbrev  0x0000000000002036      0x13f obj/kern/string.o
 .debug_abbrev  0x0000000000002175      0x240 obj/kern/libdwarf_rw.o
 .debug_abbrev  0x00000000000023b5      0x281 obj/kern/libdwarf_frame.o
 .debug_abbrev  0x0000000000002636      0x2ba obj/kern/libdwarf_lineno.o
 .debug_abbrev  0x00000000000028f0      0x216 obj/kern/elf_rw.o
 .debug_abbrev  0x0000000000002b06       0x14 obj/kern/mpentry.o
 .debug_abbrev  0x0000000000002b1a      0x283 obj/kern/mpconfig.o
 .debug_abbrev  0x0000000000002d9d      0x227 obj/kern/lapic.o
 .debug_abbrev  0x0000000000002fc4      0x283 obj/kern/spinlock.o

.debug_line     0x0000000000000000     0x6d9d
 *(.debug_line)
 .debug_line    0x0000000000000000       0x99 obj/kern/bootstrap.o
 .debug_line    0x0000000000000099       0x51 obj/kern/entry.o
 .debug_line    0x00000000000000ea      0x292 obj/kern/init.o
 .debug_line    0x000000000000037c      0x4ca obj/kern/console.o
 .debug_line    0x0000000000000846      0x24e obj/kern/monitor.o
 .debug_line    0x0000000000000a94     0x15ec obj/kern/pmap.o
 .debug_line    0x0000000000002080      0x607 obj/kern/env.o
 .debug_line    0x0000000000002687       0x9e obj/kern/kclock.o
 .debug_line    0x0000000000002725      0x146 obj/kern/picirq.o
 .debug_line    0x000000000000286b       0xa5 obj/kern/printf.o
 .debug_line    0x0000000000002910      0x842 obj/kern/trap.o
 .debug_line    0x0000000000003152       0x7c obj/kern/trapentry.o
 .debug_line    0x00000000000031ce      0x21a obj/kern/sched.o
 .debug_line    0x00000000000033e8      0x4bf obj/kern/syscall.o
 .debug_line    0x00000000000038a7      0x313 obj/kern/kdebug.o
 .debug_line    0x0000000000003bba      0x32a obj/kern/printfmt.o
 .debug_line    0x0000000000003ee4       0xcc obj/kern/readline.o
 .debug_line    0x0000000000003fb0      0x489 obj/kern/string.o
 .debug_line    0x0000000000004439      0xaea obj/kern/libdwarf_rw.o
 .debug_line    0x0000000000004f23      0xd66 obj/kern/libdwarf_frame.o
 .debug_line    0x0000000000005c89      0x441 obj/kern/libdwarf_lineno.o
 .debug_line    0x00000000000060ca      0x49a obj/kern/elf_rw.o
 .debug_line    0x0000000000006564       0x74 obj/kern/mpentry.o
 .debug_line    0x00000000000065d8      0x35a obj/kern/mpconfig.o
 .debug_line    0x0000000000006932      0x223 obj/kern/lapic.o
 .debug_line    0x0000000000006b55      0x248 obj/kern/spinlock.o

.debug_frame
 *(.debug_frame)

.debug_str      0x0000000000000000     0x2b12
 *(.debug_str)
 .debug_str     0x0000000000000000       0x49 obj/kern/bootstrap.o
 .debug_str     0x0000000000000049        0xd obj/kern/entry.o
                                         0x45 (size before relaxing)
 .debug_str     0x0000000000000056      0x7e1 obj/kern/init.o
                                        0x8ab (size before relaxing)
 .debug_str     0x0000000000000837      0x13e obj/kern/console.o
                                        0x33f (size before relaxing)
 .debug_str     0x0000000000000975      0x154 obj/kern/monitor.o
                                        0x526 (size before relaxing)
 .debug_str     0x0000000000000ac9      0x553 obj/kern/pmap.o
                                        0xbd3 (size before relaxing)
 .debug_str     0x000000000000101c      0x1ec obj/kern/env.o
                                        0xa13 (size before relaxing)
 .debug_str     0x0000000000001208       0x23 obj/kern/kclock.o
                                        0x1d1 (size before relaxing)
 .debug_str     0x000000000000122b       0x1b obj/kern/picirq.o
                                        0x20d (size before relaxing)
 .debug_str     0x0000000000001246       0x18 obj/kern/printf.o
                                        0x234 (size before relaxing)
 .debug_str     0x000000000000125e      0x272 obj/kern/trap.o
                                        0xa3c (size before relaxing)
 .debug_str     0x00000000000014d0       0x11 obj/kern/trapentry.o
                                         0x49 (size before relaxing)
 .debug_str     0x00000000000014e1       0x1d obj/kern/sched.o
                                        0x6bb (size before relaxing)
 .debug_str     0x00000000000014fe      0x21e obj/kern/syscall.o
                                        0xa17 (size before relaxing)
 .debug_str     0x000000000000171c      0x838 obj/kern/kdebug.o
                                        0xf7a (size before relaxing)
 .debug_str     0x0000000000001f54       0x97 obj/kern/printfmt.o
                                        0x399 (size before relaxing)
 .debug_str     0x0000000000001feb       0x1e obj/kern/readline.o
                                        0x23b (size before relaxing)
 .debug_str     0x0000000000002009       0x6b obj/kern/string.o
                                        0x25f (size before relaxing)
 .debug_str     0x0000000000002074      0x228 obj/kern/libdwarf_rw.o
                                        0xca2 (size before relaxing)
 .debug_str     0x000000000000229c      0x435 obj/kern/libdwarf_frame.o
                                        0xc50 (size before relaxing)
 .debug_str     0x00000000000026d1      0x1ae obj/kern/libdwarf_lineno.o
                                        0xc75 (size before relaxing)
 .debug_str     0x000000000000287f      0x173 obj/kern/elf_rw.o
                                        0x507 (size before relaxing)
 .debug_str     0x00000000000029f2        0xf obj/kern/mpentry.o
                                         0x47 (size before relaxing)
 .debug_str     0x0000000000002a01       0xa4 obj/kern/mpconfig.o
                                        0x671 (size before relaxing)
 .debug_str     0x0000000000002aa5       0x36 obj/kern/lapic.o
                                        0x5db (size before relaxing)
 .debug_str     0x0000000000002adb       0x37 obj/kern/spinlock.o
                                        0x676 (size before relaxing)

.debug_loc      0x0000000000000000     0x4e34
 *(.debug_loc)
 .debug_loc     0x0000000000000000      0x264 obj/kern/init.o
 .debug_loc     0x0000000000000264      0x6c0 obj/kern/console.o
 .debug_loc     0x0000000000000924      0x1e0 obj/kern/monitor.o
 .debug_loc     0x0000000000000b04      0xc00 obj/kern/pmap.o
 .debug_loc     0x0000000000001704      0x638 obj/kern/env.o
 .debug_loc     0x0000000000001d3c       0xc0 obj/kern/kclock.o
 .debug_loc     0x0000000000001dfc       0xc0 obj/kern/picirq.o
 .debug_loc     0x0000000000001ebc      0x120 obj/kern/printf.o
 .debug_loc     0x0000000000001fdc      0x3ac obj/kern/trap.o
 .debug_loc     0x0000000000002388      0x180 obj/kern/sched.o
 .debug_loc     0x0000000000002508      0x58c obj/kern/syscall.o
 .debug_loc     0x0000000000002a94       0xc0 obj/kern/kdebug.o
 .debug_loc     0x0000000000002b54      0x300 obj/kern/printfmt.o
 .debug_loc     0x0000000000002e54       0x60 obj/kern/readline.o
 .debug_loc     0x0000000000002eb4      0x660 obj/kern/string.o
 .debug_loc     0x0000000000003514      0x900 obj/kern/libdwarf_rw.o
 .debug_loc     0x0000000000003e14      0x5a0 obj/kern/libdwarf_frame.o
 .debug_loc     0x00000000000043b4      0x180 obj/kern/libdwarf_lineno.o
 .debug_loc     0x0000000000004534      0x240 obj/kern/elf_rw.o
 .debug_loc     0x0000000000004774      0x1e0 obj/kern/mpconfig.o
 .debug_loc     0x0000000000004954      0x2a0 obj/kern/lapic.o
 .debug_loc     0x0000000000004bf4      0x240 obj/kern/spinlock.o

.comment        0x0000000000000000       0x2a
 .comment       0x0000000000000000       0x2a obj/kern/init.o
                                         0x2b (size before relaxing)
 .comment       0x000000000000002a       0x2b obj/kern/console.o
 .comment       0x000000000000002a       0x2b obj/kern/monitor.o
 .comment       0x000000000000002a       0x2b obj/kern/pmap.o
 .comment       0x000000000000002a       0x2b obj/kern/env.o
 .comment       0x000000000000002a       0x2b obj/kern/kclock.o
 .comment       0x000000000000002a       0x2b obj/kern/picirq.o
 .comment       0x000000000000002a       0x2b obj/kern/printf.o
 .comment       0x000000000000002a       0x2b obj/kern/trap.o
 .comment       0x000000000000002a       0x2b obj/kern/sched.o
 .comment       0x000000000000002a       0x2b obj/kern/syscall.o
 .comment       0x000000000000002a       0x2b obj/kern/kdebug.o
 .comment       0x000000000000002a       0x2b obj/kern/printfmt.o
 .comment       0x000000000000002a       0x2b obj/kern/readline.o
 .comment       0x000000000000002a       0x2b obj/kern/string.o
 .comment       0x000000000000002a       0x2b obj/kern/libdwarf_rw.o
 .comment       0x000000000000002a       0x2b obj/kern/libdwarf_frame.o
 .comment       0x000000000000002a       0x2b obj/kern/libdwarf_lineno.o
 .comment       0x000000000000002a       0x2b obj/kern/elf_rw.o
 .comment       0x000000000000002a       0x2b obj/kern/mpconfig.o
 .comment       0x000000000000002a       0x2b obj/kern/lapic.o
 .comment       0x000000000000002a       0x2b obj/kern/spinlock.o

.debug_macinfo
 *(.debug_macinfo)

.debug_weaknames
 *(.debug_weaknames)

.debug_funcnames
 *(.debug_funcnames)

.debug_typenames
 *(.debug_typenames)

.debug_varnames
 *(.debug_varnames)

/DISCARD/
 *(.eh_frame .note.GNU-stack)
LOAD obj/kern/entry.o
LOAD obj/kern/bootstrap.o
LOAD obj/kern/init.o
LOAD obj/kern/console.o
LOAD obj/kern/monitor.o
LOAD obj/kern/pmap.o
LOAD obj/kern/env.o
LOAD obj/kern/kclock.o
LOAD obj/kern/picirq.o
LOAD obj/kern/printf.o
LOAD obj/kern/trap.o
LOAD obj/kern/trapentry.o
LOAD obj/kern/sched.o
LOAD obj/kern/syscall.o
LOAD obj/kern/kdebug.o
LOAD obj/kern/printfmt.o
LOAD obj/kern/readline.o
LOAD obj/kern/string.o
LOAD obj/kern/libdwarf_rw.o
LOAD obj/kern/libdwarf_frame.o
LOAD obj/kern/libdwarf_lineno.o
LOAD obj/kern/elf_rw.o
LOAD obj/kern/mpentry.o
LOAD obj/kern/mpconfig.o
LOAD obj/kern/lapic.o
LOAD obj/kern/spinlock.o
LOAD /usr/lib/gcc/x86_64-linux-gnu/9/libgcc.a
TARGET(binary)
LOAD obj/user/hello
LOAD obj/user/idle
LOAD obj/user/yield
LOAD obj/user/dumbfork
LOAD obj/user/stresssched
LOAD obj/user/faultdie
LOAD obj/user/faultregs
LOAD obj/user/faultalloc
LOAD obj/user/faultallocbad
LOAD obj/user/faultnostack
LOAD obj/user/faultbadhandler
LOAD obj/user/faultevilhandler
LOAD obj/user/forktree
LOAD obj/user/sendpage
LOAD obj/user/spin
LOAD obj/user/fairness
LOAD obj/user/pingpong
LOAD obj/user/pingpongs
LOAD obj/user/primes
LOAD obj/user/testfilero
LOAD obj/user/spawnhello
LOAD obj/user/icode
LOAD obj/fs/fs
LOAD obj/user/testpteshare
LOAD obj/user/testfdsharing
LOAD obj/user/testpipe
LOAD obj/user/testpiperace
LOAD obj/user/testpiperace2
LOAD obj/user/primespipe
LOAD obj/user/testkbd
LOAD obj/user/testshell
OUTPUT(obj/kern/kernel elf64-x86-64)

.debug_ranges   0x0000000000000000       0x60
 .debug_ranges  0x0000000000000000       0x30 obj/kern/pmap.o
 .debug_ranges  0x0000000000000030       0x30 obj/kern/string.o
