
Merging program properties

Removed property 0xc0000002 to merge obj/kern/init.o (0x3) and obj/kern/bootstrap.o (not found)
Removed property 0xc0000002 to merge obj/kern/init.o (not found) and obj/kern/console.o (0x3)
Removed property 0xc0000002 to merge obj/kern/init.o (not found) and obj/kern/monitor.o (0x3)
Removed property 0xc0000002 to merge obj/kern/init.o (not found) and obj/kern/pmap.o (0x3)
Removed property 0xc0000002 to merge obj/kern/init.o (not found) and obj/kern/env.o (0x3)
Removed property 0xc0000002 to merge obj/kern/init.o (not found) and obj/kern/kclock.o (0x3)
Removed property 0xc0000002 to merge obj/kern/init.o (not found) and obj/kern/picirq.o (0x3)
Removed property 0xc0000002 to merge obj/kern/init.o (not found) and obj/kern/printf.o (0x3)
Removed property 0xc0000002 to merge obj/kern/init.o (not found) and obj/kern/trap.o (0x3)
Removed property 0xc0000002 to merge obj/kern/init.o (not found) and obj/kern/sched.o (0x3)
Removed property 0xc0000002 to merge obj/kern/init.o (not found) and obj/kern/syscall.o (0x3)
Removed property 0xc0000002 to merge obj/kern/init.o (not found) and obj/kern/kdebug.o (0x3)
Removed property 0xc0000002 to merge obj/kern/init.o (not found) and obj/kern/printfmt.o (0x3)
Removed property 0xc0000002 to merge obj/kern/init.o (not found) and obj/kern/readline.o (0x3)
Removed property 0xc0000002 to merge obj/kern/init.o (not found) and obj/kern/string.o (0x3)
Removed property 0xc0000002 to merge obj/kern/init.o (not found) and obj/kern/libdwarf_rw.o (0x3)
Removed property 0xc0000002 to merge obj/kern/init.o (not found) and obj/kern/libdwarf_frame.o (0x3)
Removed property 0xc0000002 to merge obj/kern/init.o (not found) and obj/kern/libdwarf_lineno.o (0x3)
Removed property 0xc0000002 to merge obj/kern/init.o (not found) and obj/kern/elf_rw.o (0x3)
Removed property 0xc0000002 to merge obj/kern/init.o (not found) and obj/kern/mpconfig.o (0x3)
Removed property 0xc0000002 to merge obj/kern/init.o (not found) and obj/kern/lapic.o (0x3)
Removed property 0xc0000002 to merge obj/kern/init.o (not found) and obj/kern/spinlock.o (0x3)

Allocating common symbols
Common symbol       size              file

global_rules_shadow
                    0x630             obj/kern/libdwarf_frame.o
ismp                0x4               obj/kern/mpconfig.o
lapicaddr           0x8               obj/kern/lapic.o
end_debug           0x8               obj/kern/init.o
mydebug             0x58              obj/kern/kdebug.o
panicstr            0x8               obj/kern/init.o
boot_cr3            0x8               obj/kern/pmap.o
mpentry_kstack      0x8               obj/kern/init.o
cpus                0x3c0             obj/kern/mpconfig.o
global_std_op       0x200             obj/kern/libdwarf_lineno.o
lapic               0x8               obj/kern/lapic.o
bootcpu             0x8               obj/kern/mpconfig.o
global_rules        0x630             obj/kern/libdwarf_frame.o
boot_pml4e          0x8               obj/kern/pmap.o
ncpu                0x4               obj/kern/mpconfig.o
npages              0x8               obj/kern/pmap.o
pages               0x8               obj/kern/pmap.o
percpu_kstacks      0x80000           obj/kern/mpconfig.o

Discarded input sections

 .note.GNU-stack
                0x0000000000000000        0x0 obj/kern/init.o
 .note.gnu.property
                0x0000000000000000       0x20 obj/kern/init.o
 .eh_frame      0x0000000000000000       0xf0 obj/kern/init.o
 .note.GNU-stack
                0x0000000000000000        0x0 obj/kern/console.o
 .note.gnu.property
                0x0000000000000000       0x20 obj/kern/console.o
 .eh_frame      0x0000000000000000      0x258 obj/kern/console.o
 .note.GNU-stack
                0x0000000000000000        0x0 obj/kern/monitor.o
 .note.gnu.property
                0x0000000000000000       0x20 obj/kern/monitor.o
 .eh_frame      0x0000000000000000       0x78 obj/kern/monitor.o
 .note.GNU-stack
                0x0000000000000000        0x0 obj/kern/pmap.o
 .note.gnu.property
                0x0000000000000000       0x20 obj/kern/pmap.o
 .eh_frame      0x0000000000000000      0x3f0 obj/kern/pmap.o
 .note.GNU-stack
                0x0000000000000000        0x0 obj/kern/env.o
 .note.gnu.property
                0x0000000000000000       0x20 obj/kern/env.o
 .eh_frame      0x0000000000000000      0x228 obj/kern/env.o
 .note.GNU-stack
                0x0000000000000000        0x0 obj/kern/kclock.o
 .note.gnu.property
                0x0000000000000000       0x20 obj/kern/kclock.o
 .eh_frame      0x0000000000000000       0x58 obj/kern/kclock.o
 .note.GNU-stack
                0x0000000000000000        0x0 obj/kern/picirq.o
 .note.gnu.property
                0x0000000000000000       0x20 obj/kern/picirq.o
 .eh_frame      0x0000000000000000       0x58 obj/kern/picirq.o
 .note.GNU-stack
                0x0000000000000000        0x0 obj/kern/printf.o
 .note.gnu.property
                0x0000000000000000       0x20 obj/kern/printf.o
 .eh_frame      0x0000000000000000       0x78 obj/kern/printf.o
 .note.GNU-stack
                0x0000000000000000        0x0 obj/kern/trap.o
 .note.gnu.property
                0x0000000000000000       0x20 obj/kern/trap.o
 .eh_frame      0x0000000000000000      0x160 obj/kern/trap.o
 .note.GNU-stack
                0x0000000000000000        0x0 obj/kern/sched.o
 .note.gnu.property
                0x0000000000000000       0x20 obj/kern/sched.o
 .eh_frame      0x0000000000000000       0x98 obj/kern/sched.o
 .note.GNU-stack
                0x0000000000000000        0x0 obj/kern/syscall.o
 .note.gnu.property
                0x0000000000000000       0x20 obj/kern/syscall.o
 .eh_frame      0x0000000000000000      0x208 obj/kern/syscall.o
 .note.GNU-stack
                0x0000000000000000        0x0 obj/kern/kdebug.o
 .note.gnu.property
                0x0000000000000000       0x20 obj/kern/kdebug.o
 .eh_frame      0x0000000000000000       0x58 obj/kern/kdebug.o
 .note.GNU-stack
                0x0000000000000000        0x0 obj/kern/printfmt.o
 .note.gnu.property
                0x0000000000000000       0x20 obj/kern/printfmt.o
 .eh_frame      0x0000000000000000      0x128 obj/kern/printfmt.o
 .note.GNU-stack
                0x0000000000000000        0x0 obj/kern/readline.o
 .note.gnu.property
                0x0000000000000000       0x20 obj/kern/readline.o
 .eh_frame      0x0000000000000000       0x38 obj/kern/readline.o
 .note.GNU-stack
                0x0000000000000000        0x0 obj/kern/string.o
 .note.gnu.property
                0x0000000000000000       0x20 obj/kern/string.o
 .eh_frame      0x0000000000000000      0x238 obj/kern/string.o
 .note.GNU-stack
                0x0000000000000000        0x0 obj/kern/libdwarf_rw.o
 .note.gnu.property
                0x0000000000000000       0x20 obj/kern/libdwarf_rw.o
 .eh_frame      0x0000000000000000      0x320 obj/kern/libdwarf_rw.o
 .note.GNU-stack
                0x0000000000000000        0x0 obj/kern/libdwarf_frame.o
 .note.gnu.property
                0x0000000000000000       0x20 obj/kern/libdwarf_frame.o
 .eh_frame      0x0000000000000000      0x200 obj/kern/libdwarf_frame.o
 .note.GNU-stack
                0x0000000000000000        0x0 obj/kern/libdwarf_lineno.o
 .note.gnu.property
                0x0000000000000000       0x20 obj/kern/libdwarf_lineno.o
 .eh_frame      0x0000000000000000       0xa0 obj/kern/libdwarf_lineno.o
 .note.GNU-stack
                0x0000000000000000        0x0 obj/kern/elf_rw.o
 .note.gnu.property
                0x0000000000000000       0x20 obj/kern/elf_rw.o
 .eh_frame      0x0000000000000000       0xd8 obj/kern/elf_rw.o
 .note.GNU-stack
                0x0000000000000000        0x0 obj/kern/mpconfig.o
 .note.gnu.property
                0x0000000000000000       0x20 obj/kern/mpconfig.o
 .eh_frame      0x0000000000000000       0xb8 obj/kern/mpconfig.o
 .note.GNU-stack
                0x0000000000000000        0x0 obj/kern/lapic.o
 .note.gnu.property
                0x0000000000000000       0x20 obj/kern/lapic.o
 .eh_frame      0x0000000000000000       0xf8 obj/kern/lapic.o
 .note.GNU-stack
                0x0000000000000000        0x0 obj/kern/spinlock.o
 .note.gnu.property
                0x0000000000000000       0x20 obj/kern/spinlock.o
 .eh_frame      0x0000000000000000       0xf0 obj/kern/spinlock.o

Memory Configuration

Name             Origin             Length             Attributes
*default*        0x0000000000000000 0xffffffffffffffff

Linker script and memory map

                0x0000000000100000                . = 0x100000

.bootstrap      0x0000000000100000     0x7004
 obj/kern/bootstrap.o(.text .data .bss)
 .text          0x0000000000100000      0x110 obj/kern/bootstrap.o
                0x0000000000100000                entry
                0x00000000001000e0                jumpto_longmode
 *fill*         0x0000000000100110      0xef0 
 .data          0x0000000000101000     0x6004 obj/kern/bootstrap.o
                0x0000000000102000                pml4virt
                0x0000000000107000                multiboot_info
 .bss           0x0000000000107004        0x0 obj/kern/bootstrap.o
                0x0000008004200000                . = 0x8004200000

.text           0x0000008004200000    0x16c41 load address 0x0000000000200000
 *(EXCLUDE_FILE(obj/kern/bootstrap.o) .text .stub .text.* .gnu.linkonce.t.*)
 .text          0x0000008004200000       0x58 obj/kern/entry.o
                0x000000800420000c                _bootstrap
                0x000000000020000c                _start
 .text          0x0000008004200058      0x663 obj/kern/init.o
                0x00000080042000a2                i386_init
                0x00000080042003db                mp_main
                0x00000080042004a7                _panic
                0x00000080042005d8                kernel_banner
 .text          0x00000080042006bb      0xbd1 obj/kern/console.o
                0x0000008004200754                serial_intr
                0x0000008004200fe7                kbd_intr
                0x00000080042010d1                cons_getc
                0x00000080042011ce                cons_init
                0x000000800420122c                cputchar
                0x000000800420124f                getchar
                0x0000008004201276                iscons
 .text          0x000000800420128c      0x356 obj/kern/monitor.o
                0x000000800420128c                mon_help
                0x000000800420153d                monitor
 .text          0x00000080042015e2     0x5a6e obj/kern/pmap.o
                0x0000008004201714                restrictive_type
                0x000000800420207a                x64_vm_init
                0x000000800420254b                page_init
                0x0000008004202851                page_alloc
                0x0000008004202930                page_free
                0x00000080042029ec                page_decref
                0x0000008004202a32                pml4e_walk
                0x0000008004202caa                pdpe_walk
                0x0000008004202eeb                pgdir_walk
                0x0000008004203154                page_insert
                0x0000008004203216                page_lookup
                0x0000008004203297                page_remove
                0x0000008004203317                tlb_invalidate
                0x00000080042033ee                mmio_map_region
                0x00000080042034f8                user_mem_check
                0x000000800420361d                user_mem_assert
 .text          0x0000008004207050     0x133d obj/kern/env.o
                0x00000080042071a5                envid2env
                0x0000008004207316                env_init
                0x000000800420743e                env_init_percpu
                0x00000080042075bc                env_alloc
                0x0000008004207931                load_icode
                0x0000008004207af7                create_proc
                0x0000008004207b4f                env_free
                0x0000008004207fe6                env_destroy
                0x00000080042080dc                env_pop_tf
                0x00000080042081bd                env_run
 .text          0x000000800420838d       0x88 obj/kern/kclock.o
                0x000000800420838d                mc146818_read
                0x00000080042083ce                mc146818_write
 .text          0x0000008004208415      0x1d8 obj/kern/picirq.o
                0x0000008004208415                pic_init
                0x000000800420857a                irq_setmask_8259A
 .text          0x00000080042085ed      0x172 obj/kern/printf.o
                0x0000008004208620                vcprintf
                0x0000008004208683                cprintf
 .text          0x000000800420875f     0x3fc1 obj/kern/trap.o
                0x000000800420880b                trap_init
                0x000000800420b3e8                trap_init_percpu
                0x000000800420b7eb                print_trapframe
                0x000000800420bb01                print_regs
                0x000000800420bf4f                trap
                0x000000800420c39c                page_fault_handler
 .text          0x000000800420c720      0x1c8 obj/kern/trapentry.o
                0x000000800420c720                ALV_DIVIDE
                0x000000800420c72a                ALV_DEBUG
                0x000000800420c734                ALV_NMI
                0x000000800420c73e                ALV_BRKPT
                0x000000800420c748                ALV_OFLOW
                0x000000800420c752                ALV_BOUND
                0x000000800420c75c                ALV_ILLOP
                0x000000800420c766                ALV_DEVICE
                0x000000800420c770                ALV_DBLFLT
                0x000000800420c778                ALV_TSS
                0x000000800420c780                ALV_SEGNP
                0x000000800420c788                ALV_STACK
                0x000000800420c790                ALV_GPFLT
                0x000000800420c798                ALV_PGFLT
                0x000000800420c79c                ALV_FPERR
                0x000000800420c7a2                ALV_ALIGN
                0x000000800420c7a8                ALV_MCHK
                0x000000800420c7ae                ALV_SIMDERR
                0x000000800420c7b4                ALV_SYSCALL
                0x000000800420c7ba                ALV_IRQ0
                0x000000800420c7c0                ALV_IRQ1
                0x000000800420c7c6                ALV_IRQ2
                0x000000800420c7cc                ALV_IRQ3
                0x000000800420c7d2                ALV_IRQ4
                0x000000800420c7d8                ALV_IRQ5
                0x000000800420c7de                ALV_IRQ6
                0x000000800420c7e4                ALV_IRQ7
                0x000000800420c7ea                ALV_IRQ8
                0x000000800420c7f0                ALV_IRQ9
                0x000000800420c7f6                ALV_IRQ10
                0x000000800420c7fc                ALV_IRQ11
                0x000000800420c802                ALV_IRQ12
                0x000000800420c808                ALV_IRQ13
                0x000000800420c80e                ALV_IRQ14
                0x000000800420c814                ALV_IRQ15
                0x000000800420c81a                _alltraps
 .text          0x000000800420c8e8      0x3d2 obj/kern/sched.o
                0x000000800420c934                sched_yield
                0x000000800420ca95                sched_halt
 .text          0x000000800420ccba     0x105c obj/kern/syscall.o
                0x000000800420db22                syscall
 .text          0x000000800420dd16      0x95c obj/kern/kdebug.o
                0x000000800420dd16                list_func_die
                0x000000800420e261                debuginfo_rip
 .text          0x000000800420e672      0xa6d obj/kern/printfmt.o
                0x000000800420e944                vprintfmt
                0x000000800420ee4f                printfmt
                0x000000800420ef59                vsnprintf
                0x000000800420effa                snprintf
 .text          0x000000800420f0df      0x15d obj/kern/readline.o
                0x000000800420f0df                readline
 .text          0x000000800420f23c      0x804 obj/kern/string.o
                0x000000800420f23c                strlen
                0x000000800420f26e                strnlen
                0x000000800420f2b0                strcpy
                0x000000800420f2f7                strcat
                0x000000800420f34a                strncpy
                0x000000800420f3ae                strlcpy
                0x000000800420f41c                strcmp
                0x000000800420f473                strncmp
                0x000000800420f4e8                strchr
                0x000000800420f528                strfind
                0x000000800420f564                memset
                0x000000800420f5f3                memmove
                0x000000800420f70e                memcpy
                0x000000800420f746                memcmp
                0x000000800420f7be                memfind
                0x000000800420f80c                strtol
                0x000000800420f9a1                strstr
 .text          0x000000800420fa40     0x1f63 obj/kern/libdwarf_rw.o
                0x000000800420fa40                _dwarf_read_lsb
                0x000000800420fb7c                _dwarf_decode_lsb
                0x000000800420fcad                _dwarf_read_msb
                0x000000800420fe6e                _dwarf_decode_msb
                0x000000800421002c                _dwarf_read_sleb128
                0x00000080042100d4                _dwarf_read_uleb128
                0x0000008004210157                _dwarf_decode_sleb128
                0x00000080042101ed                _dwarf_decode_uleb128
                0x000000800421025e                _dwarf_read_string
                0x00000080042102f1                _dwarf_read_block
                0x000000800421033e                _dwarf_elf_get_byte_order
                0x00000080042103b0                _dwarf_elf_get_pointer_size
                0x000000800421041e                _dwarf_init
                0x00000080042104fe                _get_next_cu
                0x00000080042106a0                print_cu
                0x00000080042106dc                _dwarf_abbrev_parse
                0x0000008004210967                _dwarf_abbrev_find
                0x0000008004210a75                _dwarf_attr_init
                0x000000800421115c                dwarf_search_die_within_cu
                0x000000800421143b                dwarf_offdie
                0x0000008004211521                _dwarf_attr_find
                0x00000080042115b8                dwarf_siblingof
                0x00000080042117be                dwarf_child
                0x0000008004211942                _dwarf_find_section_enhanced
 .text          0x00000080042119a3     0x2671 obj/kern/libdwarf_frame.o
                0x00000080042119a3                _dwarf_frame_params_init
                0x00000080042119e8                dwarf_get_fde_at_pc
                0x0000008004211b2b                _dwarf_frame_regtable_copy
                0x0000008004212b42                _dwarf_frame_get_internal_table
                0x0000008004212ddd                dwarf_get_fde_info_for_all_regs
                0x0000008004213c32                _dwarf_frame_interal_table_init
                0x0000008004213efc                dwarf_set_frame_cfa_value
                0x0000008004213f30                _dwarf_frame_section_load_eh
                0x0000008004213f72                dwarf_init_eh_section
 .text          0x0000008004214014      0xd1c obj/kern/libdwarf_lineno.o
                0x0000008004214617                _dwarf_lineno_init
                0x0000008004214ba8                dwarf_srclines
 .text          0x0000008004214d30      0xd50 obj/kern/elf_rw.o
                0x0000008004214d30                _dwarf_find_section
                0x0000008004214db3                find_debug_sections
                0x0000008004215082                read_section_headers
                0x00000080042157df                readseg
                0x0000008004215948                waitdisk
                0x000000800421597a                readsect
 .text          0x0000008004215a80       0xe7 obj/kern/mpentry.o
                0x0000008004215a80                mpentry_start
                0x0000008004215b66                mpentry_end
 .text          0x0000008004215b67      0x7ab obj/kern/mpconfig.o
                0x000000800421604d                mp_init
 .text          0x0000008004216312      0x49e obj/kern/lapic.o
                0x0000008004216359                lapic_init
                0x0000008004216558                cpunum
                0x0000008004216591                lapic_eoi
                0x00000080042165d6                lapic_startap
                0x0000008004216763                lapic_ipi
 .text          0x00000080042167b0      0x491 obj/kern/spinlock.o
                0x00000080042168dc                __spin_initlock
                0x0000008004216915                spin_lock
                0x00000080042169f0                spin_unlock
                [!provide]                        PROVIDE (etext = .)

.iplt           0x0000008004216c41        0x0 load address 0x0000000000216c41
 .iplt          0x0000008004216c41        0x0 obj/kern/bootstrap.o

.rodata         0x0000008004216c60     0x2cf1 load address 0x0000000000216c60
 *(EXCLUDE_FILE(obj/kern/bootstrap.o) .rodata .rodata.* .gnu.linkonce.r.*)
 .rodata        0x0000008004216c60      0x38f obj/kern/init.o
 .rodata        0x0000008004216fef       0x29 obj/kern/console.o
 .rodata        0x0000008004217018       0xb9 obj/kern/monitor.o
 *fill*         0x00000080042170d1        0x7 
 .rodata        0x00000080042170d8      0xe34 obj/kern/pmap.o
 *fill*         0x0000008004217f0c        0x4 
 .rodata        0x0000008004217f10      0x108 obj/kern/env.o
 *fill*         0x0000008004218018        0x8 
 .rodata        0x0000008004218020      0x4e0 obj/kern/trap.o
 .rodata        0x0000008004218500       0x59 obj/kern/sched.o
 *fill*         0x0000008004218559        0x7 
 .rodata        0x0000008004218560      0x378 obj/kern/syscall.o
 *fill*         0x00000080042188d8        0x8 
 .rodata        0x00000080042188e0      0x390 obj/kern/kdebug.o
 *fill*         0x0000008004218c70       0x10 
 .rodata        0x0000008004218c80      0x4a0 obj/kern/printfmt.o
 .rodata        0x0000008004219120       0x13 obj/kern/readline.o
 *fill*         0x0000008004219133        0x5 
 .rodata        0x0000008004219138      0x1ab obj/kern/libdwarf_rw.o
 *fill*         0x00000080042192e3        0x5 
 .rodata        0x00000080042192e8      0x200 obj/kern/libdwarf_frame.o
 .rodata        0x00000080042194e8       0xc3 obj/kern/libdwarf_lineno.o
 .rodata        0x00000080042195ab       0xa4 obj/kern/elf_rw.o
 *fill*         0x000000800421964f        0x1 
 .rodata        0x0000008004219650      0x1d9 obj/kern/mpconfig.o
 *fill*         0x0000008004219829        0x7 
 .rodata        0x0000008004219830       0x30 obj/kern/lapic.o
 .rodata        0x0000008004219860       0xf1 obj/kern/spinlock.o

.rela.dyn       0x0000008004219958        0x0 load address 0x0000000000219958
 .rela.got      0x0000008004219958        0x0 obj/kern/bootstrap.o
 .rela.iplt     0x0000008004219958        0x0 obj/kern/bootstrap.o
 .rela.text     0x0000008004219958        0x0 obj/kern/bootstrap.o
 .rela.data     0x0000008004219958        0x0 obj/kern/bootstrap.o
                0x000000800421a000                . = ALIGN (0x1000)

.data           0x000000800421a000    0xc8488 load address 0x000000000021a000
 *(EXCLUDE_FILE(obj/kern/bootstrap.o) .data)
 .data          0x000000800421a000    0x10042 obj/kern/entry.o
                0x000000800421a000                bootstack
                0x000000800422a000                kernel_64
                0x000000800422a000                bootstacktop
                0x000000800422a038                gdtdesc_64
 .data          0x000000800422a042        0x0 obj/kern/init.o
 *fill*         0x000000800422a042       0x1e 
 .data          0x000000800422a060      0x520 obj/kern/console.o
 .data          0x000000800422a580       0x18 obj/kern/monitor.o
 .data          0x000000800422a598        0x8 obj/kern/pmap.o
 .data          0x000000800422a5a0       0xb2 obj/kern/env.o
                0x000000800422a5a0                gdt
                0x000000800422a648                gdt_pd
 .data          0x000000800422a652        0x0 obj/kern/kclock.o
 .data          0x000000800422a652        0x2 obj/kern/picirq.o
                0x000000800422a652                irq_mask_8259A
 .data          0x000000800422a654        0x0 obj/kern/printf.o
 .data          0x000000800422a654        0x0 obj/kern/trap.o
 .data          0x000000800422a654        0x0 obj/kern/trapentry.o
 .data          0x000000800422a654        0x0 obj/kern/sched.o
 .data          0x000000800422a654        0x0 obj/kern/syscall.o
 *fill*         0x000000800422a654        0x4 
 .data          0x000000800422a658        0x8 obj/kern/kdebug.o
                0x000000800422a658                dbg
 .data          0x000000800422a660        0x0 obj/kern/printfmt.o
 .data          0x000000800422a660        0x0 obj/kern/readline.o
 .data          0x000000800422a660        0x0 obj/kern/string.o
 .data          0x000000800422a660        0x0 obj/kern/libdwarf_rw.o
 .data          0x000000800422a660       0x24 obj/kern/libdwarf_frame.o
                0x000000800422a660                debug_frame_sec
                0x000000800422a680                is_eh_frame
 .data          0x000000800422a684        0x0 obj/kern/libdwarf_lineno.o
 *fill*         0x000000800422a684       0x1c 
 .data          0x000000800422a6a0       0xa0 obj/kern/elf_rw.o
                0x000000800422a6a0                section_info
 .data          0x000000800422a740        0x0 obj/kern/mpentry.o
 .data          0x000000800422a740        0x0 obj/kern/mpconfig.o
 .data          0x000000800422a740        0x0 obj/kern/lapic.o
 .data          0x000000800422a740       0x68 obj/kern/spinlock.o
                0x000000800422a740                kernel_lock
 .data          0x000000800422a7a8     0xb658 obj/user/testbss
                0x000000800422a7a8                _binary_obj_user_testbss_start
                0x0000008004235e00                _binary_obj_user_testbss_end
 .data          0x0000008004235e00     0xb4d0 obj/user/trap2bk
                0x0000008004235e00                _binary_obj_user_trap2bk_start
                0x00000080042412d0                _binary_obj_user_trap2bk_end
 .data          0x00000080042412d0     0xb4b8 obj/user/loadDS
                0x00000080042412d0                _binary_obj_user_loadDS_start
                0x000000800424c788                _binary_obj_user_loadDS_end
 .data          0x000000800424c788     0xb4e8 obj/user/idle
                0x000000800424c788                _binary_obj_user_idle_start
                0x0000008004257c70                _binary_obj_user_idle_end
 .data          0x0000008004257c70     0xb588 obj/user/yield
                0x0000008004257c70                _binary_obj_user_yield_start
                0x00000080042631f8                _binary_obj_user_yield_end
 .data          0x00000080042631f8     0xbb48 obj/user/dumbfork
                0x00000080042631f8                _binary_obj_user_dumbfork_start
                0x000000800426ed40                _binary_obj_user_dumbfork_end
 .data          0x000000800426ed40     0xe410 obj/user/stresssched
                0x000000800426ed40                _binary_obj_user_stresssched_start
                0x000000800427d150                _binary_obj_user_stresssched_end
 .data          0x000000800427d150     0xed10 obj/user/forktree
                0x000000800427d150                _binary_obj_user_forktree_start
                0x000000800428be60                _binary_obj_user_forktree_end
 .data          0x000000800428be60     0xf0c8 obj/user/sendpage
                0x000000800428be60                _binary_obj_user_sendpage_start
                0x000000800429af28                _binary_obj_user_sendpage_end
 .data          0x000000800429af28     0xe2d8 obj/user/spin
                0x000000800429af28                _binary_obj_user_spin_start
                0x00000080042a9200                _binary_obj_user_spin_end
 .data          0x00000080042a9200     0xc250 obj/user/fairness
                0x00000080042a9200                _binary_obj_user_fairness_start
                0x00000080042b5450                _binary_obj_user_fairness_end
 .data          0x00000080042b5450     0xefa0 obj/user/pingpong
                0x00000080042b5450                _binary_obj_user_pingpong_start
                0x00000080042c43f0                _binary_obj_user_pingpong_end
 .data          0x00000080042c43f0     0xefd8 obj/user/pingpongs
                0x00000080042c43f0                _binary_obj_user_pingpongs_start
                0x00000080042d33c8                _binary_obj_user_pingpongs_end
 .data          0x00000080042d33c8     0xf0c0 obj/user/primes
                0x00000080042d33c8                _binary_obj_user_primes_start
                0x00000080042e2488                _binary_obj_user_primes_end
                0x00000080042e2488                PROVIDE (edata = .)

.got            0x00000080042e2488        0x0 load address 0x00000000002e2488
 .got           0x00000080042e2488        0x0 obj/kern/bootstrap.o

.got.plt        0x00000080042e2488        0x0 load address 0x00000000002e2488
 .got.plt       0x00000080042e2488        0x0 obj/kern/bootstrap.o

.igot.plt       0x00000080042e2488        0x0 load address 0x00000000002e2488
 .igot.plt      0x00000080042e2488        0x0 obj/kern/bootstrap.o

.bss            0x00000080042e3000    0x84010 load address 0x00000000002e3000
 *(EXCLUDE_FILE(obj/kern/bootstrap.o) .bss)
 .bss           0x00000080042e3000        0x0 obj/kern/entry.o
 .bss           0x00000080042e3000        0x0 obj/kern/init.o
 .bss           0x00000080042e3000      0x22c obj/kern/console.o
 .bss           0x00000080042e322c        0x0 obj/kern/monitor.o
 *fill*         0x00000080042e322c        0x4 
 .bss           0x00000080042e3230       0x20 obj/kern/pmap.o
 .bss           0x00000080042e3250       0x10 obj/kern/env.o
                0x00000080042e3250                procs
 .bss           0x00000080042e3260        0x0 obj/kern/kclock.o
 .bss           0x00000080042e3260        0x1 obj/kern/picirq.o
 .bss           0x00000080042e3261        0x0 obj/kern/printf.o
 *fill*         0x00000080042e3261       0x1f 
 .bss           0x00000080042e3280     0x1090 obj/kern/trap.o
                0x00000080042e3280                idt
                0x00000080042e4280                idt_pd
 .bss           0x00000080042e4310        0x0 obj/kern/trapentry.o
 .bss           0x00000080042e4310        0x0 obj/kern/sched.o
 .bss           0x00000080042e4310        0x0 obj/kern/syscall.o
 .bss           0x00000080042e4310        0x8 obj/kern/kdebug.o
 .bss           0x00000080042e4318        0x0 obj/kern/printfmt.o
 *fill*         0x00000080042e4318        0x8 
 .bss           0x00000080042e4320      0x400 obj/kern/readline.o
 .bss           0x00000080042e4720        0x0 obj/kern/string.o
 .bss           0x00000080042e4720        0x0 obj/kern/libdwarf_rw.o
 .bss           0x00000080042e4720       0x68 obj/kern/libdwarf_frame.o
                0x00000080042e4720                global_rt_table
                0x00000080042e4760                global_rt_table_shadow
 .bss           0x00000080042e4788        0x0 obj/kern/libdwarf_lineno.o
 .bss           0x00000080042e4788        0x0 obj/kern/elf_rw.o
 .bss           0x00000080042e4788        0x0 obj/kern/mpentry.o
 .bss           0x00000080042e4788        0x0 obj/kern/mpconfig.o
 .bss           0x00000080042e4788        0x0 obj/kern/lapic.o
 .bss           0x00000080042e4788        0x0 obj/kern/spinlock.o
 COMMON         0x00000080042e4788       0x18 obj/kern/init.o
                0x00000080042e4788                end_debug
                0x00000080042e4790                panicstr
                0x00000080042e4798                mpentry_kstack
 COMMON         0x00000080042e47a0       0x20 obj/kern/pmap.o
                0x00000080042e47a0                boot_cr3
                0x00000080042e47a8                boot_pml4e
                0x00000080042e47b0                npages
                0x00000080042e47b8                pages
 COMMON         0x00000080042e47c0       0x58 obj/kern/kdebug.o
                0x00000080042e47c0                mydebug
 *fill*         0x00000080042e4818        0x8 
 COMMON         0x00000080042e4820      0xc70 obj/kern/libdwarf_frame.o
                0x00000080042e4820                global_rules_shadow
                0x00000080042e4e60                global_rules
 *fill*         0x00000080042e5490       0x10 
 COMMON         0x00000080042e54a0      0x200 obj/kern/libdwarf_lineno.o
                0x00000080042e54a0                global_std_op
 *fill*         0x00000080042e56a0      0x960 
 COMMON         0x00000080042e6000    0x81000 obj/kern/mpconfig.o
                0x00000080042e6000                ismp
                0x00000080042e6020                cpus
                0x00000080042e63e0                bootcpu
                0x00000080042e63e8                ncpu
                0x00000080042e7000                percpu_kstacks
 COMMON         0x0000008004367000       0x10 obj/kern/lapic.o
                0x0000008004367000                lapicaddr
                0x0000008004367008                lapic
                0x0000008004367010                PROVIDE (end = .)

.debug
 *(.debug)

.line
 *(.line)

.debug_srcinfo
 *(.debug_srcinfo)

.debug_sfnames
 *(.debug_sfnames)

.debug_aranges  0x0000000000000000      0x4e0
 *(.debug_aranges)
 .debug_aranges
                0x0000000000000000       0x30 obj/kern/bootstrap.o
 .debug_aranges
                0x0000000000000030       0x30 obj/kern/entry.o
 .debug_aranges
                0x0000000000000060       0x30 obj/kern/init.o
 .debug_aranges
                0x0000000000000090       0x30 obj/kern/console.o
 .debug_aranges
                0x00000000000000c0       0x30 obj/kern/monitor.o
 .debug_aranges
                0x00000000000000f0       0x30 obj/kern/pmap.o
 .debug_aranges
                0x0000000000000120       0x30 obj/kern/env.o
 .debug_aranges
                0x0000000000000150       0x30 obj/kern/kclock.o
 .debug_aranges
                0x0000000000000180       0x30 obj/kern/picirq.o
 .debug_aranges
                0x00000000000001b0       0x30 obj/kern/printf.o
 .debug_aranges
                0x00000000000001e0       0x30 obj/kern/trap.o
 .debug_aranges
                0x0000000000000210       0x30 obj/kern/trapentry.o
 .debug_aranges
                0x0000000000000240       0x30 obj/kern/sched.o
 .debug_aranges
                0x0000000000000270       0x30 obj/kern/syscall.o
 .debug_aranges
                0x00000000000002a0       0x30 obj/kern/kdebug.o
 .debug_aranges
                0x00000000000002d0       0x30 obj/kern/printfmt.o
 .debug_aranges
                0x0000000000000300       0x30 obj/kern/readline.o
 .debug_aranges
                0x0000000000000330       0x30 obj/kern/string.o
 .debug_aranges
                0x0000000000000360       0x30 obj/kern/libdwarf_rw.o
 .debug_aranges
                0x0000000000000390       0x30 obj/kern/libdwarf_frame.o
 .debug_aranges
                0x00000000000003c0       0x30 obj/kern/libdwarf_lineno.o
 .debug_aranges
                0x00000000000003f0       0x30 obj/kern/elf_rw.o
 .debug_aranges
                0x0000000000000420       0x30 obj/kern/mpentry.o
 .debug_aranges
                0x0000000000000450       0x30 obj/kern/mpconfig.o
 .debug_aranges
                0x0000000000000480       0x30 obj/kern/lapic.o
 .debug_aranges
                0x00000000000004b0       0x30 obj/kern/spinlock.o

.debug_pubnames
 *(.debug_pubnames)

.debug_info     0x0000000000000000    0x144ea
 *(.debug_info .gnu.linkonce.wi.*)
 .debug_info    0x0000000000000000       0x2e obj/kern/bootstrap.o
 .debug_info    0x000000000000002e       0x2e obj/kern/entry.o
 .debug_info    0x000000000000005c     0x104d obj/kern/init.o
 .debug_info    0x00000000000010a9      0xd91 obj/kern/console.o
 .debug_info    0x0000000000001e3a      0x68b obj/kern/monitor.o
 .debug_info    0x00000000000024c5     0x35a2 obj/kern/pmap.o
 .debug_info    0x0000000000005a67     0x1759 obj/kern/env.o
 .debug_info    0x00000000000071c0      0x1ec obj/kern/kclock.o
 .debug_info    0x00000000000073ac      0x43b obj/kern/picirq.o
 .debug_info    0x00000000000077e7      0x24a obj/kern/printf.o
 .debug_info    0x0000000000007a31     0x1749 obj/kern/trap.o
 .debug_info    0x000000000000917a       0x2e obj/kern/trapentry.o
 .debug_info    0x00000000000091a8      0xb03 obj/kern/sched.o
 .debug_info    0x0000000000009cab     0x144a obj/kern/syscall.o
 .debug_info    0x000000000000b0f5     0x161f obj/kern/kdebug.o
 .debug_info    0x000000000000c714      0x6d4 obj/kern/printfmt.o
 .debug_info    0x000000000000cde8      0x1ea obj/kern/readline.o
 .debug_info    0x000000000000cfd2      0x731 obj/kern/string.o
 .debug_info    0x000000000000d703     0x182b obj/kern/libdwarf_rw.o
 .debug_info    0x000000000000ef2e     0x15b0 obj/kern/libdwarf_frame.o
 .debug_info    0x00000000000104de     0x1032 obj/kern/libdwarf_lineno.o
 .debug_info    0x0000000000011510      0xb85 obj/kern/elf_rw.o
 .debug_info    0x0000000000012095       0x2e obj/kern/mpentry.o
 .debug_info    0x00000000000120c3      0xe3f obj/kern/mpconfig.o
 .debug_info    0x0000000000012f02      0xa8f obj/kern/lapic.o
 .debug_info    0x0000000000013991      0xb59 obj/kern/spinlock.o

.debug_abbrev   0x0000000000000000     0x3212
 *(.debug_abbrev)
 .debug_abbrev  0x0000000000000000       0x14 obj/kern/bootstrap.o
 .debug_abbrev  0x0000000000000014       0x14 obj/kern/entry.o
 .debug_abbrev  0x0000000000000028      0x31c obj/kern/init.o
 .debug_abbrev  0x0000000000000344      0x2bd obj/kern/console.o
 .debug_abbrev  0x0000000000000601      0x1ac obj/kern/monitor.o
 .debug_abbrev  0x00000000000007ad      0x381 obj/kern/pmap.o
 .debug_abbrev  0x0000000000000b2e      0x37f obj/kern/env.o
 .debug_abbrev  0x0000000000000ead      0x10f obj/kern/kclock.o
 .debug_abbrev  0x0000000000000fbc      0x100 obj/kern/picirq.o
 .debug_abbrev  0x00000000000010bc      0x107 obj/kern/printf.o
 .debug_abbrev  0x00000000000011c3      0x381 obj/kern/trap.o
 .debug_abbrev  0x0000000000001544       0x14 obj/kern/trapentry.o
 .debug_abbrev  0x0000000000001558      0x242 obj/kern/sched.o
 .debug_abbrev  0x000000000000179a      0x284 obj/kern/syscall.o
 .debug_abbrev  0x0000000000001a1e      0x2af obj/kern/kdebug.o
 .debug_abbrev  0x0000000000001ccd      0x238 obj/kern/printfmt.o
 .debug_abbrev  0x0000000000001f05       0xd8 obj/kern/readline.o
 .debug_abbrev  0x0000000000001fdd      0x13f obj/kern/string.o
 .debug_abbrev  0x000000000000211c      0x240 obj/kern/libdwarf_rw.o
 .debug_abbrev  0x000000000000235c      0x281 obj/kern/libdwarf_frame.o
 .debug_abbrev  0x00000000000025dd      0x2cb obj/kern/libdwarf_lineno.o
 .debug_abbrev  0x00000000000028a8      0x229 obj/kern/elf_rw.o
 .debug_abbrev  0x0000000000002ad1       0x14 obj/kern/mpentry.o
 .debug_abbrev  0x0000000000002ae5      0x283 obj/kern/mpconfig.o
 .debug_abbrev  0x0000000000002d68      0x227 obj/kern/lapic.o
 .debug_abbrev  0x0000000000002f8f      0x283 obj/kern/spinlock.o

.debug_line     0x0000000000000000     0x6c4e
 *(.debug_line)
 .debug_line    0x0000000000000000       0x98 obj/kern/bootstrap.o
 .debug_line    0x0000000000000098       0x51 obj/kern/entry.o
 .debug_line    0x00000000000000e9      0x294 obj/kern/init.o
 .debug_line    0x000000000000037d      0x4ca obj/kern/console.o
 .debug_line    0x0000000000000847      0x18e obj/kern/monitor.o
 .debug_line    0x00000000000009d5     0x153b obj/kern/pmap.o
 .debug_line    0x0000000000001f10      0x64b obj/kern/env.o
 .debug_line    0x000000000000255b       0x9e obj/kern/kclock.o
 .debug_line    0x00000000000025f9      0x114 obj/kern/picirq.o
 .debug_line    0x000000000000270d       0xa1 obj/kern/printf.o
 .debug_line    0x00000000000027ae      0x846 obj/kern/trap.o
 .debug_line    0x0000000000002ff4       0x7c obj/kern/trapentry.o
 .debug_line    0x0000000000003070      0x228 obj/kern/sched.o
 .debug_line    0x0000000000003298      0x4c1 obj/kern/syscall.o
 .debug_line    0x0000000000003759      0x311 obj/kern/kdebug.o
 .debug_line    0x0000000000003a6a      0x32a obj/kern/printfmt.o
 .debug_line    0x0000000000003d94       0xce obj/kern/readline.o
 .debug_line    0x0000000000003e62      0x489 obj/kern/string.o
 .debug_line    0x00000000000042eb      0xaf8 obj/kern/libdwarf_rw.o
 .debug_line    0x0000000000004de3      0xd6a obj/kern/libdwarf_frame.o
 .debug_line    0x0000000000005b4d      0x443 obj/kern/libdwarf_lineno.o
 .debug_line    0x0000000000005f90      0x48b obj/kern/elf_rw.o
 .debug_line    0x000000000000641b       0x76 obj/kern/mpentry.o
 .debug_line    0x0000000000006491      0x352 obj/kern/mpconfig.o
 .debug_line    0x00000000000067e3      0x223 obj/kern/lapic.o
 .debug_line    0x0000000000006a06      0x248 obj/kern/spinlock.o

.debug_frame
 *(.debug_frame)

.debug_str      0x0000000000000000     0x2ab3
 *(.debug_str)
 .debug_str     0x0000000000000000       0x2e obj/kern/bootstrap.o
 .debug_str     0x000000000000002e        0xd obj/kern/entry.o
                                         0x2a (size before relaxing)
 .debug_str     0x000000000000003b      0x7ab obj/kern/init.o
                                        0x88d (size before relaxing)
 .debug_str     0x00000000000007e6      0x13e obj/kern/console.o
                                        0x324 (size before relaxing)
 .debug_str     0x0000000000000924       0x69 obj/kern/monitor.o
                                        0x3e2 (size before relaxing)
 .debug_str     0x000000000000098d      0x53b obj/kern/pmap.o
                                        0xb90 (size before relaxing)
 .debug_str     0x0000000000000ec8      0x1ed obj/kern/env.o
                                        0x9eb (size before relaxing)
 .debug_str     0x00000000000010b5       0x23 obj/kern/kclock.o
                                        0x1b6 (size before relaxing)
 .debug_str     0x00000000000010d8       0x1b obj/kern/picirq.o
                                        0x1ea (size before relaxing)
 .debug_str     0x00000000000010f3       0x18 obj/kern/printf.o
                                        0x219 (size before relaxing)
 .debug_str     0x000000000000110b      0x299 obj/kern/trap.o
                                        0xa3a (size before relaxing)
 .debug_str     0x00000000000013a4       0x11 obj/kern/trapentry.o
                                         0x2e (size before relaxing)
 .debug_str     0x00000000000013b5       0x1d obj/kern/sched.o
                                        0x697 (size before relaxing)
 .debug_str     0x00000000000013d2      0x217 obj/kern/syscall.o
                                        0x9fb (size before relaxing)
 .debug_str     0x00000000000015e9      0x8fc obj/kern/kdebug.o
                                        0xf56 (size before relaxing)
 .debug_str     0x0000000000001ee5       0x97 obj/kern/printfmt.o
                                        0x37e (size before relaxing)
 .debug_str     0x0000000000001f7c       0x1e obj/kern/readline.o
                                        0x220 (size before relaxing)
 .debug_str     0x0000000000001f9a       0x6b obj/kern/string.o
                                        0x244 (size before relaxing)
 .debug_str     0x0000000000002005      0x228 obj/kern/libdwarf_rw.o
                                        0xc87 (size before relaxing)
 .debug_str     0x000000000000222d      0x435 obj/kern/libdwarf_frame.o
                                        0xc35 (size before relaxing)
 .debug_str     0x0000000000002662      0x1ae obj/kern/libdwarf_lineno.o
                                        0xc5a (size before relaxing)
 .debug_str     0x0000000000002810      0x17a obj/kern/elf_rw.o
                                        0x4ec (size before relaxing)
 .debug_str     0x000000000000298a        0xf obj/kern/mpentry.o
                                         0x2c (size before relaxing)
 .debug_str     0x0000000000002999       0xa4 obj/kern/mpconfig.o
                                        0x64c (size before relaxing)
 .debug_str     0x0000000000002a3d       0x36 obj/kern/lapic.o
                                        0x5b6 (size before relaxing)
 .debug_str     0x0000000000002a73       0x40 obj/kern/spinlock.o
                                        0x651 (size before relaxing)

.debug_loc      0x0000000000000000     0x4c54
 *(.debug_loc)
 .debug_loc     0x0000000000000000      0x264 obj/kern/init.o
 .debug_loc     0x0000000000000264      0x6c0 obj/kern/console.o
 .debug_loc     0x0000000000000924      0x120 obj/kern/monitor.o
 .debug_loc     0x0000000000000a44      0xb40 obj/kern/pmap.o
 .debug_loc     0x0000000000001584      0x5d8 obj/kern/env.o
 .debug_loc     0x0000000000001b5c       0xc0 obj/kern/kclock.o
 .debug_loc     0x0000000000001c1c       0xc0 obj/kern/picirq.o
 .debug_loc     0x0000000000001cdc      0x120 obj/kern/printf.o
 .debug_loc     0x0000000000001dfc      0x3ac obj/kern/trap.o
 .debug_loc     0x00000000000021a8      0x180 obj/kern/sched.o
 .debug_loc     0x0000000000002328      0x58c obj/kern/syscall.o
 .debug_loc     0x00000000000028b4       0xc0 obj/kern/kdebug.o
 .debug_loc     0x0000000000002974      0x300 obj/kern/printfmt.o
 .debug_loc     0x0000000000002c74       0x60 obj/kern/readline.o
 .debug_loc     0x0000000000002cd4      0x660 obj/kern/string.o
 .debug_loc     0x0000000000003334      0x900 obj/kern/libdwarf_rw.o
 .debug_loc     0x0000000000003c34      0x5a0 obj/kern/libdwarf_frame.o
 .debug_loc     0x00000000000041d4      0x180 obj/kern/libdwarf_lineno.o
 .debug_loc     0x0000000000004354      0x240 obj/kern/elf_rw.o
 .debug_loc     0x0000000000004594      0x1e0 obj/kern/mpconfig.o
 .debug_loc     0x0000000000004774      0x2a0 obj/kern/lapic.o
 .debug_loc     0x0000000000004a14      0x240 obj/kern/spinlock.o

.comment        0x0000000000000000       0x2a
 .comment       0x0000000000000000       0x2a obj/kern/init.o
                                         0x2b (size before relaxing)
 .comment       0x000000000000002a       0x2b obj/kern/console.o
 .comment       0x000000000000002a       0x2b obj/kern/monitor.o
 .comment       0x000000000000002a       0x2b obj/kern/pmap.o
 .comment       0x000000000000002a       0x2b obj/kern/env.o
 .comment       0x000000000000002a       0x2b obj/kern/kclock.o
 .comment       0x000000000000002a       0x2b obj/kern/picirq.o
 .comment       0x000000000000002a       0x2b obj/kern/printf.o
 .comment       0x000000000000002a       0x2b obj/kern/trap.o
 .comment       0x000000000000002a       0x2b obj/kern/sched.o
 .comment       0x000000000000002a       0x2b obj/kern/syscall.o
 .comment       0x000000000000002a       0x2b obj/kern/kdebug.o
 .comment       0x000000000000002a       0x2b obj/kern/printfmt.o
 .comment       0x000000000000002a       0x2b obj/kern/readline.o
 .comment       0x000000000000002a       0x2b obj/kern/string.o
 .comment       0x000000000000002a       0x2b obj/kern/libdwarf_rw.o
 .comment       0x000000000000002a       0x2b obj/kern/libdwarf_frame.o
 .comment       0x000000000000002a       0x2b obj/kern/libdwarf_lineno.o
 .comment       0x000000000000002a       0x2b obj/kern/elf_rw.o
 .comment       0x000000000000002a       0x2b obj/kern/mpconfig.o
 .comment       0x000000000000002a       0x2b obj/kern/lapic.o
 .comment       0x000000000000002a       0x2b obj/kern/spinlock.o

.debug_macinfo
 *(.debug_macinfo)

.debug_weaknames
 *(.debug_weaknames)

.debug_funcnames
 *(.debug_funcnames)

.debug_typenames
 *(.debug_typenames)

.debug_varnames
 *(.debug_varnames)

/DISCARD/
 *(.eh_frame .note.GNU-stack)
LOAD obj/kern/bootstrap.o
LOAD obj/kern/entry.o
LOAD obj/kern/init.o
LOAD obj/kern/console.o
LOAD obj/kern/monitor.o
LOAD obj/kern/pmap.o
LOAD obj/kern/env.o
LOAD obj/kern/kclock.o
LOAD obj/kern/picirq.o
LOAD obj/kern/printf.o
LOAD obj/kern/trap.o
LOAD obj/kern/trapentry.o
LOAD obj/kern/sched.o
LOAD obj/kern/syscall.o
LOAD obj/kern/kdebug.o
LOAD obj/kern/printfmt.o
LOAD obj/kern/readline.o
LOAD obj/kern/string.o
LOAD obj/kern/libdwarf_rw.o
LOAD obj/kern/libdwarf_frame.o
LOAD obj/kern/libdwarf_lineno.o
LOAD obj/kern/elf_rw.o
LOAD obj/kern/mpentry.o
LOAD obj/kern/mpconfig.o
LOAD obj/kern/lapic.o
LOAD obj/kern/spinlock.o
LOAD /usr/lib/gcc/x86_64-linux-gnu/9/libgcc.a
TARGET(binary)
LOAD obj/user/testbss
LOAD obj/user/trap2bk
LOAD obj/user/loadDS
LOAD obj/user/idle
LOAD obj/user/yield
LOAD obj/user/dumbfork
LOAD obj/user/stresssched
LOAD obj/user/forktree
LOAD obj/user/sendpage
LOAD obj/user/spin
LOAD obj/user/fairness
LOAD obj/user/pingpong
LOAD obj/user/pingpongs
LOAD obj/user/primes
OUTPUT(obj/kern/kernel elf64-x86-64)

.debug_ranges   0x0000000000000000       0x60
 .debug_ranges  0x0000000000000000       0x30 obj/kern/pmap.o
 .debug_ranges  0x0000000000000030       0x30 obj/kern/string.o
