
Merging program properties

Removed property 0xc0000002 to merge obj/kern/init.o (0x3) and obj/kern/bootstrap.o (not found)
Removed property 0xc0000002 to merge obj/kern/init.o (not found) and obj/kern/console.o (0x3)
Removed property 0xc0000002 to merge obj/kern/init.o (not found) and obj/kern/monitor.o (0x3)
Removed property 0xc0000002 to merge obj/kern/init.o (not found) and obj/kern/pmap.o (0x3)
Removed property 0xc0000002 to merge obj/kern/init.o (not found) and obj/kern/env.o (0x3)
Removed property 0xc0000002 to merge obj/kern/init.o (not found) and obj/kern/kclock.o (0x3)
Removed property 0xc0000002 to merge obj/kern/init.o (not found) and obj/kern/picirq.o (0x3)
Removed property 0xc0000002 to merge obj/kern/init.o (not found) and obj/kern/printf.o (0x3)
Removed property 0xc0000002 to merge obj/kern/init.o (not found) and obj/kern/trap.o (0x3)
Removed property 0xc0000002 to merge obj/kern/init.o (not found) and obj/kern/sched.o (0x3)
Removed property 0xc0000002 to merge obj/kern/init.o (not found) and obj/kern/syscall.o (0x3)
Removed property 0xc0000002 to merge obj/kern/init.o (not found) and obj/kern/kdebug.o (0x3)
Removed property 0xc0000002 to merge obj/kern/init.o (not found) and obj/kern/printfmt.o (0x3)
Removed property 0xc0000002 to merge obj/kern/init.o (not found) and obj/kern/readline.o (0x3)
Removed property 0xc0000002 to merge obj/kern/init.o (not found) and obj/kern/string.o (0x3)
Removed property 0xc0000002 to merge obj/kern/init.o (not found) and obj/kern/libdwarf_rw.o (0x3)
Removed property 0xc0000002 to merge obj/kern/init.o (not found) and obj/kern/libdwarf_frame.o (0x3)
Removed property 0xc0000002 to merge obj/kern/init.o (not found) and obj/kern/libdwarf_lineno.o (0x3)
Removed property 0xc0000002 to merge obj/kern/init.o (not found) and obj/kern/elf_rw.o (0x3)
Removed property 0xc0000002 to merge obj/kern/init.o (not found) and obj/kern/mpconfig.o (0x3)
Removed property 0xc0000002 to merge obj/kern/init.o (not found) and obj/kern/lapic.o (0x3)
Removed property 0xc0000002 to merge obj/kern/init.o (not found) and obj/kern/spinlock.o (0x3)

Allocating common symbols
Common symbol       size              file

global_rules_shadow
                    0x630             obj/kern/libdwarf_frame.o
ismp                0x4               obj/kern/mpconfig.o
lapicaddr           0x8               obj/kern/lapic.o
end_debug           0x8               obj/kern/init.o
mydebug             0x58              obj/kern/kdebug.o
panicstr            0x8               obj/kern/init.o
boot_cr3            0x8               obj/kern/pmap.o
mpentry_kstack      0x8               obj/kern/init.o
cpus                0x3c0             obj/kern/mpconfig.o
global_std_op       0x200             obj/kern/libdwarf_lineno.o
lapic               0x8               obj/kern/lapic.o
bootcpu             0x8               obj/kern/mpconfig.o
global_rules        0x630             obj/kern/libdwarf_frame.o
boot_pml4e          0x8               obj/kern/pmap.o
ncpu                0x4               obj/kern/mpconfig.o
npages              0x8               obj/kern/pmap.o
pages               0x8               obj/kern/pmap.o
percpu_kstacks      0x80000           obj/kern/mpconfig.o

Discarded input sections

 .note.GNU-stack
                0x0000000000000000        0x0 obj/kern/init.o
 .note.gnu.property
                0x0000000000000000       0x20 obj/kern/init.o
 .eh_frame      0x0000000000000000      0x110 obj/kern/init.o
 .note.GNU-stack
                0x0000000000000000        0x0 obj/kern/console.o
 .note.gnu.property
                0x0000000000000000       0x20 obj/kern/console.o
 .eh_frame      0x0000000000000000      0x258 obj/kern/console.o
 .note.GNU-stack
                0x0000000000000000        0x0 obj/kern/monitor.o
 .note.gnu.property
                0x0000000000000000       0x20 obj/kern/monitor.o
 .eh_frame      0x0000000000000000       0xb8 obj/kern/monitor.o
 .note.GNU-stack
                0x0000000000000000        0x0 obj/kern/pmap.o
 .note.gnu.property
                0x0000000000000000       0x20 obj/kern/pmap.o
 .eh_frame      0x0000000000000000      0x3f0 obj/kern/pmap.o
 .note.GNU-stack
                0x0000000000000000        0x0 obj/kern/env.o
 .note.gnu.property
                0x0000000000000000       0x20 obj/kern/env.o
 .eh_frame      0x0000000000000000      0x220 obj/kern/env.o
 .note.GNU-stack
                0x0000000000000000        0x0 obj/kern/kclock.o
 .note.gnu.property
                0x0000000000000000       0x20 obj/kern/kclock.o
 .eh_frame      0x0000000000000000       0x58 obj/kern/kclock.o
 .note.GNU-stack
                0x0000000000000000        0x0 obj/kern/picirq.o
 .note.gnu.property
                0x0000000000000000       0x20 obj/kern/picirq.o
 .eh_frame      0x0000000000000000       0x58 obj/kern/picirq.o
 .note.GNU-stack
                0x0000000000000000        0x0 obj/kern/printf.o
 .note.gnu.property
                0x0000000000000000       0x20 obj/kern/printf.o
 .eh_frame      0x0000000000000000       0x78 obj/kern/printf.o
 .note.GNU-stack
                0x0000000000000000        0x0 obj/kern/trap.o
 .note.gnu.property
                0x0000000000000000       0x20 obj/kern/trap.o
 .eh_frame      0x0000000000000000      0x160 obj/kern/trap.o
 .note.GNU-stack
                0x0000000000000000        0x0 obj/kern/sched.o
 .note.gnu.property
                0x0000000000000000       0x20 obj/kern/sched.o
 .eh_frame      0x0000000000000000       0x98 obj/kern/sched.o
 .note.GNU-stack
                0x0000000000000000        0x0 obj/kern/syscall.o
 .note.gnu.property
                0x0000000000000000       0x20 obj/kern/syscall.o
 .eh_frame      0x0000000000000000      0x208 obj/kern/syscall.o
 .note.GNU-stack
                0x0000000000000000        0x0 obj/kern/kdebug.o
 .note.gnu.property
                0x0000000000000000       0x20 obj/kern/kdebug.o
 .eh_frame      0x0000000000000000       0x58 obj/kern/kdebug.o
 .note.GNU-stack
                0x0000000000000000        0x0 obj/kern/printfmt.o
 .note.gnu.property
                0x0000000000000000       0x20 obj/kern/printfmt.o
 .eh_frame      0x0000000000000000      0x128 obj/kern/printfmt.o
 .note.GNU-stack
                0x0000000000000000        0x0 obj/kern/readline.o
 .note.gnu.property
                0x0000000000000000       0x20 obj/kern/readline.o
 .eh_frame      0x0000000000000000       0x38 obj/kern/readline.o
 .note.GNU-stack
                0x0000000000000000        0x0 obj/kern/string.o
 .note.gnu.property
                0x0000000000000000       0x20 obj/kern/string.o
 .eh_frame      0x0000000000000000      0x238 obj/kern/string.o
 .note.GNU-stack
                0x0000000000000000        0x0 obj/kern/libdwarf_rw.o
 .note.gnu.property
                0x0000000000000000       0x20 obj/kern/libdwarf_rw.o
 .eh_frame      0x0000000000000000      0x320 obj/kern/libdwarf_rw.o
 .note.GNU-stack
                0x0000000000000000        0x0 obj/kern/libdwarf_frame.o
 .note.gnu.property
                0x0000000000000000       0x20 obj/kern/libdwarf_frame.o
 .eh_frame      0x0000000000000000      0x200 obj/kern/libdwarf_frame.o
 .note.GNU-stack
                0x0000000000000000        0x0 obj/kern/libdwarf_lineno.o
 .note.gnu.property
                0x0000000000000000       0x20 obj/kern/libdwarf_lineno.o
 .eh_frame      0x0000000000000000       0xa0 obj/kern/libdwarf_lineno.o
 .note.GNU-stack
                0x0000000000000000        0x0 obj/kern/elf_rw.o
 .note.gnu.property
                0x0000000000000000       0x20 obj/kern/elf_rw.o
 .eh_frame      0x0000000000000000       0xd8 obj/kern/elf_rw.o
 .note.GNU-stack
                0x0000000000000000        0x0 obj/kern/mpconfig.o
 .note.gnu.property
                0x0000000000000000       0x20 obj/kern/mpconfig.o
 .eh_frame      0x0000000000000000       0xb8 obj/kern/mpconfig.o
 .note.GNU-stack
                0x0000000000000000        0x0 obj/kern/lapic.o
 .note.gnu.property
                0x0000000000000000       0x20 obj/kern/lapic.o
 .eh_frame      0x0000000000000000       0xf8 obj/kern/lapic.o
 .note.GNU-stack
                0x0000000000000000        0x0 obj/kern/spinlock.o
 .note.gnu.property
                0x0000000000000000       0x20 obj/kern/spinlock.o
 .eh_frame      0x0000000000000000       0xf0 obj/kern/spinlock.o

Memory Configuration

Name             Origin             Length             Attributes
*default*        0x0000000000000000 0xffffffffffffffff

Linker script and memory map

                0x0000000000100000                . = 0x100000

.bootstrap      0x0000000000100000     0x7004
 obj/kern/bootstrap.o(.text .data .bss)
 .text          0x0000000000100000      0x110 obj/kern/bootstrap.o
                0x0000000000100000                entry
                0x00000000001000e0                jumpto_longmode
 *fill*         0x0000000000100110      0xef0 
 .data          0x0000000000101000     0x6004 obj/kern/bootstrap.o
                0x0000000000102000                pml4virt
                0x0000000000107000                multiboot_info
 .bss           0x0000000000107004        0x0 obj/kern/bootstrap.o
                0x0000008004200000                . = 0x8004200000

.text           0x0000008004200000    0x16fd9 load address 0x0000000000200000
 *(EXCLUDE_FILE(obj/kern/bootstrap.o) .text .stub .text.* .gnu.linkonce.t.*)
 .text          0x0000008004200000       0x58 obj/kern/entry.o
                0x000000800420000c                _bootstrap
                0x000000000020000c                _start
 .text          0x0000008004200058      0x73c obj/kern/init.o
                0x00000080042000a2                i386_init
                0x0000008004200407                mp_main
                0x00000080042004d3                _panic
                0x0000008004200604                kernel_banner
                0x00000080042006e7                p_init
 .text          0x0000008004200794      0xbd1 obj/kern/console.o
                0x000000800420082d                serial_intr
                0x00000080042010c0                kbd_intr
                0x00000080042011aa                cons_getc
                0x00000080042012a7                cons_init
                0x0000008004201305                cputchar
                0x0000008004201328                getchar
                0x000000800420134f                iscons
 .text          0x0000008004201365      0x695 obj/kern/monitor.o
                0x0000008004201365                mon_help
                0x0000008004201403                mon_kerninfo
                0x000000800420159e                mon_backtrace
                0x0000008004201955                monitor
 .text          0x00000080042019fa     0x5a6e obj/kern/pmap.o
                0x0000008004201b2c                restrictive_type
                0x0000008004202492                x64_vm_init
                0x0000008004202963                page_init
                0x0000008004202c69                page_alloc
                0x0000008004202d48                page_free
                0x0000008004202e04                page_decref
                0x0000008004202e4a                pml4e_walk
                0x00000080042030c2                pdpe_walk
                0x0000008004203303                pgdir_walk
                0x000000800420356c                page_insert
                0x000000800420362e                page_lookup
                0x00000080042036af                page_remove
                0x000000800420372f                tlb_invalidate
                0x0000008004203806                mmio_map_region
                0x0000008004203910                user_mem_check
                0x0000008004203a35                user_mem_assert
 .text          0x0000008004207468     0x12b9 obj/kern/env.o
                0x00000080042075bd                envid2env
                0x000000800420772e                env_init
                0x0000008004207856                env_init_percpu
                0x00000080042079d4                env_alloc
                0x0000008004207ca6                load_icode
                0x0000008004207e6c                env_create
                0x0000008004207ee3                env_free
                0x000000800420837a                env_destroy
                0x0000008004208470                env_pop_tf
                0x0000008004208551                env_run
 .text          0x0000008004208721       0x88 obj/kern/kclock.o
                0x0000008004208721                mc146818_read
                0x0000008004208762                mc146818_write
 .text          0x00000080042087a9      0x1d8 obj/kern/picirq.o
                0x00000080042087a9                pic_init
                0x000000800420890e                irq_setmask_8259A
 .text          0x0000008004208981      0x172 obj/kern/printf.o
                0x00000080042089b4                vcprintf
                0x0000008004208a17                cprintf
 .text          0x0000008004208af3     0x3fc1 obj/kern/trap.o
                0x0000008004208b9f                trap_init
                0x000000800420b77c                trap_init_percpu
                0x000000800420bb7f                print_trapframe
                0x000000800420be95                print_regs
                0x000000800420c2e3                trap
                0x000000800420c730                page_fault_handler
 .text          0x000000800420cab4      0x1c8 obj/kern/trapentry.o
                0x000000800420cab4                ALV_DIVIDE
                0x000000800420cabe                ALV_DEBUG
                0x000000800420cac8                ALV_NMI
                0x000000800420cad2                ALV_BRKPT
                0x000000800420cadc                ALV_OFLOW
                0x000000800420cae6                ALV_BOUND
                0x000000800420caf0                ALV_ILLOP
                0x000000800420cafa                ALV_DEVICE
                0x000000800420cb04                ALV_DBLFLT
                0x000000800420cb0c                ALV_TSS
                0x000000800420cb14                ALV_SEGNP
                0x000000800420cb1c                ALV_STACK
                0x000000800420cb24                ALV_GPFLT
                0x000000800420cb2c                ALV_PGFLT
                0x000000800420cb30                ALV_FPERR
                0x000000800420cb36                ALV_ALIGN
                0x000000800420cb3c                ALV_MCHK
                0x000000800420cb42                ALV_SIMDERR
                0x000000800420cb48                ALV_SYSCALL
                0x000000800420cb4e                ALV_IRQ0
                0x000000800420cb54                ALV_IRQ1
                0x000000800420cb5a                ALV_IRQ2
                0x000000800420cb60                ALV_IRQ3
                0x000000800420cb66                ALV_IRQ4
                0x000000800420cb6c                ALV_IRQ5
                0x000000800420cb72                ALV_IRQ6
                0x000000800420cb78                ALV_IRQ7
                0x000000800420cb7e                ALV_IRQ8
                0x000000800420cb84                ALV_IRQ9
                0x000000800420cb8a                ALV_IRQ10
                0x000000800420cb90                ALV_IRQ11
                0x000000800420cb96                ALV_IRQ12
                0x000000800420cb9c                ALV_IRQ13
                0x000000800420cba2                ALV_IRQ14
                0x000000800420cba8                ALV_IRQ15
                0x000000800420cbae                _alltraps
 .text          0x000000800420cc7c      0x3d2 obj/kern/sched.o
                0x000000800420ccc8                sched_yield
                0x000000800420ce29                sched_halt
 .text          0x000000800420d04e     0x105c obj/kern/syscall.o
                0x000000800420deb6                syscall
 .text          0x000000800420e0aa      0x95c obj/kern/kdebug.o
                0x000000800420e0aa                list_func_die
                0x000000800420e5f5                debuginfo_rip
 .text          0x000000800420ea06      0xa6d obj/kern/printfmt.o
                0x000000800420ecd8                vprintfmt
                0x000000800420f1e3                printfmt
                0x000000800420f2ed                vsnprintf
                0x000000800420f38e                snprintf
 .text          0x000000800420f473      0x15d obj/kern/readline.o
                0x000000800420f473                readline
 .text          0x000000800420f5d0      0x804 obj/kern/string.o
                0x000000800420f5d0                strlen
                0x000000800420f602                strnlen
                0x000000800420f644                strcpy
                0x000000800420f68b                strcat
                0x000000800420f6de                strncpy
                0x000000800420f742                strlcpy
                0x000000800420f7b0                strcmp
                0x000000800420f807                strncmp
                0x000000800420f87c                strchr
                0x000000800420f8bc                strfind
                0x000000800420f8f8                memset
                0x000000800420f987                memmove
                0x000000800420faa2                memcpy
                0x000000800420fada                memcmp
                0x000000800420fb52                memfind
                0x000000800420fba0                strtol
                0x000000800420fd35                strstr
 .text          0x000000800420fdd4     0x1f63 obj/kern/libdwarf_rw.o
                0x000000800420fdd4                _dwarf_read_lsb
                0x000000800420ff10                _dwarf_decode_lsb
                0x0000008004210041                _dwarf_read_msb
                0x0000008004210202                _dwarf_decode_msb
                0x00000080042103c0                _dwarf_read_sleb128
                0x0000008004210468                _dwarf_read_uleb128
                0x00000080042104eb                _dwarf_decode_sleb128
                0x0000008004210581                _dwarf_decode_uleb128
                0x00000080042105f2                _dwarf_read_string
                0x0000008004210685                _dwarf_read_block
                0x00000080042106d2                _dwarf_elf_get_byte_order
                0x0000008004210744                _dwarf_elf_get_pointer_size
                0x00000080042107b2                _dwarf_init
                0x0000008004210892                _get_next_cu
                0x0000008004210a34                print_cu
                0x0000008004210a70                _dwarf_abbrev_parse
                0x0000008004210cfb                _dwarf_abbrev_find
                0x0000008004210e09                _dwarf_attr_init
                0x00000080042114f0                dwarf_search_die_within_cu
                0x00000080042117cf                dwarf_offdie
                0x00000080042118b5                _dwarf_attr_find
                0x000000800421194c                dwarf_siblingof
                0x0000008004211b52                dwarf_child
                0x0000008004211cd6                _dwarf_find_section_enhanced
 .text          0x0000008004211d37     0x2671 obj/kern/libdwarf_frame.o
                0x0000008004211d37                _dwarf_frame_params_init
                0x0000008004211d7c                dwarf_get_fde_at_pc
                0x0000008004211ebf                _dwarf_frame_regtable_copy
                0x0000008004212ed6                _dwarf_frame_get_internal_table
                0x0000008004213171                dwarf_get_fde_info_for_all_regs
                0x0000008004213fc6                _dwarf_frame_interal_table_init
                0x0000008004214290                dwarf_set_frame_cfa_value
                0x00000080042142c4                _dwarf_frame_section_load_eh
                0x0000008004214306                dwarf_init_eh_section
 .text          0x00000080042143a8      0xd1c obj/kern/libdwarf_lineno.o
                0x00000080042149ab                _dwarf_lineno_init
                0x0000008004214f3c                dwarf_srclines
 .text          0x00000080042150c4      0xd50 obj/kern/elf_rw.o
                0x00000080042150c4                _dwarf_find_section
                0x0000008004215147                find_debug_sections
                0x0000008004215416                read_section_headers
                0x0000008004215b73                readseg
                0x0000008004215cdc                waitdisk
                0x0000008004215d0e                readsect
 *fill*         0x0000008004215e14        0x4 
 .text          0x0000008004215e18       0xe7 obj/kern/mpentry.o
                0x0000008004215e18                mpentry_start
                0x0000008004215efe                mpentry_end
 .text          0x0000008004215eff      0x7ab obj/kern/mpconfig.o
                0x00000080042163e5                mp_init
 .text          0x00000080042166aa      0x49e obj/kern/lapic.o
                0x00000080042166f1                lapic_init
                0x00000080042168f0                cpunum
                0x0000008004216929                lapic_eoi
                0x000000800421696e                lapic_startap
                0x0000008004216afb                lapic_ipi
 .text          0x0000008004216b48      0x491 obj/kern/spinlock.o
                0x0000008004216c74                __spin_initlock
                0x0000008004216cad                spin_lock
                0x0000008004216d88                spin_unlock
                0x0000008004216fd9                PROVIDE (etext = .)

.iplt           0x0000008004216fd9        0x0 load address 0x0000000000216fd9
 .iplt          0x0000008004216fd9        0x0 obj/kern/bootstrap.o

.rodata         0x0000008004216fe0     0x2fd1 load address 0x0000000000216fe0
 *(EXCLUDE_FILE(obj/kern/bootstrap.o) .rodata .rodata.* .gnu.linkonce.r.*)
 .rodata        0x0000008004216fe0      0x4a2 obj/kern/init.o
 .rodata        0x0000008004217482       0x29 obj/kern/console.o
 *fill*         0x00000080042174ab        0x5 
 .rodata        0x00000080042174b0      0x291 obj/kern/monitor.o
 *fill*         0x0000008004217741        0x7 
 .rodata        0x0000008004217748      0xe34 obj/kern/pmap.o
 *fill*         0x000000800421857c        0x4 
 .rodata        0x0000008004218580       0xf0 obj/kern/env.o
 *fill*         0x0000008004218670       0x10 
 .rodata        0x0000008004218680      0x4e0 obj/kern/trap.o
 .rodata        0x0000008004218b60       0x61 obj/kern/sched.o
 *fill*         0x0000008004218bc1        0x7 
 .rodata        0x0000008004218bc8      0x378 obj/kern/syscall.o
 .rodata        0x0000008004218f40      0x390 obj/kern/kdebug.o
 *fill*         0x00000080042192d0       0x10 
 .rodata        0x00000080042192e0      0x4a0 obj/kern/printfmt.o
 .rodata        0x0000008004219780       0x13 obj/kern/readline.o
 *fill*         0x0000008004219793        0x5 
 .rodata        0x0000008004219798      0x1ab obj/kern/libdwarf_rw.o
 *fill*         0x0000008004219943        0x5 
 .rodata        0x0000008004219948      0x200 obj/kern/libdwarf_frame.o
 .rodata        0x0000008004219b48       0xc3 obj/kern/libdwarf_lineno.o
 .rodata        0x0000008004219c0b       0xa4 obj/kern/elf_rw.o
 *fill*         0x0000008004219caf        0x1 
 .rodata        0x0000008004219cb0      0x1d9 obj/kern/mpconfig.o
 *fill*         0x0000008004219e89        0x7 
 .rodata        0x0000008004219e90       0x30 obj/kern/lapic.o
 .rodata        0x0000008004219ec0       0xf1 obj/kern/spinlock.o

.rela.dyn       0x0000008004219fb8        0x0 load address 0x0000000000219fb8
 .rela.got      0x0000008004219fb8        0x0 obj/kern/bootstrap.o
 .rela.iplt     0x0000008004219fb8        0x0 obj/kern/bootstrap.o
 .rela.text     0x0000008004219fb8        0x0 obj/kern/bootstrap.o
 .rela.data     0x0000008004219fb8        0x0 obj/kern/bootstrap.o
                0x000000800421a000                . = ALIGN (0x1000)

.data           0x000000800421a000   0x2f7790 load address 0x000000000021a000
 *(EXCLUDE_FILE(obj/kern/bootstrap.o) .data)
 .data          0x000000800421a000    0x10042 obj/kern/entry.o
                0x000000800421a000                bootstack
                0x000000800422a000                kernel_64
                0x000000800422a000                bootstacktop
                0x000000800422a038                gdtdesc_64
 .data          0x000000800422a042        0x0 obj/kern/init.o
 *fill*         0x000000800422a042       0x1e 
 .data          0x000000800422a060      0x520 obj/kern/console.o
 .data          0x000000800422a580       0x48 obj/kern/monitor.o
 .data          0x000000800422a5c8        0x8 obj/kern/pmap.o
 *fill*         0x000000800422a5d0       0x10 
 .data          0x000000800422a5e0       0xb2 obj/kern/env.o
                0x000000800422a5e0                gdt
                0x000000800422a688                gdt_pd
 .data          0x000000800422a692        0x0 obj/kern/kclock.o
 .data          0x000000800422a692        0x2 obj/kern/picirq.o
                0x000000800422a692                irq_mask_8259A
 .data          0x000000800422a694        0x0 obj/kern/printf.o
 .data          0x000000800422a694        0x0 obj/kern/trap.o
 .data          0x000000800422a694        0x0 obj/kern/trapentry.o
 .data          0x000000800422a694        0x0 obj/kern/sched.o
 .data          0x000000800422a694        0x0 obj/kern/syscall.o
 *fill*         0x000000800422a694        0x4 
 .data          0x000000800422a698        0x8 obj/kern/kdebug.o
                0x000000800422a698                dbg
 .data          0x000000800422a6a0        0x0 obj/kern/printfmt.o
 .data          0x000000800422a6a0        0x0 obj/kern/readline.o
 .data          0x000000800422a6a0        0x0 obj/kern/string.o
 .data          0x000000800422a6a0        0x0 obj/kern/libdwarf_rw.o
 .data          0x000000800422a6a0       0x24 obj/kern/libdwarf_frame.o
                0x000000800422a6a0                debug_frame_sec
                0x000000800422a6c0                is_eh_frame
 .data          0x000000800422a6c4        0x0 obj/kern/libdwarf_lineno.o
 *fill*         0x000000800422a6c4       0x1c 
 .data          0x000000800422a6e0       0xa0 obj/kern/elf_rw.o
                0x000000800422a6e0                section_info
 .data          0x000000800422a780        0x0 obj/kern/mpentry.o
 .data          0x000000800422a780        0x0 obj/kern/mpconfig.o
 .data          0x000000800422a780        0x0 obj/kern/lapic.o
 .data          0x000000800422a780       0x68 obj/kern/spinlock.o
                0x000000800422a780                kernel_lock
 .data          0x000000800422a7e8     0xc2d0 obj/user/hello
                0x000000800422a7e8                _binary_obj_user_hello_start
                0x0000008004236ab8                _binary_obj_user_hello_end
 .data          0x0000008004236ab8     0xc2b8 obj/user/buggyhello
                0x0000008004236ab8                _binary_obj_user_buggyhello_start
                0x0000008004242d70                _binary_obj_user_buggyhello_end
 .data          0x0000008004242d70     0xc310 obj/user/buggyhello2
                0x0000008004242d70                _binary_obj_user_buggyhello2_start
                0x000000800424f080                _binary_obj_user_buggyhello2_end
 .data          0x000000800424f080     0xc2b8 obj/user/evilhello
                0x000000800424f080                _binary_obj_user_evilhello_start
                0x000000800425b338                _binary_obj_user_evilhello_end
 .data          0x000000800425b338     0xc3e8 obj/user/testbss
                0x000000800425b338                _binary_obj_user_testbss_start
                0x0000008004267720                _binary_obj_user_testbss_end
 .data          0x0000008004267720     0xc300 obj/user/divzero
                0x0000008004267720                _binary_obj_user_divzero_start
                0x0000008004273a20                _binary_obj_user_divzero_end
 .data          0x0000008004273a20     0xc278 obj/user/breakpoint
                0x0000008004273a20                _binary_obj_user_breakpoint_start
                0x000000800427fc98                _binary_obj_user_breakpoint_end
 .data          0x000000800427fc98     0xc270 obj/user/softint
                0x000000800427fc98                _binary_obj_user_softint_start
                0x000000800428bf08                _binary_obj_user_softint_end
 .data          0x000000800428bf08     0xc278 obj/user/badsegment
                0x000000800428bf08                _binary_obj_user_badsegment_start
                0x0000008004298180                _binary_obj_user_badsegment_end
 .data          0x0000008004298180     0xc2c8 obj/user/faultread
                0x0000008004298180                _binary_obj_user_faultread_start
                0x00000080042a4448                _binary_obj_user_faultread_end
 .data          0x00000080042a4448     0xc2d8 obj/user/faultreadkernel
                0x00000080042a4448                _binary_obj_user_faultreadkernel_start
                0x00000080042b0720                _binary_obj_user_faultreadkernel_end
 .data          0x00000080042b0720     0xc278 obj/user/faultwrite
                0x00000080042b0720                _binary_obj_user_faultwrite_start
                0x00000080042bc998                _binary_obj_user_faultwrite_end
 .data          0x00000080042bc998     0xc2a0 obj/user/faultwritekernel
                0x00000080042bc998                _binary_obj_user_faultwritekernel_start
                0x00000080042c8c38                _binary_obj_user_faultwritekernel_end
 .data          0x00000080042c8c38     0xc290 obj/user/idle
                0x00000080042c8c38                _binary_obj_user_idle_start
                0x00000080042d4ec8                _binary_obj_user_idle_end
 .data          0x00000080042d4ec8     0xc340 obj/user/yield
                0x00000080042d4ec8                _binary_obj_user_yield_start
                0x00000080042e1208                _binary_obj_user_yield_end
 .data          0x00000080042e1208     0xc8f0 obj/user/dumbfork
                0x00000080042e1208                _binary_obj_user_dumbfork_start
                0x00000080042edaf8                _binary_obj_user_dumbfork_end
 .data          0x00000080042edaf8     0xf6d8 obj/user/stresssched
                0x00000080042edaf8                _binary_obj_user_stresssched_start
                0x00000080042fd1d0                _binary_obj_user_stresssched_end
 .data          0x00000080042fd1d0     0xd218 obj/user/faultdie
                0x00000080042fd1d0                _binary_obj_user_faultdie_start
                0x000000800430a3e8                _binary_obj_user_faultdie_end
 .data          0x000000800430a3e8     0xe748 obj/user/faultregs
                0x000000800430a3e8                _binary_obj_user_faultregs_start
                0x0000008004318b30                _binary_obj_user_faultregs_end
 .data          0x0000008004318b30     0xd298 obj/user/faultalloc
                0x0000008004318b30                _binary_obj_user_faultalloc_start
                0x0000008004325dc8                _binary_obj_user_faultalloc_end
 .data          0x0000008004325dc8     0xd2a0 obj/user/faultallocbad
                0x0000008004325dc8                _binary_obj_user_faultallocbad_start
                0x0000008004333068                _binary_obj_user_faultallocbad_end
 .data          0x0000008004333068     0xd040 obj/user/faultnostack
                0x0000008004333068                _binary_obj_user_faultnostack_start
                0x00000080043400a8                _binary_obj_user_faultnostack_end
 .data          0x00000080043400a8     0xc2e8 obj/user/faultbadhandler
                0x00000080043400a8                _binary_obj_user_faultbadhandler_start
                0x000000800434c390                _binary_obj_user_faultbadhandler_end
 .data          0x000000800434c390     0xc2f0 obj/user/faultevilhandler
                0x000000800434c390                _binary_obj_user_faultevilhandler_start
                0x0000008004358680                _binary_obj_user_faultevilhandler_end
 .data          0x0000008004358680    0x18f90 obj/user/forktree
                0x0000008004358680                _binary_obj_user_forktree_start
                0x0000008004371610                _binary_obj_user_forktree_end
 .data          0x0000008004371610    0x10648 obj/user/sendpage
                0x0000008004371610                _binary_obj_user_sendpage_start
                0x0000008004381c58                _binary_obj_user_sendpage_end
 .data          0x0000008004381c58     0xf5c0 obj/user/spin
                0x0000008004381c58                _binary_obj_user_spin_start
                0x0000008004391218                _binary_obj_user_spin_end
 .data          0x0000008004391218     0xd290 obj/user/fairness
                0x0000008004391218                _binary_obj_user_fairness_start
                0x000000800439e4a8                _binary_obj_user_fairness_end
 .data          0x000000800439e4a8    0x10528 obj/user/pingpong
                0x000000800439e4a8                _binary_obj_user_pingpong_start
                0x00000080043ae9d0                _binary_obj_user_pingpong_end
 .data          0x00000080043ae9d0     0xd2f0 obj/user/pingpongs
                0x00000080043ae9d0                _binary_obj_user_pingpongs_start
                0x00000080043bbcc0                _binary_obj_user_pingpongs_end
 .data          0x00000080043bbcc0    0x10638 obj/user/primes
                0x00000080043bbcc0                _binary_obj_user_primes_start
                0x00000080043cc2f8                _binary_obj_user_primes_end
 .data          0x00000080043cc2f8    0x16938 obj/user/testfilero
                0x00000080043cc2f8                _binary_obj_user_testfilero_start
                0x00000080043e2c30                _binary_obj_user_testfilero_end
 .data          0x00000080043e2c30    0x18e58 obj/user/spawnhello
                0x00000080043e2c30                _binary_obj_user_spawnhello_start
                0x00000080043fba88                _binary_obj_user_spawnhello_end
 .data          0x00000080043fba88    0x18f48 obj/user/icode
                0x00000080043fba88                _binary_obj_user_icode_start
                0x00000080044149d0                _binary_obj_user_icode_end
 .data          0x00000080044149d0    0x27228 obj/fs/fs
                0x00000080044149d0                _binary_obj_fs_fs_start
                0x000000800443bbf8                _binary_obj_fs_fs_end
 .data          0x000000800443bbf8    0x1da18 obj/user/testpteshare
                0x000000800443bbf8                _binary_obj_user_testpteshare_start
                0x0000008004459610                _binary_obj_user_testpteshare_end
 .data          0x0000008004459610    0x1ac00 obj/user/testfdsharing
                0x0000008004459610                _binary_obj_user_testfdsharing_start
                0x0000008004474210                _binary_obj_user_testfdsharing_end
 .data          0x0000008004474210    0x1ac70 obj/user/testpipe
                0x0000008004474210                _binary_obj_user_testpipe_start
                0x000000800448ee80                _binary_obj_user_testpipe_end
 .data          0x000000800448ee80    0x1a050 obj/user/testpiperace
                0x000000800448ee80                _binary_obj_user_testpiperace_start
                0x00000080044a8ed0                _binary_obj_user_testpiperace_end
 .data          0x00000080044a8ed0    0x1a000 obj/user/testpiperace2
                0x00000080044a8ed0                _binary_obj_user_testpiperace2_start
                0x00000080044c2ed0                _binary_obj_user_testpiperace2_end
 .data          0x00000080044c2ed0    0x19558 obj/user/primespipe
                0x00000080044c2ed0                _binary_obj_user_primespipe_start
                0x00000080044dc428                _binary_obj_user_primespipe_end
 .data          0x00000080044dc428    0x176e8 obj/user/testkbd
                0x00000080044dc428                _binary_obj_user_testkbd_start
                0x00000080044f3b10                _binary_obj_user_testkbd_end
 .data          0x00000080044f3b10    0x1dc80 obj/user/testshell
                0x00000080044f3b10                _binary_obj_user_testshell_start
                0x0000008004511790                _binary_obj_user_testshell_end
                0x0000008004511790                PROVIDE (edata = .)

.got            0x0000008004511790        0x0 load address 0x0000000000511790
 .got           0x0000008004511790        0x0 obj/kern/bootstrap.o

.got.plt        0x0000008004511790        0x0 load address 0x0000000000511790
 .got.plt       0x0000008004511790        0x0 obj/kern/bootstrap.o

.igot.plt       0x0000008004511790        0x0 load address 0x0000000000511790
 .igot.plt      0x0000008004511790        0x0 obj/kern/bootstrap.o

.bss            0x0000008004512000    0x84010 load address 0x0000000000512000
 *(EXCLUDE_FILE(obj/kern/bootstrap.o) .bss)
 .bss           0x0000008004512000        0x0 obj/kern/entry.o
 .bss           0x0000008004512000        0x0 obj/kern/init.o
 .bss           0x0000008004512000      0x22c obj/kern/console.o
 .bss           0x000000800451222c        0x0 obj/kern/monitor.o
 *fill*         0x000000800451222c        0x4 
 .bss           0x0000008004512230       0x20 obj/kern/pmap.o
 .bss           0x0000008004512250       0x10 obj/kern/env.o
                0x0000008004512250                envs
 .bss           0x0000008004512260        0x0 obj/kern/kclock.o
 .bss           0x0000008004512260        0x1 obj/kern/picirq.o
 .bss           0x0000008004512261        0x0 obj/kern/printf.o
 *fill*         0x0000008004512261       0x1f 
 .bss           0x0000008004512280     0x1090 obj/kern/trap.o
                0x0000008004512280                idt
                0x0000008004513280                idt_pd
 .bss           0x0000008004513310        0x0 obj/kern/trapentry.o
 .bss           0x0000008004513310        0x0 obj/kern/sched.o
 .bss           0x0000008004513310        0x0 obj/kern/syscall.o
 .bss           0x0000008004513310        0x8 obj/kern/kdebug.o
 .bss           0x0000008004513318        0x0 obj/kern/printfmt.o
 *fill*         0x0000008004513318        0x8 
 .bss           0x0000008004513320      0x400 obj/kern/readline.o
 .bss           0x0000008004513720        0x0 obj/kern/string.o
 .bss           0x0000008004513720        0x0 obj/kern/libdwarf_rw.o
 .bss           0x0000008004513720       0x68 obj/kern/libdwarf_frame.o
                0x0000008004513720                global_rt_table
                0x0000008004513760                global_rt_table_shadow
 .bss           0x0000008004513788        0x0 obj/kern/libdwarf_lineno.o
 .bss           0x0000008004513788        0x0 obj/kern/elf_rw.o
 .bss           0x0000008004513788        0x0 obj/kern/mpentry.o
 .bss           0x0000008004513788        0x0 obj/kern/mpconfig.o
 .bss           0x0000008004513788        0x0 obj/kern/lapic.o
 .bss           0x0000008004513788        0x0 obj/kern/spinlock.o
 COMMON         0x0000008004513788       0x18 obj/kern/init.o
                0x0000008004513788                end_debug
                0x0000008004513790                panicstr
                0x0000008004513798                mpentry_kstack
 COMMON         0x00000080045137a0       0x20 obj/kern/pmap.o
                0x00000080045137a0                boot_cr3
                0x00000080045137a8                boot_pml4e
                0x00000080045137b0                npages
                0x00000080045137b8                pages
 COMMON         0x00000080045137c0       0x58 obj/kern/kdebug.o
                0x00000080045137c0                mydebug
 *fill*         0x0000008004513818        0x8 
 COMMON         0x0000008004513820      0xc70 obj/kern/libdwarf_frame.o
                0x0000008004513820                global_rules_shadow
                0x0000008004513e60                global_rules
 *fill*         0x0000008004514490       0x10 
 COMMON         0x00000080045144a0      0x200 obj/kern/libdwarf_lineno.o
                0x00000080045144a0                global_std_op
 *fill*         0x00000080045146a0      0x960 
 COMMON         0x0000008004515000    0x81000 obj/kern/mpconfig.o
                0x0000008004515000                ismp
                0x0000008004515020                cpus
                0x00000080045153e0                bootcpu
                0x00000080045153e8                ncpu
                0x0000008004516000                percpu_kstacks
 COMMON         0x0000008004596000       0x10 obj/kern/lapic.o
                0x0000008004596000                lapicaddr
                0x0000008004596008                lapic
                0x0000008004596010                PROVIDE (end = .)

.debug
 *(.debug)

.line
 *(.line)

.debug_srcinfo
 *(.debug_srcinfo)

.debug_sfnames
 *(.debug_sfnames)

.debug_aranges  0x0000000000000000      0x4e0
 *(.debug_aranges)
 .debug_aranges
                0x0000000000000000       0x30 obj/kern/bootstrap.o
 .debug_aranges
                0x0000000000000030       0x30 obj/kern/entry.o
 .debug_aranges
                0x0000000000000060       0x30 obj/kern/init.o
 .debug_aranges
                0x0000000000000090       0x30 obj/kern/console.o
 .debug_aranges
                0x00000000000000c0       0x30 obj/kern/monitor.o
 .debug_aranges
                0x00000000000000f0       0x30 obj/kern/pmap.o
 .debug_aranges
                0x0000000000000120       0x30 obj/kern/env.o
 .debug_aranges
                0x0000000000000150       0x30 obj/kern/kclock.o
 .debug_aranges
                0x0000000000000180       0x30 obj/kern/picirq.o
 .debug_aranges
                0x00000000000001b0       0x30 obj/kern/printf.o
 .debug_aranges
                0x00000000000001e0       0x30 obj/kern/trap.o
 .debug_aranges
                0x0000000000000210       0x30 obj/kern/trapentry.o
 .debug_aranges
                0x0000000000000240       0x30 obj/kern/sched.o
 .debug_aranges
                0x0000000000000270       0x30 obj/kern/syscall.o
 .debug_aranges
                0x00000000000002a0       0x30 obj/kern/kdebug.o
 .debug_aranges
                0x00000000000002d0       0x30 obj/kern/printfmt.o
 .debug_aranges
                0x0000000000000300       0x30 obj/kern/readline.o
 .debug_aranges
                0x0000000000000330       0x30 obj/kern/string.o
 .debug_aranges
                0x0000000000000360       0x30 obj/kern/libdwarf_rw.o
 .debug_aranges
                0x0000000000000390       0x30 obj/kern/libdwarf_frame.o
 .debug_aranges
                0x00000000000003c0       0x30 obj/kern/libdwarf_lineno.o
 .debug_aranges
                0x00000000000003f0       0x30 obj/kern/elf_rw.o
 .debug_aranges
                0x0000000000000420       0x30 obj/kern/mpentry.o
 .debug_aranges
                0x0000000000000450       0x30 obj/kern/mpconfig.o
 .debug_aranges
                0x0000000000000480       0x30 obj/kern/lapic.o
 .debug_aranges
                0x00000000000004b0       0x30 obj/kern/spinlock.o

.debug_pubnames
 *(.debug_pubnames)

.debug_info     0x0000000000000000    0x1499d
 *(.debug_info .gnu.linkonce.wi.*)
 .debug_info    0x0000000000000000       0x2e obj/kern/bootstrap.o
 .debug_info    0x000000000000002e       0x2e obj/kern/entry.o
 .debug_info    0x000000000000005c     0x1103 obj/kern/init.o
 .debug_info    0x000000000000115f      0xd91 obj/kern/console.o
 .debug_info    0x0000000000001ef0      0xa89 obj/kern/monitor.o
 .debug_info    0x0000000000002979     0x35a8 obj/kern/pmap.o
 .debug_info    0x0000000000005f21     0x1728 obj/kern/env.o
 .debug_info    0x0000000000007649      0x1ec obj/kern/kclock.o
 .debug_info    0x0000000000007835      0x43b obj/kern/picirq.o
 .debug_info    0x0000000000007c70      0x24a obj/kern/printf.o
 .debug_info    0x0000000000007eba     0x174f obj/kern/trap.o
 .debug_info    0x0000000000009609       0x2e obj/kern/trapentry.o
 .debug_info    0x0000000000009637      0xb09 obj/kern/sched.o
 .debug_info    0x000000000000a140     0x1450 obj/kern/syscall.o
 .debug_info    0x000000000000b590     0x1625 obj/kern/kdebug.o
 .debug_info    0x000000000000cbb5      0x6d4 obj/kern/printfmt.o
 .debug_info    0x000000000000d289      0x1ea obj/kern/readline.o
 .debug_info    0x000000000000d473      0x731 obj/kern/string.o
 .debug_info    0x000000000000dba4     0x182b obj/kern/libdwarf_rw.o
 .debug_info    0x000000000000f3cf     0x15b0 obj/kern/libdwarf_frame.o
 .debug_info    0x000000000001097f     0x1032 obj/kern/libdwarf_lineno.o
 .debug_info    0x00000000000119b1      0xb85 obj/kern/elf_rw.o
 .debug_info    0x0000000000012536       0x2e obj/kern/mpentry.o
 .debug_info    0x0000000000012564      0xe45 obj/kern/mpconfig.o
 .debug_info    0x00000000000133a9      0xa95 obj/kern/lapic.o
 .debug_info    0x0000000000013e3e      0xb5f obj/kern/spinlock.o

.debug_abbrev   0x0000000000000000     0x3295
 *(.debug_abbrev)
 .debug_abbrev  0x0000000000000000       0x14 obj/kern/bootstrap.o
 .debug_abbrev  0x0000000000000014       0x14 obj/kern/entry.o
 .debug_abbrev  0x0000000000000028      0x31c obj/kern/init.o
 .debug_abbrev  0x0000000000000344      0x2bd obj/kern/console.o
 .debug_abbrev  0x0000000000000601      0x22f obj/kern/monitor.o
 .debug_abbrev  0x0000000000000830      0x381 obj/kern/pmap.o
 .debug_abbrev  0x0000000000000bb1      0x37f obj/kern/env.o
 .debug_abbrev  0x0000000000000f30      0x10f obj/kern/kclock.o
 .debug_abbrev  0x000000000000103f      0x100 obj/kern/picirq.o
 .debug_abbrev  0x000000000000113f      0x107 obj/kern/printf.o
 .debug_abbrev  0x0000000000001246      0x381 obj/kern/trap.o
 .debug_abbrev  0x00000000000015c7       0x14 obj/kern/trapentry.o
 .debug_abbrev  0x00000000000015db      0x242 obj/kern/sched.o
 .debug_abbrev  0x000000000000181d      0x284 obj/kern/syscall.o
 .debug_abbrev  0x0000000000001aa1      0x2af obj/kern/kdebug.o
 .debug_abbrev  0x0000000000001d50      0x238 obj/kern/printfmt.o
 .debug_abbrev  0x0000000000001f88       0xd8 obj/kern/readline.o
 .debug_abbrev  0x0000000000002060      0x13f obj/kern/string.o
 .debug_abbrev  0x000000000000219f      0x240 obj/kern/libdwarf_rw.o
 .debug_abbrev  0x00000000000023df      0x281 obj/kern/libdwarf_frame.o
 .debug_abbrev  0x0000000000002660      0x2cb obj/kern/libdwarf_lineno.o
 .debug_abbrev  0x000000000000292b      0x229 obj/kern/elf_rw.o
 .debug_abbrev  0x0000000000002b54       0x14 obj/kern/mpentry.o
 .debug_abbrev  0x0000000000002b68      0x283 obj/kern/mpconfig.o
 .debug_abbrev  0x0000000000002deb      0x227 obj/kern/lapic.o
 .debug_abbrev  0x0000000000003012      0x283 obj/kern/spinlock.o

.debug_line     0x0000000000000000     0x6cfc
 *(.debug_line)
 .debug_line    0x0000000000000000       0x98 obj/kern/bootstrap.o
 .debug_line    0x0000000000000098       0x51 obj/kern/entry.o
 .debug_line    0x00000000000000e9      0x2ac obj/kern/init.o
 .debug_line    0x0000000000000395      0x4ca obj/kern/console.o
 .debug_line    0x000000000000085f      0x252 obj/kern/monitor.o
 .debug_line    0x0000000000000ab1     0x153b obj/kern/pmap.o
 .debug_line    0x0000000000001fec      0x61d obj/kern/env.o
 .debug_line    0x0000000000002609       0x9e obj/kern/kclock.o
 .debug_line    0x00000000000026a7      0x114 obj/kern/picirq.o
 .debug_line    0x00000000000027bb       0xa1 obj/kern/printf.o
 .debug_line    0x000000000000285c      0x846 obj/kern/trap.o
 .debug_line    0x00000000000030a2       0x7c obj/kern/trapentry.o
 .debug_line    0x000000000000311e      0x228 obj/kern/sched.o
 .debug_line    0x0000000000003346      0x4c1 obj/kern/syscall.o
 .debug_line    0x0000000000003807      0x311 obj/kern/kdebug.o
 .debug_line    0x0000000000003b18      0x32a obj/kern/printfmt.o
 .debug_line    0x0000000000003e42       0xce obj/kern/readline.o
 .debug_line    0x0000000000003f10      0x489 obj/kern/string.o
 .debug_line    0x0000000000004399      0xaf8 obj/kern/libdwarf_rw.o
 .debug_line    0x0000000000004e91      0xd6a obj/kern/libdwarf_frame.o
 .debug_line    0x0000000000005bfb      0x443 obj/kern/libdwarf_lineno.o
 .debug_line    0x000000000000603e      0x48b obj/kern/elf_rw.o
 .debug_line    0x00000000000064c9       0x76 obj/kern/mpentry.o
 .debug_line    0x000000000000653f      0x352 obj/kern/mpconfig.o
 .debug_line    0x0000000000006891      0x223 obj/kern/lapic.o
 .debug_line    0x0000000000006ab4      0x248 obj/kern/spinlock.o

.debug_frame
 *(.debug_frame)

.debug_str      0x0000000000000000     0x2aeb
 *(.debug_str)
 .debug_str     0x0000000000000000       0x2e obj/kern/bootstrap.o
 .debug_str     0x000000000000002e        0xd obj/kern/entry.o
                                         0x2a (size before relaxing)
 .debug_str     0x000000000000003b      0x7c5 obj/kern/init.o
                                        0x8ae (size before relaxing)
 .debug_str     0x0000000000000800      0x13e obj/kern/console.o
                                        0x324 (size before relaxing)
 .debug_str     0x000000000000093e      0x15c obj/kern/monitor.o
                                        0x50b (size before relaxing)
 .debug_str     0x0000000000000a9a      0x534 obj/kern/pmap.o
                                        0xb99 (size before relaxing)
 .debug_str     0x0000000000000fce      0x1ed obj/kern/env.o
                                        0x9eb (size before relaxing)
 .debug_str     0x00000000000011bb       0x23 obj/kern/kclock.o
                                        0x1b6 (size before relaxing)
 .debug_str     0x00000000000011de       0x1b obj/kern/picirq.o
                                        0x1ea (size before relaxing)
 .debug_str     0x00000000000011f9       0x18 obj/kern/printf.o
                                        0x219 (size before relaxing)
 .debug_str     0x0000000000001211      0x299 obj/kern/trap.o
                                        0xa43 (size before relaxing)
 .debug_str     0x00000000000014aa       0x11 obj/kern/trapentry.o
                                         0x2e (size before relaxing)
 .debug_str     0x00000000000014bb       0x1d obj/kern/sched.o
                                        0x6a0 (size before relaxing)
 .debug_str     0x00000000000014d8      0x216 obj/kern/syscall.o
                                        0xa03 (size before relaxing)
 .debug_str     0x00000000000016ee      0x838 obj/kern/kdebug.o
                                        0xf5f (size before relaxing)
 .debug_str     0x0000000000001f26       0x97 obj/kern/printfmt.o
                                        0x37e (size before relaxing)
 .debug_str     0x0000000000001fbd       0x1e obj/kern/readline.o
                                        0x220 (size before relaxing)
 .debug_str     0x0000000000001fdb       0x6b obj/kern/string.o
                                        0x244 (size before relaxing)
 .debug_str     0x0000000000002046      0x228 obj/kern/libdwarf_rw.o
                                        0xc87 (size before relaxing)
 .debug_str     0x000000000000226e      0x435 obj/kern/libdwarf_frame.o
                                        0xc35 (size before relaxing)
 .debug_str     0x00000000000026a3      0x1ae obj/kern/libdwarf_lineno.o
                                        0xc5a (size before relaxing)
 .debug_str     0x0000000000002851      0x17a obj/kern/elf_rw.o
                                        0x4ec (size before relaxing)
 .debug_str     0x00000000000029cb        0xf obj/kern/mpentry.o
                                         0x2c (size before relaxing)
 .debug_str     0x00000000000029da       0xa4 obj/kern/mpconfig.o
                                        0x656 (size before relaxing)
 .debug_str     0x0000000000002a7e       0x36 obj/kern/lapic.o
                                        0x5c0 (size before relaxing)
 .debug_str     0x0000000000002ab4       0x37 obj/kern/spinlock.o
                                        0x65b (size before relaxing)

.debug_loc      0x0000000000000000     0x4d74
 *(.debug_loc)
 .debug_loc     0x0000000000000000      0x2c4 obj/kern/init.o
 .debug_loc     0x00000000000002c4      0x6c0 obj/kern/console.o
 .debug_loc     0x0000000000000984      0x1e0 obj/kern/monitor.o
 .debug_loc     0x0000000000000b64      0xb40 obj/kern/pmap.o
 .debug_loc     0x00000000000016a4      0x5d8 obj/kern/env.o
 .debug_loc     0x0000000000001c7c       0xc0 obj/kern/kclock.o
 .debug_loc     0x0000000000001d3c       0xc0 obj/kern/picirq.o
 .debug_loc     0x0000000000001dfc      0x120 obj/kern/printf.o
 .debug_loc     0x0000000000001f1c      0x3ac obj/kern/trap.o
 .debug_loc     0x00000000000022c8      0x180 obj/kern/sched.o
 .debug_loc     0x0000000000002448      0x58c obj/kern/syscall.o
 .debug_loc     0x00000000000029d4       0xc0 obj/kern/kdebug.o
 .debug_loc     0x0000000000002a94      0x300 obj/kern/printfmt.o
 .debug_loc     0x0000000000002d94       0x60 obj/kern/readline.o
 .debug_loc     0x0000000000002df4      0x660 obj/kern/string.o
 .debug_loc     0x0000000000003454      0x900 obj/kern/libdwarf_rw.o
 .debug_loc     0x0000000000003d54      0x5a0 obj/kern/libdwarf_frame.o
 .debug_loc     0x00000000000042f4      0x180 obj/kern/libdwarf_lineno.o
 .debug_loc     0x0000000000004474      0x240 obj/kern/elf_rw.o
 .debug_loc     0x00000000000046b4      0x1e0 obj/kern/mpconfig.o
 .debug_loc     0x0000000000004894      0x2a0 obj/kern/lapic.o
 .debug_loc     0x0000000000004b34      0x240 obj/kern/spinlock.o

.comment        0x0000000000000000       0x2a
 .comment       0x0000000000000000       0x2a obj/kern/init.o
                                         0x2b (size before relaxing)
 .comment       0x000000000000002a       0x2b obj/kern/console.o
 .comment       0x000000000000002a       0x2b obj/kern/monitor.o
 .comment       0x000000000000002a       0x2b obj/kern/pmap.o
 .comment       0x000000000000002a       0x2b obj/kern/env.o
 .comment       0x000000000000002a       0x2b obj/kern/kclock.o
 .comment       0x000000000000002a       0x2b obj/kern/picirq.o
 .comment       0x000000000000002a       0x2b obj/kern/printf.o
 .comment       0x000000000000002a       0x2b obj/kern/trap.o
 .comment       0x000000000000002a       0x2b obj/kern/sched.o
 .comment       0x000000000000002a       0x2b obj/kern/syscall.o
 .comment       0x000000000000002a       0x2b obj/kern/kdebug.o
 .comment       0x000000000000002a       0x2b obj/kern/printfmt.o
 .comment       0x000000000000002a       0x2b obj/kern/readline.o
 .comment       0x000000000000002a       0x2b obj/kern/string.o
 .comment       0x000000000000002a       0x2b obj/kern/libdwarf_rw.o
 .comment       0x000000000000002a       0x2b obj/kern/libdwarf_frame.o
 .comment       0x000000000000002a       0x2b obj/kern/libdwarf_lineno.o
 .comment       0x000000000000002a       0x2b obj/kern/elf_rw.o
 .comment       0x000000000000002a       0x2b obj/kern/mpconfig.o
 .comment       0x000000000000002a       0x2b obj/kern/lapic.o
 .comment       0x000000000000002a       0x2b obj/kern/spinlock.o

.debug_macinfo
 *(.debug_macinfo)

.debug_weaknames
 *(.debug_weaknames)

.debug_funcnames
 *(.debug_funcnames)

.debug_typenames
 *(.debug_typenames)

.debug_varnames
 *(.debug_varnames)

/DISCARD/
 *(.eh_frame .note.GNU-stack)
LOAD obj/kern/bootstrap.o
LOAD obj/kern/entry.o
LOAD obj/kern/init.o
LOAD obj/kern/console.o
LOAD obj/kern/monitor.o
LOAD obj/kern/pmap.o
LOAD obj/kern/env.o
LOAD obj/kern/kclock.o
LOAD obj/kern/picirq.o
LOAD obj/kern/printf.o
LOAD obj/kern/trap.o
LOAD obj/kern/trapentry.o
LOAD obj/kern/sched.o
LOAD obj/kern/syscall.o
LOAD obj/kern/kdebug.o
LOAD obj/kern/printfmt.o
LOAD obj/kern/readline.o
LOAD obj/kern/string.o
LOAD obj/kern/libdwarf_rw.o
LOAD obj/kern/libdwarf_frame.o
LOAD obj/kern/libdwarf_lineno.o
LOAD obj/kern/elf_rw.o
LOAD obj/kern/mpentry.o
LOAD obj/kern/mpconfig.o
LOAD obj/kern/lapic.o
LOAD obj/kern/spinlock.o
LOAD /usr/lib/gcc/x86_64-linux-gnu/9/libgcc.a
TARGET(binary)
LOAD obj/user/hello
LOAD obj/user/buggyhello
LOAD obj/user/buggyhello2
LOAD obj/user/evilhello
LOAD obj/user/testbss
LOAD obj/user/divzero
LOAD obj/user/breakpoint
LOAD obj/user/softint
LOAD obj/user/badsegment
LOAD obj/user/faultread
LOAD obj/user/faultreadkernel
LOAD obj/user/faultwrite
LOAD obj/user/faultwritekernel
LOAD obj/user/idle
LOAD obj/user/yield
LOAD obj/user/dumbfork
LOAD obj/user/stresssched
LOAD obj/user/faultdie
LOAD obj/user/faultregs
LOAD obj/user/faultalloc
LOAD obj/user/faultallocbad
LOAD obj/user/faultnostack
LOAD obj/user/faultbadhandler
LOAD obj/user/faultevilhandler
LOAD obj/user/forktree
LOAD obj/user/sendpage
LOAD obj/user/spin
LOAD obj/user/fairness
LOAD obj/user/pingpong
LOAD obj/user/pingpongs
LOAD obj/user/primes
LOAD obj/user/testfilero
LOAD obj/user/spawnhello
LOAD obj/user/icode
LOAD obj/fs/fs
LOAD obj/user/testpteshare
LOAD obj/user/testfdsharing
LOAD obj/user/testpipe
LOAD obj/user/testpiperace
LOAD obj/user/testpiperace2
LOAD obj/user/primespipe
LOAD obj/user/testkbd
LOAD obj/user/testshell
OUTPUT(obj/kern/kernel elf64-x86-64)

.debug_ranges   0x0000000000000000       0x60
 .debug_ranges  0x0000000000000000       0x30 obj/kern/pmap.o
 .debug_ranges  0x0000000000000030       0x30 obj/kern/string.o
