
Merging program properties

Removed property 0xc0000002 to merge obj/kern/init.o (0x3) and obj/kern/bootstrap.o (not found)
Removed property 0xc0000002 to merge obj/kern/init.o (not found) and obj/kern/console.o (0x3)
Removed property 0xc0000002 to merge obj/kern/init.o (not found) and obj/kern/monitor.o (0x3)
Removed property 0xc0000002 to merge obj/kern/init.o (not found) and obj/kern/pmap.o (0x3)
Removed property 0xc0000002 to merge obj/kern/init.o (not found) and obj/kern/env.o (0x3)
Removed property 0xc0000002 to merge obj/kern/init.o (not found) and obj/kern/kclock.o (0x3)
Removed property 0xc0000002 to merge obj/kern/init.o (not found) and obj/kern/picirq.o (0x3)
Removed property 0xc0000002 to merge obj/kern/init.o (not found) and obj/kern/printf.o (0x3)
Removed property 0xc0000002 to merge obj/kern/init.o (not found) and obj/kern/trap.o (0x3)
Removed property 0xc0000002 to merge obj/kern/init.o (not found) and obj/kern/sched.o (0x3)
Removed property 0xc0000002 to merge obj/kern/init.o (not found) and obj/kern/syscall.o (0x3)
Removed property 0xc0000002 to merge obj/kern/init.o (not found) and obj/kern/kdebug.o (0x3)
Removed property 0xc0000002 to merge obj/kern/init.o (not found) and obj/kern/printfmt.o (0x3)
Removed property 0xc0000002 to merge obj/kern/init.o (not found) and obj/kern/readline.o (0x3)
Removed property 0xc0000002 to merge obj/kern/init.o (not found) and obj/kern/string.o (0x3)
Removed property 0xc0000002 to merge obj/kern/init.o (not found) and obj/kern/libdwarf_rw.o (0x3)
Removed property 0xc0000002 to merge obj/kern/init.o (not found) and obj/kern/libdwarf_frame.o (0x3)
Removed property 0xc0000002 to merge obj/kern/init.o (not found) and obj/kern/libdwarf_lineno.o (0x3)
Removed property 0xc0000002 to merge obj/kern/init.o (not found) and obj/kern/elf_rw.o (0x3)
Removed property 0xc0000002 to merge obj/kern/init.o (not found) and obj/kern/mpconfig.o (0x3)
Removed property 0xc0000002 to merge obj/kern/init.o (not found) and obj/kern/lapic.o (0x3)
Removed property 0xc0000002 to merge obj/kern/init.o (not found) and obj/kern/spinlock.o (0x3)

Allocating common symbols
Common symbol       size              file

global_rules_shadow
                    0x630             obj/kern/libdwarf_frame.o
ismp                0x4               obj/kern/mpconfig.o
lapicaddr           0x8               obj/kern/lapic.o
end_debug           0x8               obj/kern/init.o
mydebug             0x58              obj/kern/kdebug.o
panicstr            0x8               obj/kern/init.o
boot_cr3            0x8               obj/kern/pmap.o
mpentry_kstack      0x8               obj/kern/init.o
cpus                0x3c0             obj/kern/mpconfig.o
global_std_op       0x200             obj/kern/libdwarf_lineno.o
lapic               0x8               obj/kern/lapic.o
bootcpu             0x8               obj/kern/mpconfig.o
global_rules        0x630             obj/kern/libdwarf_frame.o
boot_pml4e          0x8               obj/kern/pmap.o
ncpu                0x4               obj/kern/mpconfig.o
npages              0x8               obj/kern/pmap.o
pages               0x8               obj/kern/pmap.o
percpu_kstacks      0x80000           obj/kern/mpconfig.o

Discarded input sections

 .note.GNU-stack
                0x0000000000000000        0x0 obj/kern/init.o
 .note.gnu.property
                0x0000000000000000       0x20 obj/kern/init.o
 .eh_frame      0x0000000000000000       0xd0 obj/kern/init.o
 .note.GNU-stack
                0x0000000000000000        0x0 obj/kern/console.o
 .note.gnu.property
                0x0000000000000000       0x20 obj/kern/console.o
 .eh_frame      0x0000000000000000      0x258 obj/kern/console.o
 .note.GNU-stack
                0x0000000000000000        0x0 obj/kern/monitor.o
 .note.gnu.property
                0x0000000000000000       0x20 obj/kern/monitor.o
 .eh_frame      0x0000000000000000       0xb8 obj/kern/monitor.o
 .note.GNU-stack
                0x0000000000000000        0x0 obj/kern/pmap.o
 .note.gnu.property
                0x0000000000000000       0x20 obj/kern/pmap.o
 .eh_frame      0x0000000000000000      0x3f0 obj/kern/pmap.o
 .note.GNU-stack
                0x0000000000000000        0x0 obj/kern/env.o
 .note.gnu.property
                0x0000000000000000       0x20 obj/kern/env.o
 .eh_frame      0x0000000000000000      0x220 obj/kern/env.o
 .note.GNU-stack
                0x0000000000000000        0x0 obj/kern/kclock.o
 .note.gnu.property
                0x0000000000000000       0x20 obj/kern/kclock.o
 .eh_frame      0x0000000000000000       0x58 obj/kern/kclock.o
 .note.GNU-stack
                0x0000000000000000        0x0 obj/kern/picirq.o
 .note.gnu.property
                0x0000000000000000       0x20 obj/kern/picirq.o
 .eh_frame      0x0000000000000000       0x58 obj/kern/picirq.o
 .note.GNU-stack
                0x0000000000000000        0x0 obj/kern/printf.o
 .note.gnu.property
                0x0000000000000000       0x20 obj/kern/printf.o
 .eh_frame      0x0000000000000000       0x78 obj/kern/printf.o
 .note.GNU-stack
                0x0000000000000000        0x0 obj/kern/trap.o
 .note.gnu.property
                0x0000000000000000       0x20 obj/kern/trap.o
 .eh_frame      0x0000000000000000      0x160 obj/kern/trap.o
 .note.GNU-stack
                0x0000000000000000        0x0 obj/kern/sched.o
 .note.gnu.property
                0x0000000000000000       0x20 obj/kern/sched.o
 .eh_frame      0x0000000000000000       0x98 obj/kern/sched.o
 .note.GNU-stack
                0x0000000000000000        0x0 obj/kern/syscall.o
 .note.gnu.property
                0x0000000000000000       0x20 obj/kern/syscall.o
 .eh_frame      0x0000000000000000      0x208 obj/kern/syscall.o
 .note.GNU-stack
                0x0000000000000000        0x0 obj/kern/kdebug.o
 .note.gnu.property
                0x0000000000000000       0x20 obj/kern/kdebug.o
 .eh_frame      0x0000000000000000       0x58 obj/kern/kdebug.o
 .note.GNU-stack
                0x0000000000000000        0x0 obj/kern/printfmt.o
 .note.gnu.property
                0x0000000000000000       0x20 obj/kern/printfmt.o
 .eh_frame      0x0000000000000000      0x128 obj/kern/printfmt.o
 .note.GNU-stack
                0x0000000000000000        0x0 obj/kern/readline.o
 .note.gnu.property
                0x0000000000000000       0x20 obj/kern/readline.o
 .eh_frame      0x0000000000000000       0x38 obj/kern/readline.o
 .note.GNU-stack
                0x0000000000000000        0x0 obj/kern/string.o
 .note.gnu.property
                0x0000000000000000       0x20 obj/kern/string.o
 .eh_frame      0x0000000000000000      0x238 obj/kern/string.o
 .note.GNU-stack
                0x0000000000000000        0x0 obj/kern/libdwarf_rw.o
 .note.gnu.property
                0x0000000000000000       0x20 obj/kern/libdwarf_rw.o
 .eh_frame      0x0000000000000000      0x320 obj/kern/libdwarf_rw.o
 .note.GNU-stack
                0x0000000000000000        0x0 obj/kern/libdwarf_frame.o
 .note.gnu.property
                0x0000000000000000       0x20 obj/kern/libdwarf_frame.o
 .eh_frame      0x0000000000000000      0x200 obj/kern/libdwarf_frame.o
 .note.GNU-stack
                0x0000000000000000        0x0 obj/kern/libdwarf_lineno.o
 .note.gnu.property
                0x0000000000000000       0x20 obj/kern/libdwarf_lineno.o
 .eh_frame      0x0000000000000000       0xa0 obj/kern/libdwarf_lineno.o
 .note.GNU-stack
                0x0000000000000000        0x0 obj/kern/elf_rw.o
 .note.gnu.property
                0x0000000000000000       0x20 obj/kern/elf_rw.o
 .eh_frame      0x0000000000000000       0xd8 obj/kern/elf_rw.o
 .note.GNU-stack
                0x0000000000000000        0x0 obj/kern/mpconfig.o
 .note.gnu.property
                0x0000000000000000       0x20 obj/kern/mpconfig.o
 .eh_frame      0x0000000000000000       0xb8 obj/kern/mpconfig.o
 .note.GNU-stack
                0x0000000000000000        0x0 obj/kern/lapic.o
 .note.gnu.property
                0x0000000000000000       0x20 obj/kern/lapic.o
 .eh_frame      0x0000000000000000       0xf8 obj/kern/lapic.o
 .note.GNU-stack
                0x0000000000000000        0x0 obj/kern/spinlock.o
 .note.gnu.property
                0x0000000000000000       0x20 obj/kern/spinlock.o
 .eh_frame      0x0000000000000000       0xf0 obj/kern/spinlock.o

Memory Configuration

Name             Origin             Length             Attributes
*default*        0x0000000000000000 0xffffffffffffffff

Linker script and memory map

                0x0000000000100000                . = 0x100000

.bootstrap      0x0000000000100000     0x7004
 obj/kern/bootstrap.o(.text .data .bss)
 .text          0x0000000000100000      0x110 obj/kern/bootstrap.o
                0x0000000000100000                entry
                0x00000000001000e0                jumpto_longmode
 *fill*         0x0000000000100110      0xef0 
 .data          0x0000000000101000     0x6004 obj/kern/bootstrap.o
                0x0000000000102000                pml4virt
                0x0000000000107000                multiboot_info
 .bss           0x0000000000107004        0x0 obj/kern/bootstrap.o
                0x0000008004200000                . = 0x8004200000

.text           0x0000008004200000    0x17380 load address 0x0000000000200000
 *(EXCLUDE_FILE(obj/kern/bootstrap.o) .text .stub .text.* .gnu.linkonce.t.*)
 .text          0x0000008004200000       0x58 obj/kern/entry.o
                0x000000800420000c                _bootstrap
                0x000000000020000c                _start
 .text          0x0000008004200058      0x59b obj/kern/init.o
                0x00000080042000a2                i386_init
                0x00000080042003e5                mp_main
                0x00000080042004b1                _panic
 .text          0x00000080042005f3      0xbd1 obj/kern/console.o
                0x000000800420068c                serial_intr
                0x0000008004200f1f                kbd_intr
                0x0000008004201009                cons_getc
                0x0000008004201106                cons_init
                0x0000008004201164                cputchar
                0x0000008004201187                getchar
                0x00000080042011ae                iscons
 .text          0x00000080042011c4      0x695 obj/kern/monitor.o
                0x00000080042011c4                mon_help
                0x0000008004201262                mon_kerninfo
                0x00000080042013fd                mon_backtrace
                0x00000080042017b4                monitor
 .text          0x0000008004201859     0x5eee obj/kern/pmap.o
                0x000000800420198b                restrictive_type
                0x0000008004202598                x64_vm_init
                0x0000008004202c42                page_init
                0x0000008004202f48                page_alloc
                0x0000008004203027                page_free
                0x00000080042030e3                page_decref
                0x0000008004203129                pml4e_walk
                0x00000080042033a1                pdpe_walk
                0x00000080042035e2                pgdir_walk
                0x000000800420384b                page_insert
                0x000000800420390d                page_lookup
                0x000000800420398e                page_remove
                0x0000008004203a0e                tlb_invalidate
                0x0000008004203ae5                mmio_map_region
                0x0000008004203bef                user_mem_check
                0x0000008004203d14                user_mem_assert
 .text          0x0000008004207747     0x12b9 obj/kern/env.o
                0x000000800420789c                envid2env
                0x0000008004207a0d                env_init
                0x0000008004207b35                env_init_percpu
                0x0000008004207cb3                env_alloc
                0x0000008004207f85                load_icode
                0x000000800420814b                env_create
                0x00000080042081c2                env_free
                0x0000008004208659                env_destroy
                0x000000800420874f                env_pop_tf
                0x0000008004208830                env_run
 .text          0x0000008004208a00       0x88 obj/kern/kclock.o
                0x0000008004208a00                mc146818_read
                0x0000008004208a41                mc146818_write
 .text          0x0000008004208a88      0x25e obj/kern/picirq.o
                0x0000008004208a88                pic_init
                0x0000008004208bed                irq_setmask_8259A
 .text          0x0000008004208ce6      0x172 obj/kern/printf.o
                0x0000008004208d19                vcprintf
                0x0000008004208d7c                cprintf
 .text          0x0000008004208e58     0x3fc1 obj/kern/trap.o
                0x0000008004208f04                trap_init
                0x000000800420bae1                trap_init_percpu
                0x000000800420bee4                print_trapframe
                0x000000800420c1fa                print_regs
                0x000000800420c648                trap
                0x000000800420ca95                page_fault_handler
 *fill*         0x000000800420ce19        0x1 
 .text          0x000000800420ce1a      0x1c8 obj/kern/trapentry.o
                0x000000800420ce1a                ALV_DIVIDE
                0x000000800420ce24                ALV_DEBUG
                0x000000800420ce2e                ALV_NMI
                0x000000800420ce38                ALV_BRKPT
                0x000000800420ce42                ALV_OFLOW
                0x000000800420ce4c                ALV_BOUND
                0x000000800420ce56                ALV_ILLOP
                0x000000800420ce60                ALV_DEVICE
                0x000000800420ce6a                ALV_DBLFLT
                0x000000800420ce72                ALV_TSS
                0x000000800420ce7a                ALV_SEGNP
                0x000000800420ce82                ALV_STACK
                0x000000800420ce8a                ALV_GPFLT
                0x000000800420ce92                ALV_PGFLT
                0x000000800420ce96                ALV_FPERR
                0x000000800420ce9c                ALV_ALIGN
                0x000000800420cea2                ALV_MCHK
                0x000000800420cea8                ALV_SIMDERR
                0x000000800420ceae                ALV_SYSCALL
                0x000000800420ceb4                ALV_IRQ0
                0x000000800420ceba                ALV_IRQ1
                0x000000800420cec0                ALV_IRQ2
                0x000000800420cec6                ALV_IRQ3
                0x000000800420cecc                ALV_IRQ4
                0x000000800420ced2                ALV_IRQ5
                0x000000800420ced8                ALV_IRQ6
                0x000000800420cede                ALV_IRQ7
                0x000000800420cee4                ALV_IRQ8
                0x000000800420ceea                ALV_IRQ9
                0x000000800420cef0                ALV_IRQ10
                0x000000800420cef6                ALV_IRQ11
                0x000000800420cefc                ALV_IRQ12
                0x000000800420cf02                ALV_IRQ13
                0x000000800420cf08                ALV_IRQ14
                0x000000800420cf0e                ALV_IRQ15
                0x000000800420cf14                _alltraps
 .text          0x000000800420cfe2      0x3d2 obj/kern/sched.o
                0x000000800420d02e                sched_yield
                0x000000800420d18f                sched_halt
 .text          0x000000800420d3b4     0x105c obj/kern/syscall.o
                0x000000800420e21c                syscall
 .text          0x000000800420e410      0x95c obj/kern/kdebug.o
                0x000000800420e410                list_func_die
                0x000000800420e95b                debuginfo_rip
 .text          0x000000800420ed6c      0xa6d obj/kern/printfmt.o
                0x000000800420f03e                vprintfmt
                0x000000800420f549                printfmt
                0x000000800420f653                vsnprintf
                0x000000800420f6f4                snprintf
 .text          0x000000800420f7d9      0x15d obj/kern/readline.o
                0x000000800420f7d9                readline
 .text          0x000000800420f936      0x804 obj/kern/string.o
                0x000000800420f936                strlen
                0x000000800420f968                strnlen
                0x000000800420f9aa                strcpy
                0x000000800420f9f1                strcat
                0x000000800420fa44                strncpy
                0x000000800420faa8                strlcpy
                0x000000800420fb16                strcmp
                0x000000800420fb6d                strncmp
                0x000000800420fbe2                strchr
                0x000000800420fc22                strfind
                0x000000800420fc5e                memset
                0x000000800420fced                memmove
                0x000000800420fe08                memcpy
                0x000000800420fe40                memcmp
                0x000000800420feb8                memfind
                0x000000800420ff06                strtol
                0x000000800421009b                strstr
 .text          0x000000800421013a     0x1f63 obj/kern/libdwarf_rw.o
                0x000000800421013a                _dwarf_read_lsb
                0x0000008004210276                _dwarf_decode_lsb
                0x00000080042103a7                _dwarf_read_msb
                0x0000008004210568                _dwarf_decode_msb
                0x0000008004210726                _dwarf_read_sleb128
                0x00000080042107ce                _dwarf_read_uleb128
                0x0000008004210851                _dwarf_decode_sleb128
                0x00000080042108e7                _dwarf_decode_uleb128
                0x0000008004210958                _dwarf_read_string
                0x00000080042109eb                _dwarf_read_block
                0x0000008004210a38                _dwarf_elf_get_byte_order
                0x0000008004210aaa                _dwarf_elf_get_pointer_size
                0x0000008004210b18                _dwarf_init
                0x0000008004210bf8                _get_next_cu
                0x0000008004210d9a                print_cu
                0x0000008004210dd6                _dwarf_abbrev_parse
                0x0000008004211061                _dwarf_abbrev_find
                0x000000800421116f                _dwarf_attr_init
                0x0000008004211856                dwarf_search_die_within_cu
                0x0000008004211b35                dwarf_offdie
                0x0000008004211c1b                _dwarf_attr_find
                0x0000008004211cb2                dwarf_siblingof
                0x0000008004211eb8                dwarf_child
                0x000000800421203c                _dwarf_find_section_enhanced
 .text          0x000000800421209d     0x2671 obj/kern/libdwarf_frame.o
                0x000000800421209d                _dwarf_frame_params_init
                0x00000080042120e2                dwarf_get_fde_at_pc
                0x0000008004212225                _dwarf_frame_regtable_copy
                0x000000800421323c                _dwarf_frame_get_internal_table
                0x00000080042134d7                dwarf_get_fde_info_for_all_regs
                0x000000800421432c                _dwarf_frame_interal_table_init
                0x00000080042145f6                dwarf_set_frame_cfa_value
                0x000000800421462a                _dwarf_frame_section_load_eh
                0x000000800421466c                dwarf_init_eh_section
 .text          0x000000800421470e      0xd1c obj/kern/libdwarf_lineno.o
                0x0000008004214d11                _dwarf_lineno_init
                0x00000080042152a2                dwarf_srclines
 .text          0x000000800421542a      0xd50 obj/kern/elf_rw.o
                0x000000800421542a                _dwarf_find_section
                0x00000080042154ad                find_debug_sections
                0x000000800421577c                read_section_headers
                0x0000008004215ed9                readseg
                0x0000008004216042                waitdisk
                0x0000008004216074                readsect
 *fill*         0x000000800421617a        0x6 
 .text          0x0000008004216180       0xe7 obj/kern/mpentry.o
                0x0000008004216180                mpentry_start
                0x0000008004216266                mpentry_end
 .text          0x0000008004216267      0x7ea obj/kern/mpconfig.o
                0x000000800421674d                mp_init
 .text          0x0000008004216a51      0x49e obj/kern/lapic.o
                0x0000008004216a98                lapic_init
                0x0000008004216c97                cpunum
                0x0000008004216cd0                lapic_eoi
                0x0000008004216d15                lapic_startap
                0x0000008004216ea2                lapic_ipi
 .text          0x0000008004216eef      0x491 obj/kern/spinlock.o
                0x000000800421701b                __spin_initlock
                0x0000008004217054                spin_lock
                0x000000800421712f                spin_unlock
                0x0000008004217380                PROVIDE (etext = .)

.iplt           0x0000008004217380        0x0 load address 0x0000000000217380
 .iplt          0x0000008004217380        0x0 obj/kern/bootstrap.o

.rodata         0x0000008004217380     0x2e91 load address 0x0000000000217380
 *(EXCLUDE_FILE(obj/kern/bootstrap.o) .rodata .rodata.* .gnu.linkonce.r.*)
 .rodata        0x0000008004217380       0x94 obj/kern/init.o
 .rodata        0x0000008004217414       0x29 obj/kern/console.o
 *fill*         0x000000800421743d        0x3 
 .rodata        0x0000008004217440      0x291 obj/kern/monitor.o
 *fill*         0x00000080042176d1        0x7 
 .rodata        0x00000080042176d8     0x10bc obj/kern/pmap.o
 *fill*         0x0000008004218794        0x4 
 .rodata        0x0000008004218798       0xf0 obj/kern/env.o
 .rodata        0x0000008004218888       0x1a obj/kern/picirq.o
 *fill*         0x00000080042188a2       0x1e 
 .rodata        0x00000080042188c0      0x4e0 obj/kern/trap.o
 .rodata        0x0000008004218da0       0x61 obj/kern/sched.o
 *fill*         0x0000008004218e01        0x7 
 .rodata        0x0000008004218e08      0x378 obj/kern/syscall.o
 .rodata        0x0000008004219180      0x390 obj/kern/kdebug.o
 *fill*         0x0000008004219510       0x10 
 .rodata        0x0000008004219520      0x4a0 obj/kern/printfmt.o
 .rodata        0x00000080042199c0       0x13 obj/kern/readline.o
 *fill*         0x00000080042199d3        0x5 
 .rodata        0x00000080042199d8      0x1ab obj/kern/libdwarf_rw.o
 *fill*         0x0000008004219b83        0x5 
 .rodata        0x0000008004219b88      0x200 obj/kern/libdwarf_frame.o
 .rodata        0x0000008004219d88       0xc3 obj/kern/libdwarf_lineno.o
 .rodata        0x0000008004219e4b       0xa4 obj/kern/elf_rw.o
 *fill*         0x0000008004219eef        0x1 
 .rodata        0x0000008004219ef0      0x1f9 obj/kern/mpconfig.o
 *fill*         0x000000800421a0e9        0x7 
 .rodata        0x000000800421a0f0       0x30 obj/kern/lapic.o
 .rodata        0x000000800421a120       0xf1 obj/kern/spinlock.o

.rela.dyn       0x000000800421a218        0x0 load address 0x000000000021a218
 .rela.got      0x000000800421a218        0x0 obj/kern/bootstrap.o
 .rela.iplt     0x000000800421a218        0x0 obj/kern/bootstrap.o
 .rela.text     0x000000800421a218        0x0 obj/kern/bootstrap.o
 .rela.data     0x000000800421a218        0x0 obj/kern/bootstrap.o
                0x000000800421b000                . = ALIGN (0x1000)

.data           0x000000800421b000   0x42e008 load address 0x000000000021b000
 *(EXCLUDE_FILE(obj/kern/bootstrap.o) .data)
 .data          0x000000800421b000    0x10042 obj/kern/entry.o
                0x000000800421b000                bootstack
                0x000000800422b000                kernel_64
                0x000000800422b000                bootstacktop
                0x000000800422b038                gdtdesc_64
 .data          0x000000800422b042        0x0 obj/kern/init.o
 *fill*         0x000000800422b042       0x1e 
 .data          0x000000800422b060      0x520 obj/kern/console.o
 .data          0x000000800422b580       0x48 obj/kern/monitor.o
 .data          0x000000800422b5c8        0x8 obj/kern/pmap.o
 *fill*         0x000000800422b5d0       0x10 
 .data          0x000000800422b5e0       0xb2 obj/kern/env.o
                0x000000800422b5e0                gdt
                0x000000800422b688                gdt_pd
 .data          0x000000800422b692        0x0 obj/kern/kclock.o
 .data          0x000000800422b692        0x2 obj/kern/picirq.o
                0x000000800422b692                irq_mask_8259A
 .data          0x000000800422b694        0x0 obj/kern/printf.o
 .data          0x000000800422b694        0x0 obj/kern/trap.o
 .data          0x000000800422b694        0x0 obj/kern/trapentry.o
 .data          0x000000800422b694        0x0 obj/kern/sched.o
 .data          0x000000800422b694        0x0 obj/kern/syscall.o
 *fill*         0x000000800422b694        0x4 
 .data          0x000000800422b698        0x8 obj/kern/kdebug.o
                0x000000800422b698                dbg
 .data          0x000000800422b6a0        0x0 obj/kern/printfmt.o
 .data          0x000000800422b6a0        0x0 obj/kern/readline.o
 .data          0x000000800422b6a0        0x0 obj/kern/string.o
 .data          0x000000800422b6a0        0x0 obj/kern/libdwarf_rw.o
 .data          0x000000800422b6a0       0x24 obj/kern/libdwarf_frame.o
                0x000000800422b6a0                debug_frame_sec
                0x000000800422b6c0                is_eh_frame
 .data          0x000000800422b6c4        0x0 obj/kern/libdwarf_lineno.o
 *fill*         0x000000800422b6c4       0x1c 
 .data          0x000000800422b6e0       0xa0 obj/kern/elf_rw.o
                0x000000800422b6e0                section_info
 .data          0x000000800422b780        0x0 obj/kern/mpentry.o
 .data          0x000000800422b780        0x0 obj/kern/mpconfig.o
 .data          0x000000800422b780        0x0 obj/kern/lapic.o
 .data          0x000000800422b780       0x68 obj/kern/spinlock.o
                0x000000800422b780                kernel_lock
 .data          0x000000800422b7e8    0x16ad0 obj/user/hello
                0x000000800422b7e8                _binary_obj_user_hello_start
                0x00000080042422b8                _binary_obj_user_hello_end
 .data          0x00000080042422b8    0x16ac0 obj/user/buggyhello
                0x00000080042422b8                _binary_obj_user_buggyhello_start
                0x0000008004258d78                _binary_obj_user_buggyhello_end
 .data          0x0000008004258d78    0x16b18 obj/user/buggyhello2
                0x0000008004258d78                _binary_obj_user_buggyhello2_start
                0x000000800426f890                _binary_obj_user_buggyhello2_end
 .data          0x000000800426f890    0x16ac0 obj/user/evilhello
                0x000000800426f890                _binary_obj_user_evilhello_start
                0x0000008004286350                _binary_obj_user_evilhello_end
 .data          0x0000008004286350    0x16bf0 obj/user/testbss
                0x0000008004286350                _binary_obj_user_testbss_start
                0x000000800429cf40                _binary_obj_user_testbss_end
 .data          0x000000800429cf40    0x16b18 obj/user/divzero
                0x000000800429cf40                _binary_obj_user_divzero_start
                0x00000080042b3a58                _binary_obj_user_divzero_end
 .data          0x00000080042b3a58    0x16a90 obj/user/breakpoint
                0x00000080042b3a58                _binary_obj_user_breakpoint_start
                0x00000080042ca4e8                _binary_obj_user_breakpoint_end
 .data          0x00000080042ca4e8    0x16a80 obj/user/softint
                0x00000080042ca4e8                _binary_obj_user_softint_start
                0x00000080042e0f68                _binary_obj_user_softint_end
 .data          0x00000080042e0f68    0x16a90 obj/user/badsegment
                0x00000080042e0f68                _binary_obj_user_badsegment_start
                0x00000080042f79f8                _binary_obj_user_badsegment_end
 .data          0x00000080042f79f8    0x16ad0 obj/user/faultread
                0x00000080042f79f8                _binary_obj_user_faultread_start
                0x000000800430e4c8                _binary_obj_user_faultread_end
 .data          0x000000800430e4c8    0x16ae8 obj/user/faultreadkernel
                0x000000800430e4c8                _binary_obj_user_faultreadkernel_start
                0x0000008004324fb0                _binary_obj_user_faultreadkernel_end
 .data          0x0000008004324fb0    0x16a90 obj/user/faultwrite
                0x0000008004324fb0                _binary_obj_user_faultwrite_start
                0x000000800433ba40                _binary_obj_user_faultwrite_end
 .data          0x000000800433ba40    0x16aa8 obj/user/faultwritekernel
                0x000000800433ba40                _binary_obj_user_faultwritekernel_start
                0x00000080043524e8                _binary_obj_user_faultwritekernel_end
 .data          0x00000080043524e8    0x16aa0 obj/user/idle
                0x00000080043524e8                _binary_obj_user_idle_start
                0x0000008004368f88                _binary_obj_user_idle_end
 .data          0x0000008004368f88    0x16b40 obj/user/yield
                0x0000008004368f88                _binary_obj_user_yield_start
                0x000000800437fac8                _binary_obj_user_yield_end
 .data          0x000000800437fac8    0x17108 obj/user/dumbfork
                0x000000800437fac8                _binary_obj_user_dumbfork_start
                0x0000008004396bd0                _binary_obj_user_dumbfork_end
 .data          0x0000008004396bd0    0x18ed8 obj/user/stresssched
                0x0000008004396bd0                _binary_obj_user_stresssched_start
                0x00000080043afaa8                _binary_obj_user_stresssched_end
 .data          0x00000080043afaa8    0x17a20 obj/user/faultdie
                0x00000080043afaa8                _binary_obj_user_faultdie_start
                0x00000080043c74c8                _binary_obj_user_faultdie_end
 .data          0x00000080043c74c8    0x18f60 obj/user/faultregs
                0x00000080043c74c8                _binary_obj_user_faultregs_start
                0x00000080043e0428                _binary_obj_user_faultregs_end
 .data          0x00000080043e0428    0x17aa0 obj/user/faultalloc
                0x00000080043e0428                _binary_obj_user_faultalloc_start
                0x00000080043f7ec8                _binary_obj_user_faultalloc_end
 .data          0x00000080043f7ec8    0x17aa8 obj/user/faultallocbad
                0x00000080043f7ec8                _binary_obj_user_faultallocbad_start
                0x000000800440f970                _binary_obj_user_faultallocbad_end
 .data          0x000000800440f970    0x17850 obj/user/faultnostack
                0x000000800440f970                _binary_obj_user_faultnostack_start
                0x00000080044271c0                _binary_obj_user_faultnostack_end
 .data          0x00000080044271c0    0x16b08 obj/user/faultbadhandler
                0x00000080044271c0                _binary_obj_user_faultbadhandler_start
                0x000000800443dcc8                _binary_obj_user_faultbadhandler_end
 .data          0x000000800443dcc8    0x16b08 obj/user/faultevilhandler
                0x000000800443dcc8                _binary_obj_user_faultevilhandler_start
                0x00000080044547d0                _binary_obj_user_faultevilhandler_end
 .data          0x00000080044547d0    0x18f90 obj/user/forktree
                0x00000080044547d0                _binary_obj_user_forktree_start
                0x000000800446d760                _binary_obj_user_forktree_end
 .data          0x000000800446d760    0x19f18 obj/user/sendpage
                0x000000800446d760                _binary_obj_user_sendpage_start
                0x0000008004487678                _binary_obj_user_sendpage_end
 .data          0x0000008004487678    0x18dd8 obj/user/spin
                0x0000008004487678                _binary_obj_user_spin_start
                0x00000080044a0450                _binary_obj_user_spin_end
 .data          0x00000080044a0450    0x16b70 obj/user/fairness
                0x00000080044a0450                _binary_obj_user_fairness_start
                0x00000080044b6fc0                _binary_obj_user_fairness_end
 .data          0x00000080044b6fc0    0x18e00 obj/user/pingpong
                0x00000080044b6fc0                _binary_obj_user_pingpong_start
                0x00000080044cfdc0                _binary_obj_user_pingpong_end
 .data          0x00000080044cfdc0    0x16bb8 obj/user/pingpongs
                0x00000080044cfdc0                _binary_obj_user_pingpongs_start
                0x00000080044e6978                _binary_obj_user_pingpongs_end
 .data          0x00000080044e6978    0x18f10 obj/user/primes
                0x00000080044e6978                _binary_obj_user_primes_start
                0x00000080044ff888                _binary_obj_user_primes_end
 .data          0x00000080044ff888    0x17458 obj/user/testfilero
                0x00000080044ff888                _binary_obj_user_testfilero_start
                0x0000008004516ce0                _binary_obj_user_testfilero_end
 .data          0x0000008004516ce0    0x19980 obj/user/spawnhello
                0x0000008004516ce0                _binary_obj_user_spawnhello_start
                0x0000008004530660                _binary_obj_user_spawnhello_end
 .data          0x0000008004530660    0x19a90 obj/user/icode
                0x0000008004530660                _binary_obj_user_icode_start
                0x000000800454a0f0                _binary_obj_user_icode_end
 .data          0x000000800454a0f0    0x27d40 obj/fs/fs
                0x000000800454a0f0                _binary_obj_fs_fs_start
                0x0000008004571e30                _binary_obj_fs_fs_end
 .data          0x0000008004571e30    0x1da18 obj/user/testpteshare
                0x0000008004571e30                _binary_obj_user_testpteshare_start
                0x000000800458f848                _binary_obj_user_testpteshare_end
 .data          0x000000800458f848    0x1ac00 obj/user/testfdsharing
                0x000000800458f848                _binary_obj_user_testfdsharing_start
                0x00000080045aa448                _binary_obj_user_testfdsharing_end
 .data          0x00000080045aa448    0x1ac70 obj/user/testpipe
                0x00000080045aa448                _binary_obj_user_testpipe_start
                0x00000080045c50b8                _binary_obj_user_testpipe_end
 .data          0x00000080045c50b8    0x1a050 obj/user/testpiperace
                0x00000080045c50b8                _binary_obj_user_testpiperace_start
                0x00000080045df108                _binary_obj_user_testpiperace_end
 .data          0x00000080045df108    0x1a000 obj/user/testpiperace2
                0x00000080045df108                _binary_obj_user_testpiperace2_start
                0x00000080045f9108                _binary_obj_user_testpiperace2_end
 .data          0x00000080045f9108    0x1a078 obj/user/primespipe
                0x00000080045f9108                _binary_obj_user_primespipe_start
                0x0000008004613180                _binary_obj_user_primespipe_end
 .data          0x0000008004613180    0x18208 obj/user/testkbd
                0x0000008004613180                _binary_obj_user_testkbd_start
                0x000000800462b388                _binary_obj_user_testkbd_end
 .data          0x000000800462b388    0x1dc80 obj/user/testshell
                0x000000800462b388                _binary_obj_user_testshell_start
                0x0000008004649008                _binary_obj_user_testshell_end
                0x0000008004649008                PROVIDE (edata = .)

.got            0x0000008004649008        0x0 load address 0x0000000000649008
 .got           0x0000008004649008        0x0 obj/kern/bootstrap.o

.got.plt        0x0000008004649008        0x0 load address 0x0000000000649008
 .got.plt       0x0000008004649008        0x0 obj/kern/bootstrap.o

.igot.plt       0x0000008004649008        0x0 load address 0x0000000000649008
 .igot.plt      0x0000008004649008        0x0 obj/kern/bootstrap.o

.bss            0x000000800464a000    0x84010 load address 0x000000000064a000
 *(EXCLUDE_FILE(obj/kern/bootstrap.o) .bss)
 .bss           0x000000800464a000        0x0 obj/kern/entry.o
 .bss           0x000000800464a000        0x0 obj/kern/init.o
 .bss           0x000000800464a000      0x22c obj/kern/console.o
 .bss           0x000000800464a22c        0x0 obj/kern/monitor.o
 *fill*         0x000000800464a22c        0x4 
 .bss           0x000000800464a230       0x20 obj/kern/pmap.o
 .bss           0x000000800464a250       0x10 obj/kern/env.o
                0x000000800464a250                envs
 .bss           0x000000800464a260        0x0 obj/kern/kclock.o
 .bss           0x000000800464a260        0x1 obj/kern/picirq.o
 .bss           0x000000800464a261        0x0 obj/kern/printf.o
 *fill*         0x000000800464a261       0x1f 
 .bss           0x000000800464a280     0x1090 obj/kern/trap.o
                0x000000800464a280                idt
                0x000000800464b280                idt_pd
 .bss           0x000000800464b310        0x0 obj/kern/trapentry.o
 .bss           0x000000800464b310        0x0 obj/kern/sched.o
 .bss           0x000000800464b310        0x0 obj/kern/syscall.o
 .bss           0x000000800464b310        0x8 obj/kern/kdebug.o
 .bss           0x000000800464b318        0x0 obj/kern/printfmt.o
 *fill*         0x000000800464b318        0x8 
 .bss           0x000000800464b320      0x400 obj/kern/readline.o
 .bss           0x000000800464b720        0x0 obj/kern/string.o
 .bss           0x000000800464b720        0x0 obj/kern/libdwarf_rw.o
 .bss           0x000000800464b720       0x68 obj/kern/libdwarf_frame.o
                0x000000800464b720                global_rt_table
                0x000000800464b760                global_rt_table_shadow
 .bss           0x000000800464b788        0x0 obj/kern/libdwarf_lineno.o
 .bss           0x000000800464b788        0x0 obj/kern/elf_rw.o
 .bss           0x000000800464b788        0x0 obj/kern/mpentry.o
 .bss           0x000000800464b788        0x0 obj/kern/mpconfig.o
 .bss           0x000000800464b788        0x0 obj/kern/lapic.o
 .bss           0x000000800464b788        0x0 obj/kern/spinlock.o
 COMMON         0x000000800464b788       0x18 obj/kern/init.o
                0x000000800464b788                end_debug
                0x000000800464b790                panicstr
                0x000000800464b798                mpentry_kstack
 COMMON         0x000000800464b7a0       0x20 obj/kern/pmap.o
                0x000000800464b7a0                boot_cr3
                0x000000800464b7a8                boot_pml4e
                0x000000800464b7b0                npages
                0x000000800464b7b8                pages
 COMMON         0x000000800464b7c0       0x58 obj/kern/kdebug.o
                0x000000800464b7c0                mydebug
 *fill*         0x000000800464b818        0x8 
 COMMON         0x000000800464b820      0xc70 obj/kern/libdwarf_frame.o
                0x000000800464b820                global_rules_shadow
                0x000000800464be60                global_rules
 *fill*         0x000000800464c490       0x10 
 COMMON         0x000000800464c4a0      0x200 obj/kern/libdwarf_lineno.o
                0x000000800464c4a0                global_std_op
 *fill*         0x000000800464c6a0      0x960 
 COMMON         0x000000800464d000    0x81000 obj/kern/mpconfig.o
                0x000000800464d000                ismp
                0x000000800464d020                cpus
                0x000000800464d3e0                bootcpu
                0x000000800464d3e8                ncpu
                0x000000800464e000                percpu_kstacks
 COMMON         0x00000080046ce000       0x10 obj/kern/lapic.o
                0x00000080046ce000                lapicaddr
                0x00000080046ce008                lapic
                0x00000080046ce010                PROVIDE (end = .)

.debug
 *(.debug)

.line
 *(.line)

.debug_srcinfo
 *(.debug_srcinfo)

.debug_sfnames
 *(.debug_sfnames)

.debug_aranges  0x0000000000000000      0x4e0
 *(.debug_aranges)
 .debug_aranges
                0x0000000000000000       0x30 obj/kern/bootstrap.o
 .debug_aranges
                0x0000000000000030       0x30 obj/kern/entry.o
 .debug_aranges
                0x0000000000000060       0x30 obj/kern/init.o
 .debug_aranges
                0x0000000000000090       0x30 obj/kern/console.o
 .debug_aranges
                0x00000000000000c0       0x30 obj/kern/monitor.o
 .debug_aranges
                0x00000000000000f0       0x30 obj/kern/pmap.o
 .debug_aranges
                0x0000000000000120       0x30 obj/kern/env.o
 .debug_aranges
                0x0000000000000150       0x30 obj/kern/kclock.o
 .debug_aranges
                0x0000000000000180       0x30 obj/kern/picirq.o
 .debug_aranges
                0x00000000000001b0       0x30 obj/kern/printf.o
 .debug_aranges
                0x00000000000001e0       0x30 obj/kern/trap.o
 .debug_aranges
                0x0000000000000210       0x30 obj/kern/trapentry.o
 .debug_aranges
                0x0000000000000240       0x30 obj/kern/sched.o
 .debug_aranges
                0x0000000000000270       0x30 obj/kern/syscall.o
 .debug_aranges
                0x00000000000002a0       0x30 obj/kern/kdebug.o
 .debug_aranges
                0x00000000000002d0       0x30 obj/kern/printfmt.o
 .debug_aranges
                0x0000000000000300       0x30 obj/kern/readline.o
 .debug_aranges
                0x0000000000000330       0x30 obj/kern/string.o
 .debug_aranges
                0x0000000000000360       0x30 obj/kern/libdwarf_rw.o
 .debug_aranges
                0x0000000000000390       0x30 obj/kern/libdwarf_frame.o
 .debug_aranges
                0x00000000000003c0       0x30 obj/kern/libdwarf_lineno.o
 .debug_aranges
                0x00000000000003f0       0x30 obj/kern/elf_rw.o
 .debug_aranges
                0x0000000000000420       0x30 obj/kern/mpentry.o
 .debug_aranges
                0x0000000000000450       0x30 obj/kern/mpconfig.o
 .debug_aranges
                0x0000000000000480       0x30 obj/kern/lapic.o
 .debug_aranges
                0x00000000000004b0       0x30 obj/kern/spinlock.o

.debug_pubnames
 *(.debug_pubnames)

.debug_info     0x0000000000000000    0x14ada
 *(.debug_info .gnu.linkonce.wi.*)
 .debug_info    0x0000000000000000       0x2e obj/kern/bootstrap.o
 .debug_info    0x000000000000002e       0x2e obj/kern/entry.o
 .debug_info    0x000000000000005c     0x1006 obj/kern/init.o
 .debug_info    0x0000000000001062      0xd91 obj/kern/console.o
 .debug_info    0x0000000000001df3      0xa89 obj/kern/monitor.o
 .debug_info    0x000000000000287c     0x3795 obj/kern/pmap.o
 .debug_info    0x0000000000006011     0x1728 obj/kern/env.o
 .debug_info    0x0000000000007739      0x1ec obj/kern/kclock.o
 .debug_info    0x0000000000007925      0x47b obj/kern/picirq.o
 .debug_info    0x0000000000007da0      0x24a obj/kern/printf.o
 .debug_info    0x0000000000007fea     0x174f obj/kern/trap.o
 .debug_info    0x0000000000009739       0x2e obj/kern/trapentry.o
 .debug_info    0x0000000000009767      0xb09 obj/kern/sched.o
 .debug_info    0x000000000000a270     0x1450 obj/kern/syscall.o
 .debug_info    0x000000000000b6c0     0x1625 obj/kern/kdebug.o
 .debug_info    0x000000000000cce5      0x6d4 obj/kern/printfmt.o
 .debug_info    0x000000000000d3b9      0x1ea obj/kern/readline.o
 .debug_info    0x000000000000d5a3      0x731 obj/kern/string.o
 .debug_info    0x000000000000dcd4     0x182b obj/kern/libdwarf_rw.o
 .debug_info    0x000000000000f4ff     0x15b0 obj/kern/libdwarf_frame.o
 .debug_info    0x0000000000010aaf     0x1032 obj/kern/libdwarf_lineno.o
 .debug_info    0x0000000000011ae1      0xb85 obj/kern/elf_rw.o
 .debug_info    0x0000000000012666       0x2e obj/kern/mpentry.o
 .debug_info    0x0000000000012694      0xe52 obj/kern/mpconfig.o
 .debug_info    0x00000000000134e6      0xa95 obj/kern/lapic.o
 .debug_info    0x0000000000013f7b      0xb5f obj/kern/spinlock.o

.debug_abbrev   0x0000000000000000     0x3282
 *(.debug_abbrev)
 .debug_abbrev  0x0000000000000000       0x14 obj/kern/bootstrap.o
 .debug_abbrev  0x0000000000000014       0x14 obj/kern/entry.o
 .debug_abbrev  0x0000000000000028      0x302 obj/kern/init.o
 .debug_abbrev  0x000000000000032a      0x2bd obj/kern/console.o
 .debug_abbrev  0x00000000000005e7      0x22f obj/kern/monitor.o
 .debug_abbrev  0x0000000000000816      0x381 obj/kern/pmap.o
 .debug_abbrev  0x0000000000000b97      0x37f obj/kern/env.o
 .debug_abbrev  0x0000000000000f16      0x10f obj/kern/kclock.o
 .debug_abbrev  0x0000000000001025      0x107 obj/kern/picirq.o
 .debug_abbrev  0x000000000000112c      0x107 obj/kern/printf.o
 .debug_abbrev  0x0000000000001233      0x381 obj/kern/trap.o
 .debug_abbrev  0x00000000000015b4       0x14 obj/kern/trapentry.o
 .debug_abbrev  0x00000000000015c8      0x242 obj/kern/sched.o
 .debug_abbrev  0x000000000000180a      0x284 obj/kern/syscall.o
 .debug_abbrev  0x0000000000001a8e      0x2af obj/kern/kdebug.o
 .debug_abbrev  0x0000000000001d3d      0x238 obj/kern/printfmt.o
 .debug_abbrev  0x0000000000001f75       0xd8 obj/kern/readline.o
 .debug_abbrev  0x000000000000204d      0x13f obj/kern/string.o
 .debug_abbrev  0x000000000000218c      0x240 obj/kern/libdwarf_rw.o
 .debug_abbrev  0x00000000000023cc      0x281 obj/kern/libdwarf_frame.o
 .debug_abbrev  0x000000000000264d      0x2cb obj/kern/libdwarf_lineno.o
 .debug_abbrev  0x0000000000002918      0x229 obj/kern/elf_rw.o
 .debug_abbrev  0x0000000000002b41       0x14 obj/kern/mpentry.o
 .debug_abbrev  0x0000000000002b55      0x283 obj/kern/mpconfig.o
 .debug_abbrev  0x0000000000002dd8      0x227 obj/kern/lapic.o
 .debug_abbrev  0x0000000000002fff      0x283 obj/kern/spinlock.o

.debug_line     0x0000000000000000     0x6e1a
 *(.debug_line)
 .debug_line    0x0000000000000000       0x98 obj/kern/bootstrap.o
 .debug_line    0x0000000000000098       0x51 obj/kern/entry.o
 .debug_line    0x00000000000000e9      0x287 obj/kern/init.o
 .debug_line    0x0000000000000370      0x4ca obj/kern/console.o
 .debug_line    0x000000000000083a      0x252 obj/kern/monitor.o
 .debug_line    0x0000000000000a8c     0x1642 obj/kern/pmap.o
 .debug_line    0x00000000000020ce      0x61d obj/kern/env.o
 .debug_line    0x00000000000026eb       0x9e obj/kern/kclock.o
 .debug_line    0x0000000000002789      0x146 obj/kern/picirq.o
 .debug_line    0x00000000000028cf       0xa1 obj/kern/printf.o
 .debug_line    0x0000000000002970      0x846 obj/kern/trap.o
 .debug_line    0x00000000000031b6       0x7c obj/kern/trapentry.o
 .debug_line    0x0000000000003232      0x228 obj/kern/sched.o
 .debug_line    0x000000000000345a      0x4c1 obj/kern/syscall.o
 .debug_line    0x000000000000391b      0x311 obj/kern/kdebug.o
 .debug_line    0x0000000000003c2c      0x32a obj/kern/printfmt.o
 .debug_line    0x0000000000003f56       0xce obj/kern/readline.o
 .debug_line    0x0000000000004024      0x489 obj/kern/string.o
 .debug_line    0x00000000000044ad      0xaf8 obj/kern/libdwarf_rw.o
 .debug_line    0x0000000000004fa5      0xd6a obj/kern/libdwarf_frame.o
 .debug_line    0x0000000000005d0f      0x443 obj/kern/libdwarf_lineno.o
 .debug_line    0x0000000000006152      0x48b obj/kern/elf_rw.o
 .debug_line    0x00000000000065dd       0x76 obj/kern/mpentry.o
 .debug_line    0x0000000000006653      0x35c obj/kern/mpconfig.o
 .debug_line    0x00000000000069af      0x223 obj/kern/lapic.o
 .debug_line    0x0000000000006bd2      0x248 obj/kern/spinlock.o

.debug_frame
 *(.debug_frame)

.debug_str      0x0000000000000000     0x2add
 *(.debug_str)
 .debug_str     0x0000000000000000       0x2e obj/kern/bootstrap.o
 .debug_str     0x000000000000002e        0xd obj/kern/entry.o
                                         0x2a (size before relaxing)
 .debug_str     0x000000000000003b      0x7bf obj/kern/init.o
                                        0x8a1 (size before relaxing)
 .debug_str     0x00000000000007fa      0x13e obj/kern/console.o
                                        0x324 (size before relaxing)
 .debug_str     0x0000000000000938      0x154 obj/kern/monitor.o
                                        0x50b (size before relaxing)
 .debug_str     0x0000000000000a8c      0x534 obj/kern/pmap.o
                                        0xb99 (size before relaxing)
 .debug_str     0x0000000000000fc0      0x1ed obj/kern/env.o
                                        0x9eb (size before relaxing)
 .debug_str     0x00000000000011ad       0x23 obj/kern/kclock.o
                                        0x1b6 (size before relaxing)
 .debug_str     0x00000000000011d0       0x1b obj/kern/picirq.o
                                        0x1f2 (size before relaxing)
 .debug_str     0x00000000000011eb       0x18 obj/kern/printf.o
                                        0x219 (size before relaxing)
 .debug_str     0x0000000000001203      0x299 obj/kern/trap.o
                                        0xa43 (size before relaxing)
 .debug_str     0x000000000000149c       0x11 obj/kern/trapentry.o
                                         0x2e (size before relaxing)
 .debug_str     0x00000000000014ad       0x1d obj/kern/sched.o
                                        0x6a0 (size before relaxing)
 .debug_str     0x00000000000014ca      0x216 obj/kern/syscall.o
                                        0xa03 (size before relaxing)
 .debug_str     0x00000000000016e0      0x838 obj/kern/kdebug.o
                                        0xf5f (size before relaxing)
 .debug_str     0x0000000000001f18       0x97 obj/kern/printfmt.o
                                        0x37e (size before relaxing)
 .debug_str     0x0000000000001faf       0x1e obj/kern/readline.o
                                        0x220 (size before relaxing)
 .debug_str     0x0000000000001fcd       0x6b obj/kern/string.o
                                        0x244 (size before relaxing)
 .debug_str     0x0000000000002038      0x228 obj/kern/libdwarf_rw.o
                                        0xc87 (size before relaxing)
 .debug_str     0x0000000000002260      0x435 obj/kern/libdwarf_frame.o
                                        0xc35 (size before relaxing)
 .debug_str     0x0000000000002695      0x1ae obj/kern/libdwarf_lineno.o
                                        0xc5a (size before relaxing)
 .debug_str     0x0000000000002843      0x17a obj/kern/elf_rw.o
                                        0x4ec (size before relaxing)
 .debug_str     0x00000000000029bd        0xf obj/kern/mpentry.o
                                         0x2c (size before relaxing)
 .debug_str     0x00000000000029cc       0xa4 obj/kern/mpconfig.o
                                        0x656 (size before relaxing)
 .debug_str     0x0000000000002a70       0x36 obj/kern/lapic.o
                                        0x5c0 (size before relaxing)
 .debug_str     0x0000000000002aa6       0x37 obj/kern/spinlock.o
                                        0x65b (size before relaxing)

.debug_loc      0x0000000000000000     0x4cb4
 *(.debug_loc)
 .debug_loc     0x0000000000000000      0x204 obj/kern/init.o
 .debug_loc     0x0000000000000204      0x6c0 obj/kern/console.o
 .debug_loc     0x00000000000008c4      0x1e0 obj/kern/monitor.o
 .debug_loc     0x0000000000000aa4      0xb40 obj/kern/pmap.o
 .debug_loc     0x00000000000015e4      0x5d8 obj/kern/env.o
 .debug_loc     0x0000000000001bbc       0xc0 obj/kern/kclock.o
 .debug_loc     0x0000000000001c7c       0xc0 obj/kern/picirq.o
 .debug_loc     0x0000000000001d3c      0x120 obj/kern/printf.o
 .debug_loc     0x0000000000001e5c      0x3ac obj/kern/trap.o
 .debug_loc     0x0000000000002208      0x180 obj/kern/sched.o
 .debug_loc     0x0000000000002388      0x58c obj/kern/syscall.o
 .debug_loc     0x0000000000002914       0xc0 obj/kern/kdebug.o
 .debug_loc     0x00000000000029d4      0x300 obj/kern/printfmt.o
 .debug_loc     0x0000000000002cd4       0x60 obj/kern/readline.o
 .debug_loc     0x0000000000002d34      0x660 obj/kern/string.o
 .debug_loc     0x0000000000003394      0x900 obj/kern/libdwarf_rw.o
 .debug_loc     0x0000000000003c94      0x5a0 obj/kern/libdwarf_frame.o
 .debug_loc     0x0000000000004234      0x180 obj/kern/libdwarf_lineno.o
 .debug_loc     0x00000000000043b4      0x240 obj/kern/elf_rw.o
 .debug_loc     0x00000000000045f4      0x1e0 obj/kern/mpconfig.o
 .debug_loc     0x00000000000047d4      0x2a0 obj/kern/lapic.o
 .debug_loc     0x0000000000004a74      0x240 obj/kern/spinlock.o

.comment        0x0000000000000000       0x2a
 .comment       0x0000000000000000       0x2a obj/kern/init.o
                                         0x2b (size before relaxing)
 .comment       0x000000000000002a       0x2b obj/kern/console.o
 .comment       0x000000000000002a       0x2b obj/kern/monitor.o
 .comment       0x000000000000002a       0x2b obj/kern/pmap.o
 .comment       0x000000000000002a       0x2b obj/kern/env.o
 .comment       0x000000000000002a       0x2b obj/kern/kclock.o
 .comment       0x000000000000002a       0x2b obj/kern/picirq.o
 .comment       0x000000000000002a       0x2b obj/kern/printf.o
 .comment       0x000000000000002a       0x2b obj/kern/trap.o
 .comment       0x000000000000002a       0x2b obj/kern/sched.o
 .comment       0x000000000000002a       0x2b obj/kern/syscall.o
 .comment       0x000000000000002a       0x2b obj/kern/kdebug.o
 .comment       0x000000000000002a       0x2b obj/kern/printfmt.o
 .comment       0x000000000000002a       0x2b obj/kern/readline.o
 .comment       0x000000000000002a       0x2b obj/kern/string.o
 .comment       0x000000000000002a       0x2b obj/kern/libdwarf_rw.o
 .comment       0x000000000000002a       0x2b obj/kern/libdwarf_frame.o
 .comment       0x000000000000002a       0x2b obj/kern/libdwarf_lineno.o
 .comment       0x000000000000002a       0x2b obj/kern/elf_rw.o
 .comment       0x000000000000002a       0x2b obj/kern/mpconfig.o
 .comment       0x000000000000002a       0x2b obj/kern/lapic.o
 .comment       0x000000000000002a       0x2b obj/kern/spinlock.o

.debug_macinfo
 *(.debug_macinfo)

.debug_weaknames
 *(.debug_weaknames)

.debug_funcnames
 *(.debug_funcnames)

.debug_typenames
 *(.debug_typenames)

.debug_varnames
 *(.debug_varnames)

/DISCARD/
 *(.eh_frame .note.GNU-stack)
LOAD obj/kern/bootstrap.o
LOAD obj/kern/entry.o
LOAD obj/kern/init.o
LOAD obj/kern/console.o
LOAD obj/kern/monitor.o
LOAD obj/kern/pmap.o
LOAD obj/kern/env.o
LOAD obj/kern/kclock.o
LOAD obj/kern/picirq.o
LOAD obj/kern/printf.o
LOAD obj/kern/trap.o
LOAD obj/kern/trapentry.o
LOAD obj/kern/sched.o
LOAD obj/kern/syscall.o
LOAD obj/kern/kdebug.o
LOAD obj/kern/printfmt.o
LOAD obj/kern/readline.o
LOAD obj/kern/string.o
LOAD obj/kern/libdwarf_rw.o
LOAD obj/kern/libdwarf_frame.o
LOAD obj/kern/libdwarf_lineno.o
LOAD obj/kern/elf_rw.o
LOAD obj/kern/mpentry.o
LOAD obj/kern/mpconfig.o
LOAD obj/kern/lapic.o
LOAD obj/kern/spinlock.o
LOAD /usr/lib/gcc/x86_64-linux-gnu/9/libgcc.a
TARGET(binary)
LOAD obj/user/hello
LOAD obj/user/buggyhello
LOAD obj/user/buggyhello2
LOAD obj/user/evilhello
LOAD obj/user/testbss
LOAD obj/user/divzero
LOAD obj/user/breakpoint
LOAD obj/user/softint
LOAD obj/user/badsegment
LOAD obj/user/faultread
LOAD obj/user/faultreadkernel
LOAD obj/user/faultwrite
LOAD obj/user/faultwritekernel
LOAD obj/user/idle
LOAD obj/user/yield
LOAD obj/user/dumbfork
LOAD obj/user/stresssched
LOAD obj/user/faultdie
LOAD obj/user/faultregs
LOAD obj/user/faultalloc
LOAD obj/user/faultallocbad
LOAD obj/user/faultnostack
LOAD obj/user/faultbadhandler
LOAD obj/user/faultevilhandler
LOAD obj/user/forktree
LOAD obj/user/sendpage
LOAD obj/user/spin
LOAD obj/user/fairness
LOAD obj/user/pingpong
LOAD obj/user/pingpongs
LOAD obj/user/primes
LOAD obj/user/testfilero
LOAD obj/user/spawnhello
LOAD obj/user/icode
LOAD obj/fs/fs
LOAD obj/user/testpteshare
LOAD obj/user/testfdsharing
LOAD obj/user/testpipe
LOAD obj/user/testpiperace
LOAD obj/user/testpiperace2
LOAD obj/user/primespipe
LOAD obj/user/testkbd
LOAD obj/user/testshell
OUTPUT(obj/kern/kernel elf64-x86-64)

.debug_ranges   0x0000000000000000       0x60
 .debug_ranges  0x0000000000000000       0x30 obj/kern/pmap.o
 .debug_ranges  0x0000000000000030       0x30 obj/kern/string.o
